{
    "Custom mapping - TSV": {
        "content": [
            {
                "0": [
                    
                ],
                "1": [
                    [
                        "test",
                        "failure_reason.txt:md5,0eea8256c81d0362f3f10979ab2de23e"
                    ]
                ],
                "2": [
                    
                ],
                "3": [
                    [
                        "test",
                        "0",
                        "0",
                        "3",
                        "0"
                    ]
                ],
                "4": [
                    [
                        "FILTER_AND_RENAME_GENES",
                        "python",
                        "3.12.8"
                    ]
                ],
                "5": [
                    [
                        "FILTER_AND_RENAME_GENES",
                        "polars",
                        "1.17.1"
                    ]
                ],
                "counts": [
                    
                ]
            }
        ],
        "meta": {
            "nf-test": "0.9.3",
            "nextflow": "25.10.4"
        },
        "timestamp": "2026-02-21T09:28:39.199420229"
    },
    "Map Ensembl IDs": {
        "content": [
            {
                "0": [
                    [
                        {
                            "dataset": "test"
                        },
                        "counts.ensembl_ids.renamed.parquet:md5,dcdec4c4a0bdcc5802a6d4c3c24d0af6"
                    ]
                ],
                "1": [
                    
                ],
                "2": [
                    
                ],
                "3": [
                    [
                        "test",
                        "2",
                        "1",
                        "1",
                        "0"
                    ]
                ],
                "4": [
                    [
                        "FILTER_AND_RENAME_GENES",
                        "python",
                        "3.12.8"
                    ]
                ],
                "5": [
                    [
                        "FILTER_AND_RENAME_GENES",
                        "polars",
                        "1.17.1"
                    ]
                ],
                "counts": [
                    [
                        {
                            "dataset": "test"
                        },
                        "counts.ensembl_ids.renamed.parquet:md5,dcdec4c4a0bdcc5802a6d4c3c24d0af6"
                    ]
                ]
            }
        ],
        "meta": {
            "nf-test": "0.9.3",
            "nextflow": "25.10.4"
        },
        "timestamp": "2026-02-21T09:28:21.213775764"
    },
    "No valid gene": {
        "content": [
            {
                "0": [
                    
                ],
                "1": [
                    [
                        "test",
                        "failure_reason.txt:md5,0eea8256c81d0362f3f10979ab2de23e"
                    ]
                ],
                "2": [
                    
                ],
                "3": [
                    [
                        "test",
                        "0",
                        "0",
                        "3",
                        "0"
                    ]
                ],
                "4": [
                    [
                        "FILTER_AND_RENAME_GENES",
                        "python",
                        "3.12.8"
                    ]
                ],
                "5": [
                    [
                        "FILTER_AND_RENAME_GENES",
                        "polars",
                        "1.17.1"
                    ]
                ],
                "counts": [
                    
                ]
            }
        ],
        "meta": {
            "nf-test": "0.9.3",
            "nextflow": "25.10.4"
        },
        "timestamp": "2026-02-21T09:28:30.334157385"
    }
}