{
    "Custom mapping - TSV": {
        "content": [
            {
                "0": [
                    
                ],
                "1": [
                    [
                        "test",
                        "failure_reason.txt:md5,0eea8256c81d0362f3f10979ab2de23e"
                    ]
                ],
                "2": [
                    
                ],
                "3": [
                    [
                        "test",
                        "0",
                        "0",
                        "3",
                        "0"
                    ]
                ],
                "4": [
                    [
                        "FILTER_AND_RENAME_GENES",
                        "python",
                        "3.14.3"
                    ]
                ],
                "5": [
                    [
                        "FILTER_AND_RENAME_GENES",
                        "polars",
                        "1.39.2"
                    ]
                ],
                "counts": [
                    
                ]
            }
        ],
        "timestamp": "2026-06-12T08:09:46.615755143",
        "meta": {
            "nf-test": "0.9.5",
            "nextflow": "25.04.0"
        }
    },
    "Map Ensembl IDs": {
        "content": [
            {
                "0": [
                    [
                        {
                            "dataset": "test"
                        },
                        "counts.ensembl_ids.renamed.parquet:md5,240e4ecc8be3610bdf182c48f78426e2"
                    ]
                ],
                "1": [
                    
                ],
                "2": [
                    
                ],
                "3": [
                    [
                        "test",
                        "2",
                        "1",
                        "1",
                        "0"
                    ]
                ],
                "4": [
                    [
                        "FILTER_AND_RENAME_GENES",
                        "python",
                        "3.14.3"
                    ]
                ],
                "5": [
                    [
                        "FILTER_AND_RENAME_GENES",
                        "polars",
                        "1.39.2"
                    ]
                ],
                "counts": [
                    [
                        {
                            "dataset": "test"
                        },
                        "counts.ensembl_ids.renamed.parquet:md5,240e4ecc8be3610bdf182c48f78426e2"
                    ]
                ]
            }
        ],
        "timestamp": "2026-06-12T08:09:29.718088202",
        "meta": {
            "nf-test": "0.9.5",
            "nextflow": "25.04.0"
        }
    },
    "No valid gene": {
        "content": [
            {
                "0": [
                    
                ],
                "1": [
                    [
                        "test",
                        "failure_reason.txt:md5,0eea8256c81d0362f3f10979ab2de23e"
                    ]
                ],
                "2": [
                    
                ],
                "3": [
                    [
                        "test",
                        "0",
                        "0",
                        "3",
                        "0"
                    ]
                ],
                "4": [
                    [
                        "FILTER_AND_RENAME_GENES",
                        "python",
                        "3.14.3"
                    ]
                ],
                "5": [
                    [
                        "FILTER_AND_RENAME_GENES",
                        "polars",
                        "1.39.2"
                    ]
                ],
                "counts": [
                    
                ]
            }
        ],
        "timestamp": "2026-06-12T08:09:38.20851685",
        "meta": {
            "nf-test": "0.9.5",
            "nextflow": "25.04.0"
        }
    }
}