{
    "Custom mapping": {
        "content": [
            {
                "0": [
                    [
                        [

                        ],
                        "counts.ensembl_ids.renamed.csv:md5,b2f45fd17fcb2688ea08b94527f70c1f"
                    ]
                ],
                "1": [

                ],
                "2": [
                    "counts.ensembl_ids.mapping.csv:md5,6ff8d8f71b9df7a1b08ff0bfda8da755"
                ],
                "3": [
                    [
                        "IDMAPPING_GPROFILER",
                        "python",
                        "3.12.8"
                    ]
                ],
                "4": [
                    [
                        "IDMAPPING_GPROFILER",
                        "pandas",
                        "2.2.3"
                    ]
                ],
                "5": [
                    [
                        "IDMAPPING_GPROFILER",
                        "requests",
                        "2.32.3"
                    ]
                ],
                "metadata": [

                ],
                "renamed": [
                    [
                        [

                        ],
                        "counts.ensembl_ids.renamed.csv:md5,b2f45fd17fcb2688ea08b94527f70c1f"
                    ]
                ]
            }
        ],
        "meta": {
            "nf-test": "0.9.2",
            "nextflow": "25.04.0"
        },
        "timestamp": "2025-05-14T11:36:14.264437894"
    },
    "Map Ensembl IDs to themselves": {
        "content": [
            {
                "0": [
                    [
                        [

                        ],
                        "counts.ensembl_ids.renamed.csv:md5,ef96059e3283d4305b2c004d649ae648"
                    ]
                ],
                "1": [
                    "counts.ensembl_ids.metadata.csv:md5,608af2e5f8df9d8d2bb5829c04d6f9eb"
                ],
                "2": [
                    "counts.ensembl_ids.mapping.csv:md5,a2d01dbbe84a30640825befdda3e1963"
                ],
                "3": [
                    [
                        "IDMAPPING_GPROFILER",
                        "python",
                        "3.12.8"
                    ]
                ],
                "4": [
                    [
                        "IDMAPPING_GPROFILER",
                        "pandas",
                        "2.2.3"
                    ]
                ],
                "5": [
                    [
                        "IDMAPPING_GPROFILER",
                        "requests",
                        "2.32.3"
                    ]
                ],
                "metadata": [
                    "counts.ensembl_ids.metadata.csv:md5,608af2e5f8df9d8d2bb5829c04d6f9eb"
                ],
                "renamed": [
                    [
                        [

                        ],
                        "counts.ensembl_ids.renamed.csv:md5,ef96059e3283d4305b2c004d649ae648"
                    ]
                ]
            }
        ],
        "meta": {
            "nf-test": "0.9.2",
            "nextflow": "25.04.0"
        },
        "timestamp": "2025-05-14T11:35:32.690454163"
    },
    "Map Uniprot IDs": {
        "content": [
            {
                "0": [
                    [
                        [

                        ],
                        "counts.uniprot_ids.renamed.csv:md5,a93d7145f8b35f6074cdf21c7c97de7c"
                    ]
                ],
                "1": [
                    "counts.uniprot_ids.metadata.csv:md5,b87d6533848a3ae07b289ec6b0c4a1ff"
                ],
                "2": [
                    "counts.uniprot_ids.mapping.csv:md5,fe88c79c45d45825d28f325f7a2f383e"
                ],
                "3": [
                    [
                        "IDMAPPING_GPROFILER",
                        "python",
                        "3.12.8"
                    ]
                ],
                "4": [
                    [
                        "IDMAPPING_GPROFILER",
                        "pandas",
                        "2.2.3"
                    ]
                ],
                "5": [
                    [
                        "IDMAPPING_GPROFILER",
                        "requests",
                        "2.32.3"
                    ]
                ],
                "metadata": [
                    "counts.uniprot_ids.metadata.csv:md5,b87d6533848a3ae07b289ec6b0c4a1ff"
                ],
                "renamed": [
                    [
                        [

                        ],
                        "counts.uniprot_ids.renamed.csv:md5,a93d7145f8b35f6074cdf21c7c97de7c"
                    ]
                ]
            }
        ],
        "meta": {
            "nf-test": "0.9.2",
            "nextflow": "25.04.0"
        },
        "timestamp": "2025-05-14T11:35:50.772485621"
    },
    "Map NCBI IDs": {
        "content": [
            {
                "0": [
                    [
                        [

                        ],
                        "counts.ncbi_ids.renamed.csv:md5,a93d7145f8b35f6074cdf21c7c97de7c"
                    ]
                ],
                "1": [
                    "counts.ncbi_ids.metadata.csv:md5,b87d6533848a3ae07b289ec6b0c4a1ff"
                ],
                "2": [
                    "counts.ncbi_ids.mapping.csv:md5,fe4fd9005dce99b7722b84134f51badd"
                ],
                "3": [
                    [
                        "IDMAPPING_GPROFILER",
                        "python",
                        "3.12.8"
                    ]
                ],
                "4": [
                    [
                        "IDMAPPING_GPROFILER",
                        "pandas",
                        "2.2.3"
                    ]
                ],
                "5": [
                    [
                        "IDMAPPING_GPROFILER",
                        "requests",
                        "2.32.3"
                    ]
                ],
                "metadata": [
                    "counts.ncbi_ids.metadata.csv:md5,b87d6533848a3ae07b289ec6b0c4a1ff"
                ],
                "renamed": [
                    [
                        [

                        ],
                        "counts.ncbi_ids.renamed.csv:md5,a93d7145f8b35f6074cdf21c7c97de7c"
                    ]
                ]
            }
        ],
        "meta": {
            "nf-test": "0.9.2",
            "nextflow": "25.04.0"
        },
        "timestamp": "2025-05-14T11:35:41.055648628"
    }
}
