{
    "Accessions file + Excluded accessions file": {
        "content": [
            {
                "0": [
                    "E-ENAD-2",
                    "E-GEOD-61690",
                    "E-MTAB-552",
                    "E-MTAB-8187",
                    "E-PROT-138"
                ],
                "accessions": [
                    "E-ENAD-2",
                    "E-GEOD-61690",
                    "E-MTAB-552",
                    "E-MTAB-8187",
                    "E-PROT-138"
                ]
            }
        ],
        "meta": {
            "nf-test": "0.9.3",
            "nextflow": "25.10.4"
        },
        "timestamp": "2026-04-16T12:25:30.194867058"
    },
    "No GEO + accessions provided": {
        "content": [
            {
                "0": [
                    "E-ENAD-2",
                    "E-GEOD-61690",
                    "E-MTAB-552",
                    "E-MTAB-8187",
                    "E-PROT-138"
                ],
                "accessions": [
                    "E-ENAD-2",
                    "E-GEOD-61690",
                    "E-MTAB-552",
                    "E-MTAB-8187",
                    "E-PROT-138"
                ]
            }
        ],
        "meta": {
            "nf-test": "0.9.3",
            "nextflow": "25.10.4"
        },
        "timestamp": "2026-04-16T12:25:15.508377196"
    },
    "Fetch eatlas accessions without keywords": {
        "content": [
            {
                "0": [
                    "E-ENAD-2",
                    "E-MTAB-8187"
                ],
                "accessions": [
                    "E-ENAD-2",
                    "E-MTAB-8187"
                ]
            }
        ],
        "meta": {
            "nf-test": "0.9.3",
            "nextflow": "25.10.4"
        },
        "timestamp": "2026-04-16T12:25:00.873486754"
    },
    "With samplling size": {
        "content": [
            {
                "0": [
                    
                ],
                "accessions": [
                    
                ]
            }
        ],
        "meta": {
            "nf-test": "0.9.3",
            "nextflow": "25.10.4"
        },
        "timestamp": "2026-04-01T14:53:02.05138484"
    }
}