{
    "Very small dataset": {
        "content": [
            [
                [
                    {
                        "accession": "accession",
                        "design": "design.csv:md5,a83dd6a15463b51d94f0a42c196d7933"
                    },
                    "counts.cpm.csv:md5,8f683e81653109dad305b07fa7782b30"
                ]
            ]
        ],
        "meta": {
            "nf-test": "0.9.2",
            "nextflow": "24.10.3"
        },
        "timestamp": "2025-01-07T08:14:38.107688659"
    },
    "One group": {
        "content": [
            [
                [
                    {
                        "accession": "accession",
                        "design": "design.csv:md5,28cf54802df5df4a9dc406003623c6a7"
                    },
                    "counts.cpm.csv:md5,30cfd49966f0b5f5321824eac1b10388"
                ]
            ]
        ],
        "meta": {
            "nf-test": "0.9.2",
            "nextflow": "24.10.3"
        },
        "timestamp": "2025-01-07T08:15:18.900550813"
    },
    "Rows with many zeros": {
        "content": [
            [
                [
                    {
                        "accession": "accession",
                        "design": "design.csv:md5,3cdf98e2e202b4af2687eaefd9bdd8e9"
                    },
                    "counts.cpm.csv:md5,aae5e18209beb0861aeace87982dac8d"
                ]
            ]
        ],
        "meta": {
            "nf-test": "0.9.2",
            "nextflow": "24.10.3"
        },
        "timestamp": "2025-01-07T08:14:58.370267302"
    }
}