{
    "1000 genes": {
        "content": [
            {
                "0": [
                    [
                        {
                            "platform": null,
                            "section": "section_1"
                        },
                        "m_measures.csv:md5,bc8c010ec0aea125c901d9ec4f408a0e"
                    ]
                ],
                "m_measures": [
                    [
                        {
                            "platform": null,
                            "section": "section_1"
                        },
                        "m_measures.csv:md5,bc8c010ec0aea125c901d9ec4f408a0e"
                    ]
                ]
            }
        ],
        "timestamp": "2026-10-05T22:39:14.66513081",
        "meta": {
            "nf-test": "0.9.5",
            "nextflow": "26.04.6"
        }
    },
    "10 genes": {
        "content": [
            {
                "0": [
                    [
                        {
                            "platform": null,
                            "section": "section_1"
                        },
                        "m_measures.csv:md5,12ec461fcf9b58aeeb10c905ab9bf2f7"
                    ]
                ],
                "m_measures": [
                    [
                        {
                            "platform": null,
                            "section": "section_1"
                        },
                        "m_measures.csv:md5,12ec461fcf9b58aeeb10c905ab9bf2f7"
                    ]
                ]
            }
        ],
        "timestamp": "2026-10-05T22:38:00.89190269",
        "meta": {
            "nf-test": "0.9.5",
            "nextflow": "26.04.6"
        }
    }
}