{
    "Small dataset - Real expression values": {
        "content": [
            {
                "0": [
                    "stability_values.normfinder.csv:md5,2cbe1b4307c32acea9bb844631e79297"
                ],
                "1": [
                    [
                        "NORMFINDER",
                        "python",
                        "3.13.7"
                    ]
                ],
                "2": [
                    [
                        "NORMFINDER",
                        "polars",
                        "1.33.1"
                    ]
                ],
                "stability_values": [
                    "stability_values.normfinder.csv:md5,2cbe1b4307c32acea9bb844631e79297"
                ]
            }
        ],
        "meta": {
            "nf-test": "0.9.2",
            "nextflow": "25.04.8"
        },
        "timestamp": "2025-11-08T12:20:22.039948992"
    },
    "Very small dataset - Cq values": {
        "content": [
            {
                "0": [
                    "stability_values.normfinder.csv:md5,a52096f27ba998ae76c939833dbc54fc"
                ],
                "1": [
                    [
                        "NORMFINDER",
                        "python",
                        "3.13.7"
                    ]
                ],
                "2": [
                    [
                        "NORMFINDER",
                        "polars",
                        "1.33.1"
                    ]
                ],
                "stability_values": [
                    "stability_values.normfinder.csv:md5,a52096f27ba998ae76c939833dbc54fc"
                ]
            }
        ],
        "meta": {
            "nf-test": "0.9.2",
            "nextflow": "25.04.8"
        },
        "timestamp": "2025-11-08T12:20:15.183464096"
    }
}