{
    "-profile test_dataset_only": {
        "content": [
            {
                "AGGREGATE_RESULTS": {
                    "polars": "1.17.1",
                    "python": "3.12.8"
                },
                "CLEAN_GENE_IDS": {
                    "polars": "1.17.1",
                    "python": "3.12.8"
                },
                "COLLECT_GENE_IDS": {
                    "python": "3.14.2",
                    "tqdm": "4.67.1"
                },
                "COLLECT_STATISTICS": {
                    "pandas": "2.3.3",
                    "python": "3.13.7"
                },
                "COMPUTE_DATASET_STATISTICS": {
                    "polars": "1.17.1",
                    "python": "3.12.8"
                },
                "COMPUTE_GENE_TRANSCRIPT_LENGTHS": {
                    "pandas": "2.3.3",
                    "python": "3.13.7"
                },
                "COMPUTE_GLOBAL_STATISTICS": {
                    "polars": "1.17.1",
                    "python": "3.12.8"
                },
                "COMPUTE_PLATFORM_STATISTICS": {
                    "polars": "1.17.1",
                    "python": "3.12.8"
                },
                "COMPUTE_STABILITY_SCORES": {
                    "polars": "1.17.1",
                    "python": "3.12.8"
                },
                "COMPUTE_TPM": {
                    "polars": "1.17.1",
                    "python": "3.12.8"
                },
                "DASH_APP": {
                    "python": "3.13.8",
                    "dash": "3.2.0",
                    "dash-extensions": "2.0.4",
                    "dash-mantine-components": "2.3.0",
                    "dash-ag-grid": "32.3.2",
                    "polars": "1.35.0",
                    "pandas": "2.3.3",
                    "pyarrow": "22.0.0",
                    "scipy": "1.16.3"
                },
                "DETECT_RARE_GENES": {
                    "polars": "1.17.1",
                    "python": "3.12.8"
                },
                "DOWNLOAD_ENSEMBL_ANNOTATION": {
                    "bs4": "4.14.2",
                    "pandas": "2.3.3",
                    "python": "3.14.0",
                    "requests": "2.32.5",
                    "tqdm": "4.67.1"
                },
                "FILTER_AND_RENAME_GENES": {
                    "polars": "1.17.1",
                    "python": "3.12.8"
                },
                "GET_CANDIDATE_GENES": {
                    "polars": "1.17.1",
                    "python": "3.12.8"
                },
                "GPROFILER_IDMAPPING": {
                    "pandas": "2.3.1",
                    "python": "3.13.5",
                    "requests": "2.32.4"
                },
                "MERGE_ALL_COUNTS": {
                    "polars": "1.34.0",
                    "python": "3.14.0",
                    "tqdm": "4.67.1"
                },
                "MERGE_PLATFORM_COUNTS": {
                    "polars": "1.34.0",
                    "python": "3.14.0",
                    "tqdm": "4.67.1"
                },
                "NORMFINDER": {
                    "polars": "1.33.1",
                    "python": "3.13.7"
                },
                "QUANTILE_NORMALISATION": {
                    "polars": "1.36.1",
                    "python": "3.14.2",
                    "scikit-learn": "1.8.0"
                },
                "REMOVE_SAMPLES_NOT_VALID": {
                    "polars": "1.17.1",
                    "python": "3.12.8"
                },
                "Workflow": {
                    "nf-core/stableexpression": "v1.0dev"
                }
            },
            [
                "aggregated",
                "aggregated/all_counts_filtered.parquet",
                "aggregated/all_genes_summary.csv",
                "aggregated/most_stable_genes_summary.csv",
                "aggregated/most_stable_genes_transposed_counts_filtered.csv",
                "dash_app",
                "dash_app/app.py",
                "dash_app/assets",
                "dash_app/assets/style.css",
                "dash_app/data",
                "dash_app/data/all_counts.parquet",
                "dash_app/data/all_genes_summary.csv",
                "dash_app/data/whole_design.csv",
                "dash_app/environment.yml",
                "dash_app/src",
                "dash_app/src/callbacks",
                "dash_app/src/callbacks/common.py",
                "dash_app/src/callbacks/genes.py",
                "dash_app/src/callbacks/samples.py",
                "dash_app/src/components",
                "dash_app/src/components/graphs.py",
                "dash_app/src/components/icons.py",
                "dash_app/src/components/right_sidebar.py",
                "dash_app/src/components/settings",
                "dash_app/src/components/settings/genes.py",
                "dash_app/src/components/settings/samples.py",
                "dash_app/src/components/stores.py",
                "dash_app/src/components/tables.py",
                "dash_app/src/components/tooltips.py",
                "dash_app/src/components/top.py",
                "dash_app/src/utils",
                "dash_app/src/utils/config.py",
                "dash_app/src/utils/data_management.py",
                "dash_app/src/utils/style.py",
                "errors",
                "idmapping",
                "idmapping/collected_gene_ids",
                "idmapping/collected_gene_ids/gene_id_occurrences.csv",
                "idmapping/collected_gene_ids/unique_gene_ids.txt",
                "idmapping/global_gene_id_mapping.csv",
                "idmapping/global_gene_metadata.csv",
                "idmapping/gprofiler",
                "idmapping/gprofiler/gene_metadata.csv",
                "idmapping/gprofiler/mapped_gene_ids.csv",
                "idmapping/whole_gene_id_mapping.csv",
                "idmapping/whole_gene_metadata.csv",
                "merged_datasets",
                "merged_datasets/whole_design.csv",
                "multiqc",
                "multiqc/multiqc_data",
                "multiqc/multiqc_data/llms-full.txt",
                "multiqc/multiqc_data/multiqc.log",
                "multiqc/multiqc_data/multiqc.parquet",
                "multiqc/multiqc_data/multiqc_citations.txt",
                "multiqc/multiqc_data/multiqc_data.json",
                "multiqc/multiqc_data/multiqc_expression_distributions_most_stable_genes.txt",
                "multiqc/multiqc_data/multiqc_gene_statistics.txt",
                "multiqc/multiqc_data/multiqc_id_mapping_stats.txt",
                "multiqc/multiqc_data/multiqc_ranked_most_stable_genes_summary.txt",
                "multiqc/multiqc_data/multiqc_ratio_zeros.txt",
                "multiqc/multiqc_data/multiqc_renaming_warning_reasons.txt",
                "multiqc/multiqc_data/multiqc_skewness.txt",
                "multiqc/multiqc_data/multiqc_software_versions.txt",
                "multiqc/multiqc_data/multiqc_sources.txt",
                "multiqc/multiqc_data/multiqc_total_gene_id_occurrence_quantiles.txt",
                "multiqc/multiqc_plots",
                "multiqc/multiqc_plots/pdf",
                "multiqc/multiqc_plots/pdf/expression_distributions_most_stable_genes.pdf",
                "multiqc/multiqc_plots/pdf/gene_statistics.pdf",
                "multiqc/multiqc_plots/pdf/id_mapping_stats-cnt.pdf",
                "multiqc/multiqc_plots/pdf/id_mapping_stats-pct.pdf",
                "multiqc/multiqc_plots/pdf/ranked_most_stable_genes_summary.pdf",
                "multiqc/multiqc_plots/pdf/ratio_zeros.pdf",
                "multiqc/multiqc_plots/pdf/renaming_warning_reasons.pdf",
                "multiqc/multiqc_plots/pdf/skewness.pdf",
                "multiqc/multiqc_plots/pdf/total_gene_id_occurrence_quantiles.pdf",
                "multiqc/multiqc_plots/png",
                "multiqc/multiqc_plots/png/expression_distributions_most_stable_genes.png",
                "multiqc/multiqc_plots/png/gene_statistics.png",
                "multiqc/multiqc_plots/png/id_mapping_stats-cnt.png",
                "multiqc/multiqc_plots/png/id_mapping_stats-pct.png",
                "multiqc/multiqc_plots/png/ranked_most_stable_genes_summary.png",
                "multiqc/multiqc_plots/png/ratio_zeros.png",
                "multiqc/multiqc_plots/png/renaming_warning_reasons.png",
                "multiqc/multiqc_plots/png/skewness.png",
                "multiqc/multiqc_plots/png/total_gene_id_occurrence_quantiles.png",
                "multiqc/multiqc_plots/svg",
                "multiqc/multiqc_plots/svg/expression_distributions_most_stable_genes.svg",
                "multiqc/multiqc_plots/svg/gene_statistics.svg",
                "multiqc/multiqc_plots/svg/id_mapping_stats-cnt.svg",
                "multiqc/multiqc_plots/svg/id_mapping_stats-pct.svg",
                "multiqc/multiqc_plots/svg/ranked_most_stable_genes_summary.svg",
                "multiqc/multiqc_plots/svg/ratio_zeros.svg",
                "multiqc/multiqc_plots/svg/renaming_warning_reasons.svg",
                "multiqc/multiqc_plots/svg/skewness.svg",
                "multiqc/multiqc_plots/svg/total_gene_id_occurrence_quantiles.svg",
                "multiqc/multiqc_report.html",
                "multiqc/versions.yml",
                "normalised",
                "normalised/SRP254919.salmon.merged.gene_counts.top1000cov.assay",
                "normalised/SRP254919.salmon.merged.gene_counts.top1000cov.assay/quantile_normalised",
                "normalised/SRP254919.salmon.merged.gene_counts.top1000cov.assay/quantile_normalised/SRP254919.salmon.merged.gene_counts.top1000cov.assay.cleaned.renamed.filtered.tpm.quant_norm.parquet",
                "normalised/SRP254919.salmon.merged.gene_counts.top1000cov.assay/tpm",
                "normalised/SRP254919.salmon.merged.gene_counts.top1000cov.assay/tpm/SRP254919.salmon.merged.gene_counts.top1000cov.assay.cleaned.renamed.filtered.tpm.parquet",
                "pipeline_info",
                "pipeline_info/nf_core_stableexpression_software_mqc_versions.yml",
                "statistics",
                "statistics/id_mapping_stats.csv",
                "statistics/ratio_zeros.csv",
                "statistics/skewness.csv",
                "warnings",
                "warnings/renaming_warning_reasons.tsv"
            ],
            [
                "all_genes_summary.csv:md5,09c1c8807fbb69ae7baf5c4a7772c8d2",
                "most_stable_genes_summary.csv:md5,09c1c8807fbb69ae7baf5c4a7772c8d2",
                "most_stable_genes_transposed_counts_filtered.csv:md5,68fa221be589ee1a5970ae1461a743ac",
                "style.css:md5,e6ba182eaf06980dbda49920efbf6e64",
                "all_genes_summary.csv:md5,09c1c8807fbb69ae7baf5c4a7772c8d2",
                "whole_design.csv:md5,f29515bc2c783e593fb9028127342593",
                "environment.yml:md5,f9b192ef98a67f2084ad2fed6da01bc1",
                "gene_id_occurrences.csv:md5,72c8f7ffe8413be06419c10ae66c35e5",
                "unique_gene_ids.txt:md5,6b2ece983fd9da133e719914216852b0",
                "global_gene_id_mapping.csv:md5,78934d2ac5fe7d863f114c5703f57a06",
                "global_gene_metadata.csv:md5,bd76860b422e45eca7cd583212a977d2",
                "gene_metadata.csv:md5,bd76860b422e45eca7cd583212a977d2",
                "mapped_gene_ids.csv:md5,78934d2ac5fe7d863f114c5703f57a06",
                "whole_gene_id_mapping.csv:md5,78934d2ac5fe7d863f114c5703f57a06",
                "whole_gene_metadata.csv:md5,bd76860b422e45eca7cd583212a977d2",
                "whole_design.csv:md5,f29515bc2c783e593fb9028127342593",
                "id_mapping_stats.csv:md5,b47d6ebd34e3fb11a40665b0a38db3da",
                "ratio_zeros.csv:md5,2272ebcf58ac8bb283d238f87d508b96",
                "skewness.csv:md5,2ef6f5a2aa5834110fda06e705adcbf8",
                "renaming_warning_reasons.tsv:md5,0a11a59b5b547a39ab7a0e4dac622173"
            ]
        ],
        "meta": {
            "nf-test": "0.9.3",
            "nextflow": "25.10.2"
        },
        "timestamp": "2026-01-13T13:10:38.553975658"
    },
    "-profile test_eatlas_only_with_keywords": {
        "content": [
            {
                "AGGREGATE_RESULTS": {
                    "polars": "1.17.1",
                    "python": "3.12.8"
                },
                "CLEAN_GENE_IDS": {
                    "polars": "1.17.1",
                    "python": "3.12.8"
                },
                "COLLECT_GENE_IDS": {
                    "python": "3.14.2",
                    "tqdm": "4.67.1"
                },
                "COLLECT_STATISTICS": {
                    "pandas": "2.3.3",
                    "python": "3.13.7"
                },
                "COMPUTE_DATASET_STATISTICS": {
                    "polars": "1.17.1",
                    "python": "3.12.8"
                },
                "COMPUTE_GENE_TRANSCRIPT_LENGTHS": {
                    "pandas": "2.3.3",
                    "python": "3.13.7"
                },
                "COMPUTE_GLOBAL_STATISTICS": {
                    "polars": "1.17.1",
                    "python": "3.12.8"
                },
                "COMPUTE_PLATFORM_STATISTICS": {
                    "polars": "1.17.1",
                    "python": "3.12.8"
                },
                "COMPUTE_STABILITY_SCORES": {
                    "polars": "1.17.1",
                    "python": "3.12.8"
                },
                "COMPUTE_TPM": {
                    "polars": "1.17.1",
                    "python": "3.12.8"
                },
                "DASH_APP": {
                    "python": "3.13.8",
                    "dash": "3.2.0",
                    "dash-extensions": "2.0.4",
                    "dash-mantine-components": "2.3.0",
                    "dash-ag-grid": "32.3.2",
                    "polars": "1.35.0",
                    "pandas": "2.3.3",
                    "pyarrow": "22.0.0",
                    "scipy": "1.16.3"
                },
                "DETECT_RARE_GENES": {
                    "polars": "1.17.1",
                    "python": "3.12.8"
                },
                "DOWNLOAD_ENSEMBL_ANNOTATION": {
                    "bs4": "4.14.2",
                    "pandas": "2.3.3",
                    "python": "3.14.0",
                    "requests": "2.32.5",
                    "tqdm": "4.67.1"
                },
                "EXPRESSION_ATLAS": {
                    "ExpressionAtlas": "1.30.0",
                    "R": "4.3.3 (2024-02-29)",
                    "nltk": "3.9.1",
                    "pandas": "2.3.0",
                    "python": "3.13.5",
                    "pyyaml": "6.0.2",
                    "requests": "2.32.4"
                },
                "FILTER_AND_RENAME_GENES": {
                    "polars": "1.17.1",
                    "python": "3.12.8"
                },
                "GET_CANDIDATE_GENES": {
                    "polars": "1.17.1",
                    "python": "3.12.8"
                },
                "GPROFILER_IDMAPPING": {
                    "pandas": "2.3.1",
                    "python": "3.13.5",
                    "requests": "2.32.4"
                },
                "MERGE_ALL_COUNTS": {
                    "polars": "1.34.0",
                    "python": "3.14.0",
                    "tqdm": "4.67.1"
                },
                "MERGE_PLATFORM_COUNTS": {
                    "polars": "1.34.0",
                    "python": "3.14.0",
                    "tqdm": "4.67.1"
                },
                "NORMFINDER": {
                    "polars": "1.33.1",
                    "python": "3.13.7"
                },
                "QUANTILE_NORMALISATION": {
                    "polars": "1.36.1",
                    "python": "3.14.2",
                    "scikit-learn": "1.8.0"
                },
                "REMOVE_SAMPLES_NOT_VALID": {
                    "polars": "1.17.1",
                    "python": "3.12.8"
                },
                "Workflow": {
                    "nf-core/stableexpression": "v1.0dev"
                }
            },
            [
                "aggregated",
                "aggregated/all_counts_filtered.parquet",
                "aggregated/all_genes_summary.csv",
                "aggregated/most_stable_genes_summary.csv",
                "aggregated/most_stable_genes_transposed_counts_filtered.csv",
                "dash_app",
                "dash_app/app.py",
                "dash_app/assets",
                "dash_app/assets/style.css",
                "dash_app/data",
                "dash_app/data/all_counts.parquet",
                "dash_app/data/all_genes_summary.csv",
                "dash_app/data/whole_design.csv",
                "dash_app/environment.yml",
                "dash_app/src",
                "dash_app/src/callbacks",
                "dash_app/src/callbacks/common.py",
                "dash_app/src/callbacks/genes.py",
                "dash_app/src/callbacks/samples.py",
                "dash_app/src/components",
                "dash_app/src/components/graphs.py",
                "dash_app/src/components/icons.py",
                "dash_app/src/components/right_sidebar.py",
                "dash_app/src/components/settings",
                "dash_app/src/components/settings/genes.py",
                "dash_app/src/components/settings/samples.py",
                "dash_app/src/components/stores.py",
                "dash_app/src/components/tables.py",
                "dash_app/src/components/tooltips.py",
                "dash_app/src/components/top.py",
                "dash_app/src/utils",
                "dash_app/src/utils/config.py",
                "dash_app/src/utils/data_management.py",
                "dash_app/src/utils/style.py",
                "errors",
                "idmapping",
                "idmapping/collected_gene_ids",
                "idmapping/collected_gene_ids/gene_id_occurrences.csv",
                "idmapping/collected_gene_ids/unique_gene_ids.txt",
                "idmapping/global_gene_id_mapping.csv",
                "idmapping/global_gene_metadata.csv",
                "idmapping/gprofiler",
                "idmapping/gprofiler/gene_metadata.csv",
                "idmapping/gprofiler/mapped_gene_ids.csv",
                "idmapping/whole_gene_id_mapping.csv",
                "idmapping/whole_gene_metadata.csv",
                "merged_datasets",
                "merged_datasets/whole_design.csv",
                "multiqc",
                "multiqc/multiqc_data",
                "multiqc/multiqc_data/llms-full.txt",
                "multiqc/multiqc_data/multiqc.log",
                "multiqc/multiqc_data/multiqc.parquet",
                "multiqc/multiqc_data/multiqc_citations.txt",
                "multiqc/multiqc_data/multiqc_data.json",
                "multiqc/multiqc_data/multiqc_eatlas_all_experiments_metadata.txt",
                "multiqc/multiqc_data/multiqc_eatlas_selected_experiments_metadata.txt",
                "multiqc/multiqc_data/multiqc_expression_distributions_most_stable_genes.txt",
                "multiqc/multiqc_data/multiqc_gene_statistics.txt",
                "multiqc/multiqc_data/multiqc_id_mapping_stats.txt",
                "multiqc/multiqc_data/multiqc_ranked_most_stable_genes_summary.txt",
                "multiqc/multiqc_data/multiqc_ratio_zeros.txt",
                "multiqc/multiqc_data/multiqc_skewness.txt",
                "multiqc/multiqc_data/multiqc_software_versions.txt",
                "multiqc/multiqc_data/multiqc_sources.txt",
                "multiqc/multiqc_data/multiqc_total_gene_id_occurrence_quantiles.txt",
                "multiqc/multiqc_plots",
                "multiqc/multiqc_plots/pdf",
                "multiqc/multiqc_plots/pdf/eatlas_all_experiments_metadata.pdf",
                "multiqc/multiqc_plots/pdf/eatlas_selected_experiments_metadata.pdf",
                "multiqc/multiqc_plots/pdf/expression_distributions_most_stable_genes.pdf",
                "multiqc/multiqc_plots/pdf/gene_statistics.pdf",
                "multiqc/multiqc_plots/pdf/id_mapping_stats-cnt.pdf",
                "multiqc/multiqc_plots/pdf/id_mapping_stats-pct.pdf",
                "multiqc/multiqc_plots/pdf/ranked_most_stable_genes_summary.pdf",
                "multiqc/multiqc_plots/pdf/ratio_zeros.pdf",
                "multiqc/multiqc_plots/pdf/skewness.pdf",
                "multiqc/multiqc_plots/pdf/total_gene_id_occurrence_quantiles.pdf",
                "multiqc/multiqc_plots/png",
                "multiqc/multiqc_plots/png/eatlas_all_experiments_metadata.png",
                "multiqc/multiqc_plots/png/eatlas_selected_experiments_metadata.png",
                "multiqc/multiqc_plots/png/expression_distributions_most_stable_genes.png",
                "multiqc/multiqc_plots/png/gene_statistics.png",
                "multiqc/multiqc_plots/png/id_mapping_stats-cnt.png",
                "multiqc/multiqc_plots/png/id_mapping_stats-pct.png",
                "multiqc/multiqc_plots/png/ranked_most_stable_genes_summary.png",
                "multiqc/multiqc_plots/png/ratio_zeros.png",
                "multiqc/multiqc_plots/png/skewness.png",
                "multiqc/multiqc_plots/png/total_gene_id_occurrence_quantiles.png",
                "multiqc/multiqc_plots/svg",
                "multiqc/multiqc_plots/svg/eatlas_all_experiments_metadata.svg",
                "multiqc/multiqc_plots/svg/eatlas_selected_experiments_metadata.svg",
                "multiqc/multiqc_plots/svg/expression_distributions_most_stable_genes.svg",
                "multiqc/multiqc_plots/svg/gene_statistics.svg",
                "multiqc/multiqc_plots/svg/id_mapping_stats-cnt.svg",
                "multiqc/multiqc_plots/svg/id_mapping_stats-pct.svg",
                "multiqc/multiqc_plots/svg/ranked_most_stable_genes_summary.svg",
                "multiqc/multiqc_plots/svg/ratio_zeros.svg",
                "multiqc/multiqc_plots/svg/skewness.svg",
                "multiqc/multiqc_plots/svg/total_gene_id_occurrence_quantiles.svg",
                "multiqc/multiqc_report.html",
                "multiqc/versions.yml",
                "normalised",
                "normalised/E_MTAB_8187_rnaseq",
                "normalised/E_MTAB_8187_rnaseq/quantile_normalised",
                "normalised/E_MTAB_8187_rnaseq/quantile_normalised/E_MTAB_8187_rnaseq.rnaseq.raw.counts.cleaned.renamed.filtered.tpm.quant_norm.parquet",
                "normalised/E_MTAB_8187_rnaseq/tpm",
                "normalised/E_MTAB_8187_rnaseq/tpm/E_MTAB_8187_rnaseq.rnaseq.raw.counts.cleaned.renamed.filtered.tpm.parquet",
                "pipeline_info",
                "pipeline_info/nf_core_stableexpression_software_mqc_versions.yml",
                "public_data",
                "public_data/expression_atlas",
                "public_data/expression_atlas/accessions",
                "public_data/expression_atlas/accessions/accessions.txt",
                "public_data/expression_atlas/accessions/selected_experiments.metadata.tsv",
                "public_data/expression_atlas/accessions/species_experiments.metadata.tsv",
                "public_data/expression_atlas/datasets",
                "public_data/expression_atlas/datasets/E_MTAB_8187_rnaseq.design.csv",
                "public_data/expression_atlas/datasets/E_MTAB_8187_rnaseq.rnaseq.raw.counts.csv",
                "statistics",
                "statistics/id_mapping_stats.csv",
                "statistics/ratio_zeros.csv",
                "statistics/skewness.csv",
                "warnings"
            ],
            [
                "all_genes_summary.csv:md5,829fd6221705fc1588a11bfdb1a37210",
                "most_stable_genes_summary.csv:md5,73cbb4d6462e01ed7778f076726613fd",
                "most_stable_genes_transposed_counts_filtered.csv:md5,4f50fafaa96ffd7a7b0d98d9c8d6beb4",
                "style.css:md5,e6ba182eaf06980dbda49920efbf6e64",
                "all_genes_summary.csv:md5,829fd6221705fc1588a11bfdb1a37210",
                "whole_design.csv:md5,fbd18d011d7d855452e5a30a303afcbf",
                "environment.yml:md5,f9b192ef98a67f2084ad2fed6da01bc1",
                "gene_id_occurrences.csv:md5,b3ee7b1c575f83d247c5bce88382fb2b",
                "unique_gene_ids.txt:md5,ba79f5609df755c0f75de41357319c84",
                "global_gene_id_mapping.csv:md5,7eecbd2d88adaf5f213f238a72d28b99",
                "global_gene_metadata.csv:md5,cc8d4afdbaf03cd39a4e10f2a9040b7e",
                "gene_metadata.csv:md5,cc8d4afdbaf03cd39a4e10f2a9040b7e",
                "mapped_gene_ids.csv:md5,7eecbd2d88adaf5f213f238a72d28b99",
                "whole_gene_id_mapping.csv:md5,7eecbd2d88adaf5f213f238a72d28b99",
                "whole_gene_metadata.csv:md5,cc8d4afdbaf03cd39a4e10f2a9040b7e",
                "whole_design.csv:md5,fbd18d011d7d855452e5a30a303afcbf",
                "accessions.txt:md5,76e5e3af7c72eac7a1993a2bd75b4d1a",
                "E_MTAB_8187_rnaseq.design.csv:md5,fbd18d011d7d855452e5a30a303afcbf",
                "E_MTAB_8187_rnaseq.rnaseq.raw.counts.csv:md5,fe221fd94f66df7120b0590091e14eb1",
                "id_mapping_stats.csv:md5,17ccaa8e70c67c7d0de4ec3c630c2e5b",
                "ratio_zeros.csv:md5,32889cf6de2af6413c42b8810a99a2df",
                "skewness.csv:md5,178449bbd2361aa1e804e3f18e092ef1"
            ]
        ],
        "meta": {
            "nf-test": "0.9.3",
            "nextflow": "25.10.2"
        },
        "timestamp": "2026-01-13T13:14:45.841673917"
    },
    "-profile test_included_and_excluded_accessions": {
        "content": [
            {
                "AGGREGATE_RESULTS": {
                    "polars": "1.17.1",
                    "python": "3.12.8"
                },
                "CLEAN_GENE_IDS": {
                    "polars": "1.17.1",
                    "python": "3.12.8"
                },
                "COLLECT_GENE_IDS": {
                    "python": "3.14.2",
                    "tqdm": "4.67.1"
                },
                "COLLECT_STATISTICS": {
                    "pandas": "2.3.3",
                    "python": "3.13.7"
                },
                "COMPUTE_DATASET_STATISTICS": {
                    "polars": "1.17.1",
                    "python": "3.12.8"
                },
                "COMPUTE_GENE_TRANSCRIPT_LENGTHS": {
                    "pandas": "2.3.3",
                    "python": "3.13.7"
                },
                "COMPUTE_GLOBAL_STATISTICS": {
                    "polars": "1.17.1",
                    "python": "3.12.8"
                },
                "COMPUTE_PLATFORM_STATISTICS": {
                    "polars": "1.17.1",
                    "python": "3.12.8"
                },
                "COMPUTE_STABILITY_SCORES": {
                    "polars": "1.17.1",
                    "python": "3.12.8"
                },
                "COMPUTE_TPM": {
                    "polars": "1.17.1",
                    "python": "3.12.8"
                },
                "DASH_APP": {
                    "python": "3.13.8",
                    "dash": "3.2.0",
                    "dash-extensions": "2.0.4",
                    "dash-mantine-components": "2.3.0",
                    "dash-ag-grid": "32.3.2",
                    "polars": "1.35.0",
                    "pandas": "2.3.3",
                    "pyarrow": "22.0.0",
                    "scipy": "1.16.3"
                },
                "DETECT_RARE_GENES": {
                    "polars": "1.17.1",
                    "python": "3.12.8"
                },
                "DOWNLOAD_ENSEMBL_ANNOTATION": {
                    "bs4": "4.14.2",
                    "pandas": "2.3.3",
                    "python": "3.14.0",
                    "requests": "2.32.5",
                    "tqdm": "4.67.1"
                },
                "EXPRESSION_ATLAS": {
                    "ExpressionAtlas": "1.30.0",
                    "R": "4.3.3 (2024-02-29)",
                    "nltk": "3.9.1",
                    "pandas": "2.3.0",
                    "python": "3.13.5",
                    "pyyaml": "6.0.2",
                    "requests": "2.32.4"
                },
                "FILTER_AND_RENAME_GENES": {
                    "polars": "1.17.1",
                    "python": "3.12.8"
                },
                "GET_CANDIDATE_GENES": {
                    "polars": "1.17.1",
                    "python": "3.12.8"
                },
                "GPROFILER_IDMAPPING": {
                    "pandas": "2.3.1",
                    "python": "3.13.5",
                    "requests": "2.32.4"
                },
                "MERGE_ALL_COUNTS": {
                    "polars": "1.34.0",
                    "python": "3.14.0",
                    "tqdm": "4.67.1"
                },
                "MERGE_PLATFORM_COUNTS": {
                    "polars": "1.34.0",
                    "python": "3.14.0",
                    "tqdm": "4.67.1"
                },
                "NORMFINDER": {
                    "polars": "1.33.1",
                    "python": "3.13.7"
                },
                "QUANTILE_NORMALISATION": {
                    "polars": "1.36.1",
                    "python": "3.14.2",
                    "scikit-learn": "1.8.0"
                },
                "REMOVE_SAMPLES_NOT_VALID": {
                    "polars": "1.17.1",
                    "python": "3.12.8"
                },
                "Workflow": {
                    "nf-core/stableexpression": "v1.0dev"
                }
            },
            [
                "aggregated",
                "aggregated/all_counts_filtered.parquet",
                "aggregated/all_genes_summary.csv",
                "aggregated/most_stable_genes_summary.csv",
                "aggregated/most_stable_genes_transposed_counts_filtered.csv",
                "dash_app",
                "dash_app/app.py",
                "dash_app/assets",
                "dash_app/assets/style.css",
                "dash_app/data",
                "dash_app/data/all_counts.parquet",
                "dash_app/data/all_genes_summary.csv",
                "dash_app/data/whole_design.csv",
                "dash_app/environment.yml",
                "dash_app/src",
                "dash_app/src/callbacks",
                "dash_app/src/callbacks/common.py",
                "dash_app/src/callbacks/genes.py",
                "dash_app/src/callbacks/samples.py",
                "dash_app/src/components",
                "dash_app/src/components/graphs.py",
                "dash_app/src/components/icons.py",
                "dash_app/src/components/right_sidebar.py",
                "dash_app/src/components/settings",
                "dash_app/src/components/settings/genes.py",
                "dash_app/src/components/settings/samples.py",
                "dash_app/src/components/stores.py",
                "dash_app/src/components/tables.py",
                "dash_app/src/components/tooltips.py",
                "dash_app/src/components/top.py",
                "dash_app/src/utils",
                "dash_app/src/utils/config.py",
                "dash_app/src/utils/data_management.py",
                "dash_app/src/utils/style.py",
                "errors",
                "errors/eatlas_failure_reasons.csv",
                "errors/renaming_failure_reasons.tsv",
                "idmapping",
                "idmapping/collected_gene_ids",
                "idmapping/collected_gene_ids/gene_id_occurrences.csv",
                "idmapping/collected_gene_ids/unique_gene_ids.txt",
                "idmapping/global_gene_id_mapping.csv",
                "idmapping/global_gene_metadata.csv",
                "idmapping/gprofiler",
                "idmapping/gprofiler/gene_metadata.csv",
                "idmapping/gprofiler/mapped_gene_ids.csv",
                "idmapping/whole_gene_id_mapping.csv",
                "idmapping/whole_gene_metadata.csv",
                "merged_datasets",
                "merged_datasets/whole_design.csv",
                "multiqc",
                "multiqc/multiqc_data",
                "multiqc/multiqc_data/llms-full.txt",
                "multiqc/multiqc_data/multiqc.log",
                "multiqc/multiqc_data/multiqc.parquet",
                "multiqc/multiqc_data/multiqc_citations.txt",
                "multiqc/multiqc_data/multiqc_data.json",
                "multiqc/multiqc_data/multiqc_eatlas_all_experiments_metadata.txt",
                "multiqc/multiqc_data/multiqc_eatlas_failure_reasons.txt",
                "multiqc/multiqc_data/multiqc_eatlas_selected_experiments_metadata.txt",
                "multiqc/multiqc_data/multiqc_expression_distributions_most_stable_genes.txt",
                "multiqc/multiqc_data/multiqc_gene_statistics.txt",
                "multiqc/multiqc_data/multiqc_id_mapping_stats.txt",
                "multiqc/multiqc_data/multiqc_ranked_most_stable_genes_summary.txt",
                "multiqc/multiqc_data/multiqc_ratio_zeros.txt",
                "multiqc/multiqc_data/multiqc_renaming_failure_reasons.txt",
                "multiqc/multiqc_data/multiqc_skewness.txt",
                "multiqc/multiqc_data/multiqc_software_versions.txt",
                "multiqc/multiqc_data/multiqc_sources.txt",
                "multiqc/multiqc_data/multiqc_total_gene_id_occurrence_quantiles.txt",
                "multiqc/multiqc_plots",
                "multiqc/multiqc_plots/pdf",
                "multiqc/multiqc_plots/pdf/eatlas_all_experiments_metadata.pdf",
                "multiqc/multiqc_plots/pdf/eatlas_failure_reasons.pdf",
                "multiqc/multiqc_plots/pdf/eatlas_selected_experiments_metadata.pdf",
                "multiqc/multiqc_plots/pdf/expression_distributions_most_stable_genes.pdf",
                "multiqc/multiqc_plots/pdf/gene_statistics.pdf",
                "multiqc/multiqc_plots/pdf/id_mapping_stats-cnt.pdf",
                "multiqc/multiqc_plots/pdf/id_mapping_stats-pct.pdf",
                "multiqc/multiqc_plots/pdf/ranked_most_stable_genes_summary.pdf",
                "multiqc/multiqc_plots/pdf/ratio_zeros.pdf",
                "multiqc/multiqc_plots/pdf/renaming_failure_reasons.pdf",
                "multiqc/multiqc_plots/pdf/skewness.pdf",
                "multiqc/multiqc_plots/pdf/total_gene_id_occurrence_quantiles.pdf",
                "multiqc/multiqc_plots/png",
                "multiqc/multiqc_plots/png/eatlas_all_experiments_metadata.png",
                "multiqc/multiqc_plots/png/eatlas_failure_reasons.png",
                "multiqc/multiqc_plots/png/eatlas_selected_experiments_metadata.png",
                "multiqc/multiqc_plots/png/expression_distributions_most_stable_genes.png",
                "multiqc/multiqc_plots/png/gene_statistics.png",
                "multiqc/multiqc_plots/png/id_mapping_stats-cnt.png",
                "multiqc/multiqc_plots/png/id_mapping_stats-pct.png",
                "multiqc/multiqc_plots/png/ranked_most_stable_genes_summary.png",
                "multiqc/multiqc_plots/png/ratio_zeros.png",
                "multiqc/multiqc_plots/png/renaming_failure_reasons.png",
                "multiqc/multiqc_plots/png/skewness.png",
                "multiqc/multiqc_plots/png/total_gene_id_occurrence_quantiles.png",
                "multiqc/multiqc_plots/svg",
                "multiqc/multiqc_plots/svg/eatlas_all_experiments_metadata.svg",
                "multiqc/multiqc_plots/svg/eatlas_failure_reasons.svg",
                "multiqc/multiqc_plots/svg/eatlas_selected_experiments_metadata.svg",
                "multiqc/multiqc_plots/svg/expression_distributions_most_stable_genes.svg",
                "multiqc/multiqc_plots/svg/gene_statistics.svg",
                "multiqc/multiqc_plots/svg/id_mapping_stats-cnt.svg",
                "multiqc/multiqc_plots/svg/id_mapping_stats-pct.svg",
                "multiqc/multiqc_plots/svg/ranked_most_stable_genes_summary.svg",
                "multiqc/multiqc_plots/svg/ratio_zeros.svg",
                "multiqc/multiqc_plots/svg/renaming_failure_reasons.svg",
                "multiqc/multiqc_plots/svg/skewness.svg",
                "multiqc/multiqc_plots/svg/total_gene_id_occurrence_quantiles.svg",
                "multiqc/multiqc_report.html",
                "multiqc/versions.yml",
                "normalised",
                "normalised/E_GEOD_61690_rnaseq",
                "normalised/E_GEOD_61690_rnaseq/quantile_normalised",
                "normalised/E_GEOD_61690_rnaseq/quantile_normalised/E_GEOD_61690_rnaseq.rnaseq.raw.counts.cleaned.renamed.filtered.tpm.quant_norm.parquet",
                "normalised/E_GEOD_61690_rnaseq/tpm",
                "normalised/E_GEOD_61690_rnaseq/tpm/E_GEOD_61690_rnaseq.rnaseq.raw.counts.cleaned.renamed.filtered.tpm.parquet",
                "normalised/E_GEOD_77826_rnaseq",
                "normalised/E_GEOD_77826_rnaseq/quantile_normalised",
                "normalised/E_GEOD_77826_rnaseq/quantile_normalised/E_GEOD_77826_rnaseq.rnaseq.raw.counts.cleaned.renamed.filtered.tpm.quant_norm.parquet",
                "normalised/E_GEOD_77826_rnaseq/tpm",
                "normalised/E_GEOD_77826_rnaseq/tpm/E_GEOD_77826_rnaseq.rnaseq.raw.counts.cleaned.renamed.filtered.tpm.parquet",
                "normalised/E_MTAB_5038_rnaseq",
                "normalised/E_MTAB_5038_rnaseq/quantile_normalised",
                "normalised/E_MTAB_5038_rnaseq/quantile_normalised/E_MTAB_5038_rnaseq.rnaseq.raw.counts.cleaned.renamed.filtered.tpm.quant_norm.parquet",
                "normalised/E_MTAB_5038_rnaseq/tpm",
                "normalised/E_MTAB_5038_rnaseq/tpm/E_MTAB_5038_rnaseq.rnaseq.raw.counts.cleaned.renamed.filtered.tpm.parquet",
                "normalised/E_MTAB_5215_rnaseq",
                "normalised/E_MTAB_5215_rnaseq/quantile_normalised",
                "normalised/E_MTAB_5215_rnaseq/quantile_normalised/E_MTAB_5215_rnaseq.rnaseq.raw.counts.cleaned.renamed.filtered.tpm.quant_norm.parquet",
                "normalised/E_MTAB_5215_rnaseq/tpm",
                "normalised/E_MTAB_5215_rnaseq/tpm/E_MTAB_5215_rnaseq.rnaseq.raw.counts.cleaned.renamed.filtered.tpm.parquet",
                "normalised/E_MTAB_552_rnaseq",
                "normalised/E_MTAB_552_rnaseq/quantile_normalised",
                "normalised/E_MTAB_552_rnaseq/quantile_normalised/E_MTAB_552_rnaseq.rnaseq.raw.counts.cleaned.renamed.filtered.tpm.quant_norm.parquet",
                "normalised/E_MTAB_552_rnaseq/tpm",
                "normalised/E_MTAB_552_rnaseq/tpm/E_MTAB_552_rnaseq.rnaseq.raw.counts.cleaned.renamed.filtered.tpm.parquet",
                "normalised/E_MTAB_7711_rnaseq",
                "normalised/E_MTAB_7711_rnaseq/quantile_normalised",
                "normalised/E_MTAB_7711_rnaseq/quantile_normalised/E_MTAB_7711_rnaseq.rnaseq.raw.counts.cleaned.renamed.filtered.tpm.quant_norm.parquet",
                "normalised/E_MTAB_7711_rnaseq/tpm",
                "normalised/E_MTAB_7711_rnaseq/tpm/E_MTAB_7711_rnaseq.rnaseq.raw.counts.cleaned.renamed.filtered.tpm.parquet",
                "pipeline_info",
                "pipeline_info/nf_core_stableexpression_software_mqc_versions.yml",
                "public_data",
                "public_data/expression_atlas",
                "public_data/expression_atlas/accessions",
                "public_data/expression_atlas/accessions/accessions.txt",
                "public_data/expression_atlas/accessions/selected_experiments.metadata.tsv",
                "public_data/expression_atlas/accessions/species_experiments.metadata.tsv",
                "public_data/expression_atlas/datasets",
                "public_data/expression_atlas/datasets/E_GEOD_61690_rnaseq.design.csv",
                "public_data/expression_atlas/datasets/E_GEOD_61690_rnaseq.rnaseq.raw.counts.csv",
                "public_data/expression_atlas/datasets/E_GEOD_77826_rnaseq.design.csv",
                "public_data/expression_atlas/datasets/E_GEOD_77826_rnaseq.rnaseq.raw.counts.csv",
                "public_data/expression_atlas/datasets/E_MTAB_4252_rnaseq.design.csv",
                "public_data/expression_atlas/datasets/E_MTAB_4252_rnaseq.rnaseq.raw.counts.csv",
                "public_data/expression_atlas/datasets/E_MTAB_5038_rnaseq.design.csv",
                "public_data/expression_atlas/datasets/E_MTAB_5038_rnaseq.rnaseq.raw.counts.csv",
                "public_data/expression_atlas/datasets/E_MTAB_5215_rnaseq.design.csv",
                "public_data/expression_atlas/datasets/E_MTAB_5215_rnaseq.rnaseq.raw.counts.csv",
                "public_data/expression_atlas/datasets/E_MTAB_552_rnaseq.design.csv",
                "public_data/expression_atlas/datasets/E_MTAB_552_rnaseq.rnaseq.raw.counts.csv",
                "public_data/expression_atlas/datasets/E_MTAB_7711_rnaseq.design.csv",
                "public_data/expression_atlas/datasets/E_MTAB_7711_rnaseq.rnaseq.raw.counts.csv",
                "public_data/expression_atlas/datasets/failure_reason.txt",
                "statistics",
                "statistics/id_mapping_stats.csv",
                "statistics/ratio_zeros.csv",
                "statistics/skewness.csv",
                "warnings"
            ],
            [
                "all_genes_summary.csv:md5,b8661916743026427c8df986722c38ea",
                "most_stable_genes_summary.csv:md5,e281330972fdc9cce06be4e079af8913",
                "most_stable_genes_transposed_counts_filtered.csv:md5,be29a5a60aa6785bcfe06d93cef0cdf8",
                "style.css:md5,e6ba182eaf06980dbda49920efbf6e64",
                "all_genes_summary.csv:md5,b8661916743026427c8df986722c38ea",
                "whole_design.csv:md5,cc24405dce8d22b93b9999a2287113ef",
                "environment.yml:md5,f9b192ef98a67f2084ad2fed6da01bc1",
                "eatlas_failure_reasons.csv:md5,2a8cd0ed795e82647d19c484a79acde6",
                "renaming_failure_reasons.tsv:md5,af783264770a861c263480141fdd8bf6",
                "gene_id_occurrences.csv:md5,5f07f7504156cf5dd6db26f230eb73a2",
                "unique_gene_ids.txt:md5,e9681582a09fe58f5258977db1d9da3f",
                "global_gene_id_mapping.csv:md5,a86823539deb80c0aa44378d3078969d",
                "global_gene_metadata.csv:md5,e33e0ed63a3dec26bc95fe422f02844c",
                "gene_metadata.csv:md5,e33e0ed63a3dec26bc95fe422f02844c",
                "mapped_gene_ids.csv:md5,a86823539deb80c0aa44378d3078969d",
                "whole_gene_id_mapping.csv:md5,a86823539deb80c0aa44378d3078969d",
                "whole_gene_metadata.csv:md5,e33e0ed63a3dec26bc95fe422f02844c",
                "whole_design.csv:md5,cc24405dce8d22b93b9999a2287113ef",
                "accessions.txt:md5,e38a0aaf5191ba5f94cb7a96b8d30aa7",
                "E_GEOD_61690_rnaseq.design.csv:md5,ba807caf74e0b55f5c3fe23810a89560",
                "E_GEOD_61690_rnaseq.rnaseq.raw.counts.csv:md5,2e3f1a125b3d41d622e2d24447620eb3",
                "E_GEOD_77826_rnaseq.design.csv:md5,5aa61df754aa9c6c107b247c642d2e53",
                "E_GEOD_77826_rnaseq.rnaseq.raw.counts.csv:md5,85cea79c602a9924d5a4d6b597ef5530",
                "E_MTAB_4252_rnaseq.design.csv:md5,5aef2d1f8b78b3e60225855a6aafe6ad",
                "E_MTAB_4252_rnaseq.rnaseq.raw.counts.csv:md5,80d4fdb7f02fc7875827b61e104da56e",
                "E_MTAB_5038_rnaseq.design.csv:md5,352ed3163d7deef2be35d899418d5ad4",
                "E_MTAB_5038_rnaseq.rnaseq.raw.counts.csv:md5,b4acb3d7c39cdb2bd6cef6c9314c5b2a",
                "E_MTAB_5215_rnaseq.design.csv:md5,2741dcd5b45bacce865db632f626a273",
                "E_MTAB_5215_rnaseq.rnaseq.raw.counts.csv:md5,273704bdf762c342271b33958a84d1e7",
                "E_MTAB_552_rnaseq.design.csv:md5,b81490696f638e90c1cf14236bb0c08c",
                "E_MTAB_552_rnaseq.rnaseq.raw.counts.csv:md5,830f50b60b17b62f9ca2f6a163a2879f",
                "E_MTAB_7711_rnaseq.design.csv:md5,3e7748b54a0c25c008d9bd2ddbf1bf00",
                "E_MTAB_7711_rnaseq.rnaseq.raw.counts.csv:md5,3c02cf432c29d3751c978439539df388",
                "failure_reason.txt:md5,bf97c58555bcb575f0e36df513e1e4c4",
                "id_mapping_stats.csv:md5,ca5e05936cbc8a1e8ea7c942752c883a",
                "ratio_zeros.csv:md5,b02e3ef082c377aa69dafb8dc894f754",
                "skewness.csv:md5,b7bf553b6c85f5d09612fe2630c06aa9"
            ]
        ],
        "meta": {
            "nf-test": "0.9.3",
            "nextflow": "25.10.2"
        },
        "timestamp": "2026-01-13T13:18:59.960782988"
    },
    "-profile test_skip_id_mapping": {
        "content": [
            [
                "errors",
                "idmapping",
                "merged_datasets",
                "merged_datasets/whole_design.csv",
                "multiqc",
                "multiqc/multiqc_data",
                "multiqc/multiqc_data/llms-full.txt",
                "multiqc/multiqc_data/multiqc.log",
                "multiqc/multiqc_data/multiqc.parquet",
                "multiqc/multiqc_data/multiqc_citations.txt",
                "multiqc/multiqc_data/multiqc_data.json",
                "multiqc/multiqc_data/multiqc_ratio_zeros.txt",
                "multiqc/multiqc_data/multiqc_skewness.txt",
                "multiqc/multiqc_data/multiqc_software_versions.txt",
                "multiqc/multiqc_data/multiqc_sources.txt",
                "multiqc/multiqc_plots",
                "multiqc/multiqc_plots/pdf",
                "multiqc/multiqc_plots/pdf/ratio_zeros.pdf",
                "multiqc/multiqc_plots/pdf/skewness.pdf",
                "multiqc/multiqc_plots/png",
                "multiqc/multiqc_plots/png/ratio_zeros.png",
                "multiqc/multiqc_plots/png/skewness.png",
                "multiqc/multiqc_plots/svg",
                "multiqc/multiqc_plots/svg/ratio_zeros.svg",
                "multiqc/multiqc_plots/svg/skewness.svg",
                "multiqc/multiqc_report.html",
                "multiqc/versions.yml",
                "normalised",
                "normalised/microarray.normalised",
                "normalised/microarray.normalised/quantile_normalised",
                "normalised/microarray.normalised/quantile_normalised/microarray.normalised.filtered.quant_norm.parquet",
                "normalised/rnaseq.raw",
                "normalised/rnaseq.raw/quantile_normalised",
                "normalised/rnaseq.raw/quantile_normalised/rnaseq.raw.filtered.tpm.quant_norm.parquet",
                "normalised/rnaseq.raw/tpm",
                "normalised/rnaseq.raw/tpm/rnaseq.raw.filtered.tpm.parquet",
                "pipeline_info",
                "pipeline_info/nf_core_stableexpression_software_mqc_versions.yml",
                "statistics",
                "statistics/ratio_zeros.csv",
                "statistics/skewness.csv",
                "warnings"
            ],
            [
                "whole_design.csv:md5,70d6c2673e619ca52d2774fb3e368382",
                "ratio_zeros.csv:md5,3d3fca62a7d1067f0ae0980c8ff570b9",
                "skewness.csv:md5,3380ed4915bdbb1be1e5354c6cd99e8c"
            ]
        ],
        "meta": {
            "nf-test": "0.9.3",
            "nextflow": "25.10.2"
        },
        "timestamp": "2026-01-13T13:15:27.393976699"
    },
    "-profile test": {
        "content": [
            [
                "aggregated",
                "aggregated/all_counts_filtered.parquet",
                "aggregated/all_genes_summary.csv",
                "aggregated/most_stable_genes_summary.csv",
                "aggregated/most_stable_genes_transposed_counts_filtered.csv",
                "dash_app",
                "dash_app/app.py",
                "dash_app/assets",
                "dash_app/assets/style.css",
                "dash_app/data",
                "dash_app/data/all_counts.parquet",
                "dash_app/data/all_genes_summary.csv",
                "dash_app/data/whole_design.csv",
                "dash_app/environment.yml",
                "dash_app/src",
                "dash_app/src/callbacks",
                "dash_app/src/callbacks/common.py",
                "dash_app/src/callbacks/genes.py",
                "dash_app/src/callbacks/samples.py",
                "dash_app/src/components",
                "dash_app/src/components/graphs.py",
                "dash_app/src/components/icons.py",
                "dash_app/src/components/right_sidebar.py",
                "dash_app/src/components/settings",
                "dash_app/src/components/settings/genes.py",
                "dash_app/src/components/settings/samples.py",
                "dash_app/src/components/stores.py",
                "dash_app/src/components/tables.py",
                "dash_app/src/components/tooltips.py",
                "dash_app/src/components/top.py",
                "dash_app/src/utils",
                "dash_app/src/utils/config.py",
                "dash_app/src/utils/data_management.py",
                "dash_app/src/utils/style.py",
                "errors",
                "geo",
                "idmapping",
                "idmapping/collected_gene_ids",
                "idmapping/collected_gene_ids/gene_id_occurrences.csv",
                "idmapping/collected_gene_ids/unique_gene_ids.txt",
                "idmapping/global_gene_id_mapping.csv",
                "idmapping/global_gene_metadata.csv",
                "idmapping/gprofiler",
                "idmapping/gprofiler/gene_metadata.csv",
                "idmapping/gprofiler/mapped_gene_ids.csv",
                "idmapping/whole_gene_id_mapping.csv",
                "idmapping/whole_gene_metadata.csv",
                "merged_datasets",
                "merged_datasets/whole_design.csv",
                "multiqc",
                "multiqc/multiqc_data",
                "multiqc/multiqc_data/llms-full.txt",
                "multiqc/multiqc_data/multiqc.log",
                "multiqc/multiqc_data/multiqc.parquet",
                "multiqc/multiqc_data/multiqc_citations.txt",
                "multiqc/multiqc_data/multiqc_data.json",
                "multiqc/multiqc_data/multiqc_eatlas_all_experiments_metadata.txt",
                "multiqc/multiqc_data/multiqc_eatlas_selected_experiments_metadata.txt",
                "multiqc/multiqc_data/multiqc_expression_distributions_most_stable_genes.txt",
                "multiqc/multiqc_data/multiqc_gene_statistics.txt",
                "multiqc/multiqc_data/multiqc_geo_all_experiments_metadata.txt",
                "multiqc/multiqc_data/multiqc_geo_rejected_experiments_metadata.txt",
                "multiqc/multiqc_data/multiqc_geo_selected_experiments_metadata.txt",
                "multiqc/multiqc_data/multiqc_geo_warning_reasons.txt",
                "multiqc/multiqc_data/multiqc_id_mapping_stats.txt",
                "multiqc/multiqc_data/multiqc_ranked_most_stable_genes_summary.txt",
                "multiqc/multiqc_data/multiqc_ratio_zeros.txt",
                "multiqc/multiqc_data/multiqc_skewness.txt",
                "multiqc/multiqc_data/multiqc_software_versions.txt",
                "multiqc/multiqc_data/multiqc_sources.txt",
                "multiqc/multiqc_data/multiqc_total_gene_id_occurrence_quantiles.txt",
                "multiqc/multiqc_plots",
                "multiqc/multiqc_plots/pdf",
                "multiqc/multiqc_plots/pdf/eatlas_all_experiments_metadata.pdf",
                "multiqc/multiqc_plots/pdf/eatlas_selected_experiments_metadata.pdf",
                "multiqc/multiqc_plots/pdf/expression_distributions_most_stable_genes.pdf",
                "multiqc/multiqc_plots/pdf/gene_statistics.pdf",
                "multiqc/multiqc_plots/pdf/geo_all_experiments_metadata.pdf",
                "multiqc/multiqc_plots/pdf/geo_rejected_experiments_metadata.pdf",
                "multiqc/multiqc_plots/pdf/geo_selected_experiments_metadata.pdf",
                "multiqc/multiqc_plots/pdf/geo_warning_reasons.pdf",
                "multiqc/multiqc_plots/pdf/id_mapping_stats-cnt.pdf",
                "multiqc/multiqc_plots/pdf/id_mapping_stats-pct.pdf",
                "multiqc/multiqc_plots/pdf/ranked_most_stable_genes_summary.pdf",
                "multiqc/multiqc_plots/pdf/ratio_zeros.pdf",
                "multiqc/multiqc_plots/pdf/skewness.pdf",
                "multiqc/multiqc_plots/pdf/total_gene_id_occurrence_quantiles.pdf",
                "multiqc/multiqc_plots/png",
                "multiqc/multiqc_plots/png/eatlas_all_experiments_metadata.png",
                "multiqc/multiqc_plots/png/eatlas_selected_experiments_metadata.png",
                "multiqc/multiqc_plots/png/expression_distributions_most_stable_genes.png",
                "multiqc/multiqc_plots/png/gene_statistics.png",
                "multiqc/multiqc_plots/png/geo_all_experiments_metadata.png",
                "multiqc/multiqc_plots/png/geo_rejected_experiments_metadata.png",
                "multiqc/multiqc_plots/png/geo_selected_experiments_metadata.png",
                "multiqc/multiqc_plots/png/geo_warning_reasons.png",
                "multiqc/multiqc_plots/png/id_mapping_stats-cnt.png",
                "multiqc/multiqc_plots/png/id_mapping_stats-pct.png",
                "multiqc/multiqc_plots/png/ranked_most_stable_genes_summary.png",
                "multiqc/multiqc_plots/png/ratio_zeros.png",
                "multiqc/multiqc_plots/png/skewness.png",
                "multiqc/multiqc_plots/png/total_gene_id_occurrence_quantiles.png",
                "multiqc/multiqc_plots/svg",
                "multiqc/multiqc_plots/svg/eatlas_all_experiments_metadata.svg",
                "multiqc/multiqc_plots/svg/eatlas_selected_experiments_metadata.svg",
                "multiqc/multiqc_plots/svg/expression_distributions_most_stable_genes.svg",
                "multiqc/multiqc_plots/svg/gene_statistics.svg",
                "multiqc/multiqc_plots/svg/geo_all_experiments_metadata.svg",
                "multiqc/multiqc_plots/svg/geo_rejected_experiments_metadata.svg",
                "multiqc/multiqc_plots/svg/geo_selected_experiments_metadata.svg",
                "multiqc/multiqc_plots/svg/geo_warning_reasons.svg",
                "multiqc/multiqc_plots/svg/id_mapping_stats-cnt.svg",
                "multiqc/multiqc_plots/svg/id_mapping_stats-pct.svg",
                "multiqc/multiqc_plots/svg/ranked_most_stable_genes_summary.svg",
                "multiqc/multiqc_plots/svg/ratio_zeros.svg",
                "multiqc/multiqc_plots/svg/skewness.svg",
                "multiqc/multiqc_plots/svg/total_gene_id_occurrence_quantiles.svg",
                "multiqc/multiqc_report.html",
                "multiqc/versions.yml",
                "normalised",
                "normalised/E_MTAB_8187_rnaseq",
                "normalised/E_MTAB_8187_rnaseq/quantile_normalised",
                "normalised/E_MTAB_8187_rnaseq/quantile_normalised/E_MTAB_8187_rnaseq.rnaseq.raw.counts.cleaned.renamed.filtered.tpm.quant_norm.parquet",
                "normalised/E_MTAB_8187_rnaseq/tpm",
                "normalised/E_MTAB_8187_rnaseq/tpm/E_MTAB_8187_rnaseq.rnaseq.raw.counts.cleaned.renamed.filtered.tpm.parquet",
                "normalised/beta_vulgaris.rnaseq.raw.counts",
                "normalised/beta_vulgaris.rnaseq.raw.counts/quantile_normalised",
                "normalised/beta_vulgaris.rnaseq.raw.counts/quantile_normalised/beta_vulgaris.rnaseq.raw.counts.cleaned.renamed.filtered.tpm.quant_norm.parquet",
                "normalised/beta_vulgaris.rnaseq.raw.counts/tpm",
                "normalised/beta_vulgaris.rnaseq.raw.counts/tpm/beta_vulgaris.rnaseq.raw.counts.cleaned.renamed.filtered.tpm.parquet",
                "pipeline_info",
                "pipeline_info/nf_core_stableexpression_software_mqc_versions.yml",
                "public_data",
                "public_data/expression_atlas",
                "public_data/expression_atlas/accessions",
                "public_data/expression_atlas/accessions/accessions.txt",
                "public_data/expression_atlas/accessions/selected_experiments.metadata.tsv",
                "public_data/expression_atlas/accessions/species_experiments.metadata.tsv",
                "public_data/expression_atlas/datasets",
                "public_data/expression_atlas/datasets/E_MTAB_8187_rnaseq.design.csv",
                "public_data/expression_atlas/datasets/E_MTAB_8187_rnaseq.rnaseq.raw.counts.csv",
                "public_data/geo",
                "public_data/geo/accessions",
                "public_data/geo/accessions/accessions.txt",
                "public_data/geo/accessions/geo_all_datasets.metadata.tsv",
                "public_data/geo/accessions/geo_rejected_datasets.metadata.tsv",
                "public_data/geo/accessions/geo_selected_datasets.metadata.tsv",
                "public_data/geo/datasets",
                "public_data/geo/datasets/warning_reason.txt",
                "statistics",
                "statistics/id_mapping_stats.csv",
                "statistics/ratio_zeros.csv",
                "statistics/skewness.csv",
                "warnings",
                "warnings/geo_warning_reasons.csv"
            ],
            [
                "all_genes_summary.csv:md5,bea9d7cee88136a4a64812558d3b3119",
                "most_stable_genes_summary.csv:md5,9d5b15d996ab2d9064174bfdfeb8d256",
                "most_stable_genes_transposed_counts_filtered.csv:md5,70412588c290cac3cd85b189cdee2db6",
                "style.css:md5,e6ba182eaf06980dbda49920efbf6e64",
                "all_genes_summary.csv:md5,bea9d7cee88136a4a64812558d3b3119",
                "whole_design.csv:md5,3c1e14c9bd7ad250326b070a0dd4d81f",
                "environment.yml:md5,f9b192ef98a67f2084ad2fed6da01bc1",
                "gene_id_occurrences.csv:md5,fab6c66d7793c245f67b0cd6d5053cdd",
                "unique_gene_ids.txt:md5,ba79f5609df755c0f75de41357319c84",
                "global_gene_id_mapping.csv:md5,7eecbd2d88adaf5f213f238a72d28b99",
                "global_gene_metadata.csv:md5,cc8d4afdbaf03cd39a4e10f2a9040b7e",
                "gene_metadata.csv:md5,cc8d4afdbaf03cd39a4e10f2a9040b7e",
                "mapped_gene_ids.csv:md5,7eecbd2d88adaf5f213f238a72d28b99",
                "whole_gene_id_mapping.csv:md5,7eecbd2d88adaf5f213f238a72d28b99",
                "whole_gene_metadata.csv:md5,cc8d4afdbaf03cd39a4e10f2a9040b7e",
                "whole_design.csv:md5,3c1e14c9bd7ad250326b070a0dd4d81f",
                "accessions.txt:md5,76e5e3af7c72eac7a1993a2bd75b4d1a",
                "E_MTAB_8187_rnaseq.design.csv:md5,fbd18d011d7d855452e5a30a303afcbf",
                "E_MTAB_8187_rnaseq.rnaseq.raw.counts.csv:md5,fe221fd94f66df7120b0590091e14eb1",
                "accessions.txt:md5,63a651d9df354aef24400cebe56dd5ec",
                "warning_reason.txt:md5,603e30b732b7a6b501b59adf9d0e8837",
                "id_mapping_stats.csv:md5,dc2d9d7f34e570411c8cf5885b447719",
                "ratio_zeros.csv:md5,a6ca9ce8ab585102df150ae182af68b6",
                "skewness.csv:md5,3fecd4b1fa61e11361d6d871763c8e48",
                "geo_warning_reasons.csv:md5,0a77f9268abb1084fde8cb4c5cc96eca"
            ]
        ],
        "meta": {
            "nf-test": "0.9.3",
            "nextflow": "25.10.2"
        },
        "timestamp": "2026-01-13T13:09:19.670861344"
    },
    "-profile test_dataset_custom_mapping_and_gene_length": {
        "content": [
            {
                "Workflow": {
                    "nf-core/stableexpression": "v1.0dev"
                }
            },
            [
                "errors",
                "idmapping",
                "idmapping/global_gene_id_mapping.csv",
                "idmapping/global_gene_metadata.csv",
                "idmapping/whole_gene_id_mapping.csv",
                "idmapping/whole_gene_metadata.csv",
                "merged_datasets",
                "multiqc",
                "multiqc/multiqc_data",
                "multiqc/multiqc_data/llms-full.txt",
                "multiqc/multiqc_data/multiqc.log",
                "multiqc/multiqc_data/multiqc.parquet",
                "multiqc/multiqc_data/multiqc_citations.txt",
                "multiqc/multiqc_data/multiqc_data.json",
                "multiqc/multiqc_data/multiqc_software_versions.txt",
                "multiqc/multiqc_data/multiqc_sources.txt",
                "multiqc/multiqc_report.html",
                "multiqc/versions.yml",
                "pipeline_info",
                "pipeline_info/nf_core_stableexpression_software_mqc_versions.yml",
                "statistics",
                "warnings"
            ],
            [
                "global_gene_id_mapping.csv:md5,187a86074197044846bb8565e122eb8e",
                "global_gene_metadata.csv:md5,5ae2d701ca0cb6384d9e1e08a345e452",
                "whole_gene_id_mapping.csv:md5,187a86074197044846bb8565e122eb8e",
                "whole_gene_metadata.csv:md5,5ae2d701ca0cb6384d9e1e08a345e452"
            ]
        ],
        "meta": {
            "nf-test": "0.9.3",
            "nextflow": "25.10.2"
        },
        "timestamp": "2026-01-06T17:24:45.471369388"
    },
    "-profile test_accessions_only": {
        "content": [
            {
                "EXPRESSION_ATLAS": {
                    "nltk": "3.9.1",
                    "pandas": "2.3.0",
                    "python": "3.13.5",
                    "pyyaml": "6.0.2",
                    "requests": "2.32.4"
                },
                "Workflow": {
                    "nf-core/stableexpression": "v1.0dev"
                }
            },
            [
                "errors",
                "multiqc",
                "multiqc/multiqc_data",
                "multiqc/multiqc_data/llms-full.txt",
                "multiqc/multiqc_data/multiqc.log",
                "multiqc/multiqc_data/multiqc.parquet",
                "multiqc/multiqc_data/multiqc_citations.txt",
                "multiqc/multiqc_data/multiqc_data.json",
                "multiqc/multiqc_data/multiqc_eatlas_all_experiments_metadata.txt",
                "multiqc/multiqc_data/multiqc_eatlas_selected_experiments_metadata.txt",
                "multiqc/multiqc_data/multiqc_software_versions.txt",
                "multiqc/multiqc_data/multiqc_sources.txt",
                "multiqc/multiqc_plots",
                "multiqc/multiqc_plots/pdf",
                "multiqc/multiqc_plots/pdf/eatlas_all_experiments_metadata.pdf",
                "multiqc/multiqc_plots/pdf/eatlas_selected_experiments_metadata.pdf",
                "multiqc/multiqc_plots/png",
                "multiqc/multiqc_plots/png/eatlas_all_experiments_metadata.png",
                "multiqc/multiqc_plots/png/eatlas_selected_experiments_metadata.png",
                "multiqc/multiqc_plots/svg",
                "multiqc/multiqc_plots/svg/eatlas_all_experiments_metadata.svg",
                "multiqc/multiqc_plots/svg/eatlas_selected_experiments_metadata.svg",
                "multiqc/multiqc_report.html",
                "multiqc/versions.yml",
                "pipeline_info",
                "pipeline_info/nf_core_stableexpression_software_mqc_versions.yml",
                "public_data",
                "public_data/expression_atlas",
                "public_data/expression_atlas/accessions",
                "public_data/expression_atlas/accessions/accessions.txt",
                "public_data/expression_atlas/accessions/selected_experiments.metadata.tsv",
                "public_data/expression_atlas/accessions/species_experiments.metadata.tsv",
                "statistics",
                "warnings"
            ],
            [
                "accessions.txt:md5,76e5e3af7c72eac7a1993a2bd75b4d1a"
            ]
        ],
        "meta": {
            "nf-test": "0.9.3",
            "nextflow": "25.10.2"
        },
        "timestamp": "2026-01-13T13:11:02.671079693"
    },
    "-profile test_one_accession_low_gene_count": {
        "content": [
            {
                "CLEAN_GENE_IDS": {
                    "polars": "1.17.1",
                    "python": "3.12.8"
                },
                "COLLECT_GENE_IDS": {
                    "python": "3.14.2",
                    "tqdm": "4.67.1"
                },
                "COLLECT_STATISTICS": {
                    "pandas": "2.3.3",
                    "python": "3.13.7"
                },
                "COMPUTE_DATASET_STATISTICS": {
                    "polars": "1.17.1",
                    "python": "3.12.8"
                },
                "COMPUTE_GENE_TRANSCRIPT_LENGTHS": {
                    "pandas": "2.3.3",
                    "python": "3.13.7"
                },
                "COMPUTE_GLOBAL_STATISTICS": {
                    "polars": "1.17.1",
                    "python": "3.12.8"
                },
                "COMPUTE_PLATFORM_STATISTICS": {
                    "polars": "1.17.1",
                    "python": "3.12.8"
                },
                "COMPUTE_TPM": {
                    "polars": "1.17.1",
                    "python": "3.12.8"
                },
                "DETECT_RARE_GENES": {
                    "polars": "1.17.1",
                    "python": "3.12.8"
                },
                "DOWNLOAD_ENSEMBL_ANNOTATION": {
                    "bs4": "4.14.2",
                    "pandas": "2.3.3",
                    "python": "3.14.0",
                    "requests": "2.32.5",
                    "tqdm": "4.67.1"
                },
                "EXPRESSION_ATLAS": {
                    "ExpressionAtlas": "1.30.0",
                    "R": "4.3.3 (2024-02-29)"
                },
                "FILTER_AND_RENAME_GENES": {
                    "polars": "1.17.1",
                    "python": "3.12.8"
                },
                "GET_CANDIDATE_GENES": {
                    "polars": "1.17.1",
                    "python": "3.12.8"
                },
                "GPROFILER_IDMAPPING": {
                    "pandas": "2.3.1",
                    "python": "3.13.5",
                    "requests": "2.32.4"
                },
                "MERGE_ALL_COUNTS": {
                    "polars": "1.34.0",
                    "python": "3.14.0",
                    "tqdm": "4.67.1"
                },
                "MERGE_PLATFORM_COUNTS": {
                    "polars": "1.34.0",
                    "python": "3.14.0",
                    "tqdm": "4.67.1"
                },
                "NORMFINDER": {
                    "polars": "1.33.1",
                    "python": "3.13.7"
                },
                "QUANTILE_NORMALISATION": {
                    "polars": "1.36.1",
                    "python": "3.14.2",
                    "scikit-learn": "1.8.0"
                },
                "REMOVE_SAMPLES_NOT_VALID": {
                    "polars": "1.17.1",
                    "python": "3.12.8"
                },
                "Workflow": {
                    "nf-core/stableexpression": "v1.0dev"
                }
            },
            [
                "errors",
                "idmapping",
                "idmapping/collected_gene_ids",
                "idmapping/collected_gene_ids/gene_id_occurrences.csv",
                "idmapping/collected_gene_ids/unique_gene_ids.txt",
                "idmapping/global_gene_id_mapping.csv",
                "idmapping/global_gene_metadata.csv",
                "idmapping/gprofiler",
                "idmapping/gprofiler/gene_metadata.csv",
                "idmapping/gprofiler/mapped_gene_ids.csv",
                "idmapping/whole_gene_id_mapping.csv",
                "idmapping/whole_gene_metadata.csv",
                "merged_datasets",
                "merged_datasets/whole_design.csv",
                "multiqc",
                "multiqc/multiqc_data",
                "multiqc/multiqc_data/llms-full.txt",
                "multiqc/multiqc_data/multiqc.log",
                "multiqc/multiqc_data/multiqc.parquet",
                "multiqc/multiqc_data/multiqc_citations.txt",
                "multiqc/multiqc_data/multiqc_data.json",
                "multiqc/multiqc_data/multiqc_id_mapping_stats.txt",
                "multiqc/multiqc_data/multiqc_ratio_zeros.txt",
                "multiqc/multiqc_data/multiqc_skewness.txt",
                "multiqc/multiqc_data/multiqc_software_versions.txt",
                "multiqc/multiqc_data/multiqc_sources.txt",
                "multiqc/multiqc_data/multiqc_total_gene_id_occurrence_quantiles.txt",
                "multiqc/multiqc_plots",
                "multiqc/multiqc_plots/pdf",
                "multiqc/multiqc_plots/pdf/id_mapping_stats-cnt.pdf",
                "multiqc/multiqc_plots/pdf/id_mapping_stats-pct.pdf",
                "multiqc/multiqc_plots/pdf/ratio_zeros.pdf",
                "multiqc/multiqc_plots/pdf/skewness.pdf",
                "multiqc/multiqc_plots/pdf/total_gene_id_occurrence_quantiles.pdf",
                "multiqc/multiqc_plots/png",
                "multiqc/multiqc_plots/png/id_mapping_stats-cnt.png",
                "multiqc/multiqc_plots/png/id_mapping_stats-pct.png",
                "multiqc/multiqc_plots/png/ratio_zeros.png",
                "multiqc/multiqc_plots/png/skewness.png",
                "multiqc/multiqc_plots/png/total_gene_id_occurrence_quantiles.png",
                "multiqc/multiqc_plots/svg",
                "multiqc/multiqc_plots/svg/id_mapping_stats-cnt.svg",
                "multiqc/multiqc_plots/svg/id_mapping_stats-pct.svg",
                "multiqc/multiqc_plots/svg/ratio_zeros.svg",
                "multiqc/multiqc_plots/svg/skewness.svg",
                "multiqc/multiqc_plots/svg/total_gene_id_occurrence_quantiles.svg",
                "multiqc/multiqc_report.html",
                "multiqc/versions.yml",
                "normalised",
                "normalised/E_GEOD_51720_rnaseq",
                "normalised/E_GEOD_51720_rnaseq/quantile_normalised",
                "normalised/E_GEOD_51720_rnaseq/quantile_normalised/E_GEOD_51720_rnaseq.rnaseq.raw.counts.cleaned.renamed.filtered.tpm.quant_norm.parquet",
                "normalised/E_GEOD_51720_rnaseq/tpm",
                "normalised/E_GEOD_51720_rnaseq/tpm/E_GEOD_51720_rnaseq.rnaseq.raw.counts.cleaned.renamed.filtered.tpm.parquet",
                "pipeline_info",
                "pipeline_info/nf_core_stableexpression_software_mqc_versions.yml",
                "public_data",
                "public_data/expression_atlas",
                "public_data/expression_atlas/datasets",
                "public_data/expression_atlas/datasets/E_GEOD_51720_rnaseq.design.csv",
                "public_data/expression_atlas/datasets/E_GEOD_51720_rnaseq.rnaseq.raw.counts.csv",
                "statistics",
                "statistics/id_mapping_stats.csv",
                "statistics/ratio_zeros.csv",
                "statistics/skewness.csv",
                "warnings"
            ],
            [
                "gene_id_occurrences.csv:md5,279e38e052661017d28451c348f39f21",
                "unique_gene_ids.txt:md5,9c463e6c1754d4f4c7ea684578aa6849",
                "global_gene_id_mapping.csv:md5,42491ef436cce231258c0358e1af5745",
                "global_gene_metadata.csv:md5,b35e20500269d4e6787ef1a3468f16bc",
                "gene_metadata.csv:md5,b35e20500269d4e6787ef1a3468f16bc",
                "mapped_gene_ids.csv:md5,42491ef436cce231258c0358e1af5745",
                "whole_gene_id_mapping.csv:md5,42491ef436cce231258c0358e1af5745",
                "whole_gene_metadata.csv:md5,b35e20500269d4e6787ef1a3468f16bc",
                "whole_design.csv:md5,d3aa542c4ad07d0051a84482fe6cd81c",
                "E_GEOD_51720_rnaseq.design.csv:md5,80805afb29837b6fbb73a6aa6f3a461b",
                "E_GEOD_51720_rnaseq.rnaseq.raw.counts.csv:md5,07cd448196fc2fea4663bd9705da2b98",
                "id_mapping_stats.csv:md5,cd17a5d4afa6b86a48adb03868d3073f",
                "ratio_zeros.csv:md5,57f747774c59abc441a353544b7c11be",
                "skewness.csv:md5,14ee7163a228d70c26097fa0f9a793ec"
            ]
        ],
        "meta": {
            "nf-test": "0.9.3",
            "nextflow": "25.10.2"
        },
        "timestamp": "2026-01-13T13:12:38.322522517"
    },
    "-profile test_bigger_with_genorm": {
        "content": [
            {
                "AGGREGATE_RESULTS": {
                    "polars": "1.17.1",
                    "python": "3.12.8"
                },
                "CLEAN_GENE_IDS": {
                    "polars": "1.17.1",
                    "python": "3.12.8"
                },
                "COLLECT_GENE_IDS": {
                    "python": "3.14.2",
                    "tqdm": "4.67.1"
                },
                "COLLECT_STATISTICS": {
                    "pandas": "2.3.3",
                    "python": "3.13.7"
                },
                "COMPUTE_DATASET_STATISTICS": {
                    "polars": "1.17.1",
                    "python": "3.12.8"
                },
                "COMPUTE_GENE_TRANSCRIPT_LENGTHS": {
                    "pandas": "2.3.3",
                    "python": "3.13.7"
                },
                "COMPUTE_GLOBAL_STATISTICS": {
                    "polars": "1.17.1",
                    "python": "3.12.8"
                },
                "COMPUTE_M_MEASURE": {
                    "polars": "1.17.1",
                    "python": "3.12.8"
                },
                "COMPUTE_PLATFORM_STATISTICS": {
                    "polars": "1.17.1",
                    "python": "3.12.8"
                },
                "COMPUTE_STABILITY_SCORES": {
                    "polars": "1.17.1",
                    "python": "3.12.8"
                },
                "COMPUTE_TPM": {
                    "polars": "1.17.1",
                    "python": "3.12.8"
                },
                "CROSS_JOIN": {
                    "polars": "1.17.1",
                    "python": "3.12.8"
                },
                "DASH_APP": {
                    "python": "3.13.8",
                    "dash": "3.2.0",
                    "dash-extensions": "2.0.4",
                    "dash-mantine-components": "2.3.0",
                    "dash-ag-grid": "32.3.2",
                    "polars": "1.35.0",
                    "pandas": "2.3.3",
                    "pyarrow": "22.0.0",
                    "scipy": "1.16.3"
                },
                "DETECT_RARE_GENES": {
                    "polars": "1.17.1",
                    "python": "3.12.8"
                },
                "DOWNLOAD_ENSEMBL_ANNOTATION": {
                    "bs4": "4.14.2",
                    "pandas": "2.3.3",
                    "python": "3.14.0",
                    "requests": "2.32.5",
                    "tqdm": "4.67.1"
                },
                "EXPRESSION_ATLAS": {
                    "ExpressionAtlas": "1.30.0",
                    "R": "4.3.3 (2024-02-29)",
                    "nltk": "3.9.1",
                    "pandas": "2.3.0",
                    "python": "3.13.5",
                    "pyyaml": "6.0.2",
                    "requests": "2.32.4"
                },
                "EXPRESSION_RATIO": {
                    "polars": "1.17.1",
                    "python": "3.12.8"
                },
                "FILTER_AND_RENAME_GENES": {
                    "polars": "1.17.1",
                    "python": "3.12.8"
                },
                "GET_CANDIDATE_GENES": {
                    "polars": "1.17.1",
                    "python": "3.12.8"
                },
                "GPROFILER_IDMAPPING": {
                    "pandas": "2.3.1",
                    "python": "3.13.5",
                    "requests": "2.32.4"
                },
                "MAKE_CHUNKS": {
                    "polars": "1.17.1",
                    "python": "3.12.8"
                },
                "MERGE_ALL_COUNTS": {
                    "polars": "1.34.0",
                    "python": "3.14.0",
                    "tqdm": "4.67.1"
                },
                "MERGE_PLATFORM_COUNTS": {
                    "polars": "1.34.0",
                    "python": "3.14.0",
                    "tqdm": "4.67.1"
                },
                "NORMFINDER": {
                    "polars": "1.33.1",
                    "python": "3.13.7"
                },
                "QUANTILE_NORMALISATION": {
                    "polars": "1.36.1",
                    "python": "3.14.2",
                    "scikit-learn": "1.8.0"
                },
                "RATIO_STANDARD_VARIATION": {
                    "polars": "1.17.1",
                    "python": "3.12.8"
                },
                "REMOVE_SAMPLES_NOT_VALID": {
                    "polars": "1.17.1",
                    "python": "3.12.8"
                },
                "Workflow": {
                    "nf-core/stableexpression": "v1.0dev"
                }
            },
            [
                "aggregated",
                "aggregated/all_counts_filtered.parquet",
                "aggregated/all_genes_summary.csv",
                "aggregated/most_stable_genes_summary.csv",
                "aggregated/most_stable_genes_transposed_counts_filtered.csv",
                "dash_app",
                "dash_app/app.py",
                "dash_app/assets",
                "dash_app/assets/style.css",
                "dash_app/data",
                "dash_app/data/all_counts.parquet",
                "dash_app/data/all_genes_summary.csv",
                "dash_app/data/whole_design.csv",
                "dash_app/environment.yml",
                "dash_app/src",
                "dash_app/src/callbacks",
                "dash_app/src/callbacks/common.py",
                "dash_app/src/callbacks/genes.py",
                "dash_app/src/callbacks/samples.py",
                "dash_app/src/components",
                "dash_app/src/components/graphs.py",
                "dash_app/src/components/icons.py",
                "dash_app/src/components/right_sidebar.py",
                "dash_app/src/components/settings",
                "dash_app/src/components/settings/genes.py",
                "dash_app/src/components/settings/samples.py",
                "dash_app/src/components/stores.py",
                "dash_app/src/components/tables.py",
                "dash_app/src/components/tooltips.py",
                "dash_app/src/components/top.py",
                "dash_app/src/utils",
                "dash_app/src/utils/config.py",
                "dash_app/src/utils/data_management.py",
                "dash_app/src/utils/style.py",
                "errors",
                "idmapping",
                "idmapping/collected_gene_ids",
                "idmapping/collected_gene_ids/gene_id_occurrences.csv",
                "idmapping/collected_gene_ids/unique_gene_ids.txt",
                "idmapping/global_gene_id_mapping.csv",
                "idmapping/global_gene_metadata.csv",
                "idmapping/gprofiler",
                "idmapping/gprofiler/gene_metadata.csv",
                "idmapping/gprofiler/mapped_gene_ids.csv",
                "idmapping/whole_gene_id_mapping.csv",
                "idmapping/whole_gene_metadata.csv",
                "merged_datasets",
                "merged_datasets/whole_design.csv",
                "multiqc",
                "multiqc/multiqc_data",
                "multiqc/multiqc_data/llms-full.txt",
                "multiqc/multiqc_data/multiqc.log",
                "multiqc/multiqc_data/multiqc.parquet",
                "multiqc/multiqc_data/multiqc_citations.txt",
                "multiqc/multiqc_data/multiqc_data.json",
                "multiqc/multiqc_data/multiqc_eatlas_all_experiments_metadata.txt",
                "multiqc/multiqc_data/multiqc_eatlas_selected_experiments_metadata.txt",
                "multiqc/multiqc_data/multiqc_expression_distributions_most_stable_genes.txt",
                "multiqc/multiqc_data/multiqc_gene_statistics.txt",
                "multiqc/multiqc_data/multiqc_id_mapping_stats.txt",
                "multiqc/multiqc_data/multiqc_ranked_most_stable_genes_summary.txt",
                "multiqc/multiqc_data/multiqc_ratio_zeros.txt",
                "multiqc/multiqc_data/multiqc_skewness.txt",
                "multiqc/multiqc_data/multiqc_software_versions.txt",
                "multiqc/multiqc_data/multiqc_sources.txt",
                "multiqc/multiqc_data/multiqc_total_gene_id_occurrence_quantiles.txt",
                "multiqc/multiqc_plots",
                "multiqc/multiqc_plots/pdf",
                "multiqc/multiqc_plots/pdf/eatlas_all_experiments_metadata.pdf",
                "multiqc/multiqc_plots/pdf/eatlas_selected_experiments_metadata.pdf",
                "multiqc/multiqc_plots/pdf/expression_distributions_most_stable_genes.pdf",
                "multiqc/multiqc_plots/pdf/gene_statistics.pdf",
                "multiqc/multiqc_plots/pdf/id_mapping_stats-cnt.pdf",
                "multiqc/multiqc_plots/pdf/id_mapping_stats-pct.pdf",
                "multiqc/multiqc_plots/pdf/ranked_most_stable_genes_summary.pdf",
                "multiqc/multiqc_plots/pdf/ratio_zeros.pdf",
                "multiqc/multiqc_plots/pdf/skewness.pdf",
                "multiqc/multiqc_plots/pdf/total_gene_id_occurrence_quantiles.pdf",
                "multiqc/multiqc_plots/png",
                "multiqc/multiqc_plots/png/eatlas_all_experiments_metadata.png",
                "multiqc/multiqc_plots/png/eatlas_selected_experiments_metadata.png",
                "multiqc/multiqc_plots/png/expression_distributions_most_stable_genes.png",
                "multiqc/multiqc_plots/png/gene_statistics.png",
                "multiqc/multiqc_plots/png/id_mapping_stats-cnt.png",
                "multiqc/multiqc_plots/png/id_mapping_stats-pct.png",
                "multiqc/multiqc_plots/png/ranked_most_stable_genes_summary.png",
                "multiqc/multiqc_plots/png/ratio_zeros.png",
                "multiqc/multiqc_plots/png/skewness.png",
                "multiqc/multiqc_plots/png/total_gene_id_occurrence_quantiles.png",
                "multiqc/multiqc_plots/svg",
                "multiqc/multiqc_plots/svg/eatlas_all_experiments_metadata.svg",
                "multiqc/multiqc_plots/svg/eatlas_selected_experiments_metadata.svg",
                "multiqc/multiqc_plots/svg/expression_distributions_most_stable_genes.svg",
                "multiqc/multiqc_plots/svg/gene_statistics.svg",
                "multiqc/multiqc_plots/svg/id_mapping_stats-cnt.svg",
                "multiqc/multiqc_plots/svg/id_mapping_stats-pct.svg",
                "multiqc/multiqc_plots/svg/ranked_most_stable_genes_summary.svg",
                "multiqc/multiqc_plots/svg/ratio_zeros.svg",
                "multiqc/multiqc_plots/svg/skewness.svg",
                "multiqc/multiqc_plots/svg/total_gene_id_occurrence_quantiles.svg",
                "multiqc/multiqc_report.html",
                "multiqc/versions.yml",
                "normalised",
                "normalised/E_MTAB_5072_rnaseq",
                "normalised/E_MTAB_5072_rnaseq/quantile_normalised",
                "normalised/E_MTAB_5072_rnaseq/quantile_normalised/E_MTAB_5072_rnaseq.rnaseq.raw.counts.cleaned.renamed.filtered.tpm.quant_norm.parquet",
                "normalised/E_MTAB_5072_rnaseq/tpm",
                "normalised/E_MTAB_5072_rnaseq/tpm/E_MTAB_5072_rnaseq.rnaseq.raw.counts.cleaned.renamed.filtered.tpm.parquet",
                "pipeline_info",
                "pipeline_info/nf_core_stableexpression_software_mqc_versions.yml",
                "public_data",
                "public_data/expression_atlas",
                "public_data/expression_atlas/accessions",
                "public_data/expression_atlas/accessions/accessions.txt",
                "public_data/expression_atlas/accessions/selected_experiments.metadata.tsv",
                "public_data/expression_atlas/accessions/species_experiments.metadata.tsv",
                "public_data/expression_atlas/datasets",
                "public_data/expression_atlas/datasets/E_MTAB_5072_rnaseq.design.csv",
                "public_data/expression_atlas/datasets/E_MTAB_5072_rnaseq.rnaseq.raw.counts.csv",
                "statistics",
                "statistics/id_mapping_stats.csv",
                "statistics/ratio_zeros.csv",
                "statistics/skewness.csv",
                "warnings"
            ],
            [
                "all_genes_summary.csv:md5,a0d04bcad1ead65f551d466b23a5a6fb",
                "most_stable_genes_summary.csv:md5,de1cfd50d23435117f6643c86f922c47",
                "most_stable_genes_transposed_counts_filtered.csv:md5,5ebf832e94abb4e1bac0b9fad41c6dbb",
                "style.css:md5,e6ba182eaf06980dbda49920efbf6e64",
                "all_genes_summary.csv:md5,a0d04bcad1ead65f551d466b23a5a6fb",
                "whole_design.csv:md5,c9bfd7bc8ca365222e03e67eb24b9a76",
                "environment.yml:md5,f9b192ef98a67f2084ad2fed6da01bc1",
                "gene_id_occurrences.csv:md5,631317db987951a12f15e1c3e76068cd",
                "unique_gene_ids.txt:md5,13ae1b52833134f8ed6d982c00487927",
                "global_gene_id_mapping.csv:md5,efc95a8e276be1eb0af9639f72e48145",
                "global_gene_metadata.csv:md5,1d342577587bc48c1eff077a594929fa",
                "gene_metadata.csv:md5,1d342577587bc48c1eff077a594929fa",
                "mapped_gene_ids.csv:md5,efc95a8e276be1eb0af9639f72e48145",
                "whole_gene_id_mapping.csv:md5,efc95a8e276be1eb0af9639f72e48145",
                "whole_gene_metadata.csv:md5,1d342577587bc48c1eff077a594929fa",
                "whole_design.csv:md5,c9bfd7bc8ca365222e03e67eb24b9a76",
                "accessions.txt:md5,561a967c16b2ef6c29fb643cd4002947",
                "E_MTAB_5072_rnaseq.design.csv:md5,a1f33d126dde387a2d542381c44bc1f3",
                "E_MTAB_5072_rnaseq.rnaseq.raw.counts.csv:md5,c41c84899a380515d759b99eeccfe43e",
                "id_mapping_stats.csv:md5,70d0c1eacf06cd1312caaefb2f614811",
                "ratio_zeros.csv:md5,b541c01e58e21cc28707534147aff80d",
                "skewness.csv:md5,74dd30b70c807032d6bacdb669908dc1"
            ]
        ],
        "meta": {
            "nf-test": "0.9.3",
            "nextflow": "25.10.2"
        },
        "timestamp": "2026-01-13T13:25:48.350670705"
    },
    "-profile test_download_only": {
        "content": [
            {
                "EXPRESSION_ATLAS": {
                    "ExpressionAtlas": "1.30.0",
                    "R": "4.3.3 (2024-02-29)",
                    "nltk": "3.9.1",
                    "pandas": "2.3.0",
                    "python": "3.13.5",
                    "pyyaml": "6.0.2",
                    "requests": "2.32.4"
                },
                "Workflow": {
                    "nf-core/stableexpression": "v1.0dev"
                }
            },
            [
                "errors",
                "multiqc",
                "multiqc/multiqc_data",
                "multiqc/multiqc_data/llms-full.txt",
                "multiqc/multiqc_data/multiqc.log",
                "multiqc/multiqc_data/multiqc.parquet",
                "multiqc/multiqc_data/multiqc_citations.txt",
                "multiqc/multiqc_data/multiqc_data.json",
                "multiqc/multiqc_data/multiqc_eatlas_all_experiments_metadata.txt",
                "multiqc/multiqc_data/multiqc_eatlas_selected_experiments_metadata.txt",
                "multiqc/multiqc_data/multiqc_software_versions.txt",
                "multiqc/multiqc_data/multiqc_sources.txt",
                "multiqc/multiqc_plots",
                "multiqc/multiqc_plots/pdf",
                "multiqc/multiqc_plots/pdf/eatlas_all_experiments_metadata.pdf",
                "multiqc/multiqc_plots/pdf/eatlas_selected_experiments_metadata.pdf",
                "multiqc/multiqc_plots/png",
                "multiqc/multiqc_plots/png/eatlas_all_experiments_metadata.png",
                "multiqc/multiqc_plots/png/eatlas_selected_experiments_metadata.png",
                "multiqc/multiqc_plots/svg",
                "multiqc/multiqc_plots/svg/eatlas_all_experiments_metadata.svg",
                "multiqc/multiqc_plots/svg/eatlas_selected_experiments_metadata.svg",
                "multiqc/multiqc_report.html",
                "multiqc/versions.yml",
                "pipeline_info",
                "pipeline_info/nf_core_stableexpression_software_mqc_versions.yml",
                "public_data",
                "public_data/expression_atlas",
                "public_data/expression_atlas/accessions",
                "public_data/expression_atlas/accessions/accessions.txt",
                "public_data/expression_atlas/accessions/selected_experiments.metadata.tsv",
                "public_data/expression_atlas/accessions/species_experiments.metadata.tsv",
                "public_data/expression_atlas/datasets",
                "public_data/expression_atlas/datasets/E_MTAB_8187_rnaseq.design.csv",
                "public_data/expression_atlas/datasets/E_MTAB_8187_rnaseq.rnaseq.raw.counts.csv",
                "statistics",
                "warnings"
            ],
            [
                "accessions.txt:md5,76e5e3af7c72eac7a1993a2bd75b4d1a",
                "E_MTAB_8187_rnaseq.design.csv:md5,fbd18d011d7d855452e5a30a303afcbf",
                "E_MTAB_8187_rnaseq.rnaseq.raw.counts.csv:md5,fe221fd94f66df7120b0590091e14eb1"
            ]
        ],
        "meta": {
            "nf-test": "0.9.3",
            "nextflow": "25.10.2"
        },
        "timestamp": "2026-01-13T13:11:30.403331158"
    },
    "-profile test_gprofiler_target_database_entrez": {
        "content": [
            [
                "aggregated",
                "aggregated/all_counts_filtered.parquet",
                "aggregated/all_genes_summary.csv",
                "aggregated/most_stable_genes_summary.csv",
                "aggregated/most_stable_genes_transposed_counts_filtered.csv",
                "dash_app",
                "dash_app/app.py",
                "dash_app/assets",
                "dash_app/assets/style.css",
                "dash_app/data",
                "dash_app/data/all_counts.parquet",
                "dash_app/data/all_genes_summary.csv",
                "dash_app/data/whole_design.csv",
                "dash_app/environment.yml",
                "dash_app/src",
                "dash_app/src/callbacks",
                "dash_app/src/callbacks/common.py",
                "dash_app/src/callbacks/genes.py",
                "dash_app/src/callbacks/samples.py",
                "dash_app/src/components",
                "dash_app/src/components/graphs.py",
                "dash_app/src/components/icons.py",
                "dash_app/src/components/right_sidebar.py",
                "dash_app/src/components/settings",
                "dash_app/src/components/settings/genes.py",
                "dash_app/src/components/settings/samples.py",
                "dash_app/src/components/stores.py",
                "dash_app/src/components/tables.py",
                "dash_app/src/components/tooltips.py",
                "dash_app/src/components/top.py",
                "dash_app/src/utils",
                "dash_app/src/utils/config.py",
                "dash_app/src/utils/data_management.py",
                "dash_app/src/utils/style.py",
                "errors",
                "idmapping",
                "idmapping/collected_gene_ids",
                "idmapping/collected_gene_ids/gene_id_occurrences.csv",
                "idmapping/collected_gene_ids/unique_gene_ids.txt",
                "idmapping/global_gene_id_mapping.csv",
                "idmapping/global_gene_metadata.csv",
                "idmapping/gprofiler",
                "idmapping/gprofiler/gene_metadata.csv",
                "idmapping/gprofiler/mapped_gene_ids.csv",
                "idmapping/whole_gene_id_mapping.csv",
                "idmapping/whole_gene_metadata.csv",
                "merged_datasets",
                "merged_datasets/whole_design.csv",
                "multiqc",
                "multiqc/multiqc_data",
                "multiqc/multiqc_data/llms-full.txt",
                "multiqc/multiqc_data/multiqc.log",
                "multiqc/multiqc_data/multiqc.parquet",
                "multiqc/multiqc_data/multiqc_citations.txt",
                "multiqc/multiqc_data/multiqc_data.json",
                "multiqc/multiqc_data/multiqc_eatlas_all_experiments_metadata.txt",
                "multiqc/multiqc_data/multiqc_eatlas_selected_experiments_metadata.txt",
                "multiqc/multiqc_data/multiqc_expression_distributions_most_stable_genes.txt",
                "multiqc/multiqc_data/multiqc_gene_statistics.txt",
                "multiqc/multiqc_data/multiqc_id_mapping_stats.txt",
                "multiqc/multiqc_data/multiqc_ranked_most_stable_genes_summary.txt",
                "multiqc/multiqc_data/multiqc_ratio_zeros.txt",
                "multiqc/multiqc_data/multiqc_skewness.txt",
                "multiqc/multiqc_data/multiqc_software_versions.txt",
                "multiqc/multiqc_data/multiqc_sources.txt",
                "multiqc/multiqc_data/multiqc_total_gene_id_occurrence_quantiles.txt",
                "multiqc/multiqc_plots",
                "multiqc/multiqc_plots/pdf",
                "multiqc/multiqc_plots/pdf/eatlas_all_experiments_metadata.pdf",
                "multiqc/multiqc_plots/pdf/eatlas_selected_experiments_metadata.pdf",
                "multiqc/multiqc_plots/pdf/expression_distributions_most_stable_genes.pdf",
                "multiqc/multiqc_plots/pdf/gene_statistics.pdf",
                "multiqc/multiqc_plots/pdf/id_mapping_stats-cnt.pdf",
                "multiqc/multiqc_plots/pdf/id_mapping_stats-pct.pdf",
                "multiqc/multiqc_plots/pdf/ranked_most_stable_genes_summary.pdf",
                "multiqc/multiqc_plots/pdf/ratio_zeros.pdf",
                "multiqc/multiqc_plots/pdf/skewness.pdf",
                "multiqc/multiqc_plots/pdf/total_gene_id_occurrence_quantiles.pdf",
                "multiqc/multiqc_plots/png",
                "multiqc/multiqc_plots/png/eatlas_all_experiments_metadata.png",
                "multiqc/multiqc_plots/png/eatlas_selected_experiments_metadata.png",
                "multiqc/multiqc_plots/png/expression_distributions_most_stable_genes.png",
                "multiqc/multiqc_plots/png/gene_statistics.png",
                "multiqc/multiqc_plots/png/id_mapping_stats-cnt.png",
                "multiqc/multiqc_plots/png/id_mapping_stats-pct.png",
                "multiqc/multiqc_plots/png/ranked_most_stable_genes_summary.png",
                "multiqc/multiqc_plots/png/ratio_zeros.png",
                "multiqc/multiqc_plots/png/skewness.png",
                "multiqc/multiqc_plots/png/total_gene_id_occurrence_quantiles.png",
                "multiqc/multiqc_plots/svg",
                "multiqc/multiqc_plots/svg/eatlas_all_experiments_metadata.svg",
                "multiqc/multiqc_plots/svg/eatlas_selected_experiments_metadata.svg",
                "multiqc/multiqc_plots/svg/expression_distributions_most_stable_genes.svg",
                "multiqc/multiqc_plots/svg/gene_statistics.svg",
                "multiqc/multiqc_plots/svg/id_mapping_stats-cnt.svg",
                "multiqc/multiqc_plots/svg/id_mapping_stats-pct.svg",
                "multiqc/multiqc_plots/svg/ranked_most_stable_genes_summary.svg",
                "multiqc/multiqc_plots/svg/ratio_zeros.svg",
                "multiqc/multiqc_plots/svg/skewness.svg",
                "multiqc/multiqc_plots/svg/total_gene_id_occurrence_quantiles.svg",
                "multiqc/multiqc_report.html",
                "multiqc/versions.yml",
                "normalised",
                "normalised/E_MTAB_8187_rnaseq",
                "normalised/E_MTAB_8187_rnaseq/quantile_normalised",
                "normalised/E_MTAB_8187_rnaseq/quantile_normalised/E_MTAB_8187_rnaseq.rnaseq.raw.counts.cleaned.renamed.filtered.tpm.quant_norm.parquet",
                "normalised/E_MTAB_8187_rnaseq/tpm",
                "normalised/E_MTAB_8187_rnaseq/tpm/E_MTAB_8187_rnaseq.rnaseq.raw.counts.cleaned.renamed.filtered.tpm.parquet",
                "pipeline_info",
                "pipeline_info/nf_core_stableexpression_software_mqc_versions.yml",
                "public_data",
                "public_data/expression_atlas",
                "public_data/expression_atlas/accessions",
                "public_data/expression_atlas/accessions/accessions.txt",
                "public_data/expression_atlas/accessions/selected_experiments.metadata.tsv",
                "public_data/expression_atlas/accessions/species_experiments.metadata.tsv",
                "public_data/expression_atlas/datasets",
                "public_data/expression_atlas/datasets/E_MTAB_8187_rnaseq.design.csv",
                "public_data/expression_atlas/datasets/E_MTAB_8187_rnaseq.rnaseq.raw.counts.csv",
                "statistics",
                "statistics/id_mapping_stats.csv",
                "statistics/ratio_zeros.csv",
                "statistics/skewness.csv",
                "warnings"
            ],
            [
                "all_genes_summary.csv:md5,829fd6221705fc1588a11bfdb1a37210",
                "most_stable_genes_summary.csv:md5,73cbb4d6462e01ed7778f076726613fd",
                "most_stable_genes_transposed_counts_filtered.csv:md5,4f50fafaa96ffd7a7b0d98d9c8d6beb4",
                "style.css:md5,e6ba182eaf06980dbda49920efbf6e64",
                "all_genes_summary.csv:md5,829fd6221705fc1588a11bfdb1a37210",
                "whole_design.csv:md5,fbd18d011d7d855452e5a30a303afcbf",
                "environment.yml:md5,f9b192ef98a67f2084ad2fed6da01bc1",
                "gene_id_occurrences.csv:md5,b3ee7b1c575f83d247c5bce88382fb2b",
                "unique_gene_ids.txt:md5,ba79f5609df755c0f75de41357319c84",
                "global_gene_id_mapping.csv:md5,7eecbd2d88adaf5f213f238a72d28b99",
                "global_gene_metadata.csv:md5,cc8d4afdbaf03cd39a4e10f2a9040b7e",
                "gene_metadata.csv:md5,cc8d4afdbaf03cd39a4e10f2a9040b7e",
                "mapped_gene_ids.csv:md5,7eecbd2d88adaf5f213f238a72d28b99",
                "whole_gene_id_mapping.csv:md5,7eecbd2d88adaf5f213f238a72d28b99",
                "whole_gene_metadata.csv:md5,cc8d4afdbaf03cd39a4e10f2a9040b7e",
                "whole_design.csv:md5,fbd18d011d7d855452e5a30a303afcbf",
                "accessions.txt:md5,76e5e3af7c72eac7a1993a2bd75b4d1a",
                "E_MTAB_8187_rnaseq.design.csv:md5,fbd18d011d7d855452e5a30a303afcbf",
                "E_MTAB_8187_rnaseq.rnaseq.raw.counts.csv:md5,fe221fd94f66df7120b0590091e14eb1",
                "id_mapping_stats.csv:md5,17ccaa8e70c67c7d0de4ec3c630c2e5b",
                "ratio_zeros.csv:md5,32889cf6de2af6413c42b8810a99a2df",
                "skewness.csv:md5,178449bbd2361aa1e804e3f18e092ef1"
            ]
        ],
        "meta": {
            "nf-test": "0.9.3",
            "nextflow": "25.10.2"
        },
        "timestamp": "2026-01-13T13:20:59.702133972"
    }
}