{
    "-profile test": {
        "content": [
            null,
            [
                "errors",
                "expression_atlas",
                "expression_atlas/accessions",
                "expression_atlas/accessions/accessions.txt",
                "expression_atlas/accessions/selected_experiments.metadata.tsv",
                "expression_atlas/accessions/species_experiments.metadata.tsv",
                "expression_atlas/datasets",
                "expression_atlas/datasets/E_MTAB_8187_rnaseq.design.csv",
                "expression_atlas/datasets/E_MTAB_8187_rnaseq.rnaseq.raw.counts.csv",
                "geo",
                "idmapping",
                "merged_datasets",
                "pipeline_info",
                "pipeline_info/software_mqc_versions.yml",
                "warnings"
            ],
            [
                "accessions.txt:md5,76e5e3af7c72eac7a1993a2bd75b4d1a",
                "selected_experiments.metadata.tsv:md5,cf220f0d0aab141abf220c856430f2f2",
                "species_experiments.metadata.tsv:md5,cf220f0d0aab141abf220c856430f2f2",
                "E_MTAB_8187_rnaseq.design.csv:md5,fbd18d011d7d855452e5a30a303afcbf",
                "E_MTAB_8187_rnaseq.rnaseq.raw.counts.csv:md5,fe221fd94f66df7120b0590091e14eb1"
            ]
        ],
        "meta": {
            "nf-test": "0.9.2",
            "nextflow": "25.04.8"
        },
        "timestamp": "2025-11-08T11:05:48.72465951"
    },
    "-profile test_accessions_only": {
        "content": [
            null,
            [
                "errors",
                "expression_atlas",
                "expression_atlas/accessions",
                "expression_atlas/accessions/accessions.txt",
                "expression_atlas/accessions/selected_experiments.metadata.tsv",
                "expression_atlas/accessions/species_experiments.metadata.tsv",
                "geo",
                "geo/accessions",
                "geo/accessions/accessions.tsv",
                "geo/accessions/geo_all_datasets.metadata.tsv",
                "geo/accessions/geo_rejected_datasets.metadata.tsv",
                "geo/accessions/geo_selected_datasets.metadata.tsv",
                "multiqc",
                "multiqc/multiqc_data",
                "multiqc/multiqc_data/llms-full.txt",
                "multiqc/multiqc_data/multiqc.log",
                "multiqc/multiqc_data/multiqc.parquet",
                "multiqc/multiqc_data/multiqc_citations.txt",
                "multiqc/multiqc_data/multiqc_data.json",
                "multiqc/multiqc_data/multiqc_eatlas_all_experiments_metadata.txt",
                "multiqc/multiqc_data/multiqc_eatlas_selected_experiments_metadata.txt",
                "multiqc/multiqc_data/multiqc_geo_all_experiments_metadata.txt",
                "multiqc/multiqc_data/multiqc_geo_rejected_experiments_metadata.txt",
                "multiqc/multiqc_data/multiqc_geo_selected_experiments_metadata.txt",
                "multiqc/multiqc_data/multiqc_software_versions.txt",
                "multiqc/multiqc_data/multiqc_sources.txt",
                "multiqc/multiqc_plots",
                "multiqc/multiqc_plots/pdf",
                "multiqc/multiqc_plots/pdf/eatlas_all_experiments_metadata.pdf",
                "multiqc/multiqc_plots/pdf/eatlas_selected_experiments_metadata.pdf",
                "multiqc/multiqc_plots/pdf/geo_all_experiments_metadata.pdf",
                "multiqc/multiqc_plots/pdf/geo_rejected_experiments_metadata.pdf",
                "multiqc/multiqc_plots/pdf/geo_selected_experiments_metadata.pdf",
                "multiqc/multiqc_plots/png",
                "multiqc/multiqc_plots/png/eatlas_all_experiments_metadata.png",
                "multiqc/multiqc_plots/png/eatlas_selected_experiments_metadata.png",
                "multiqc/multiqc_plots/png/geo_all_experiments_metadata.png",
                "multiqc/multiqc_plots/png/geo_rejected_experiments_metadata.png",
                "multiqc/multiqc_plots/png/geo_selected_experiments_metadata.png",
                "multiqc/multiqc_plots/svg",
                "multiqc/multiqc_plots/svg/eatlas_all_experiments_metadata.svg",
                "multiqc/multiqc_plots/svg/eatlas_selected_experiments_metadata.svg",
                "multiqc/multiqc_plots/svg/geo_all_experiments_metadata.svg",
                "multiqc/multiqc_plots/svg/geo_rejected_experiments_metadata.svg",
                "multiqc/multiqc_plots/svg/geo_selected_experiments_metadata.svg",
                "multiqc/multiqc_report.html",
                "multiqc/versions.yml",
                "pipeline_info",
                "pipeline_info/software_mqc_versions.yml",
                "warnings"
            ],
            [
                "accessions.txt:md5,76e5e3af7c72eac7a1993a2bd75b4d1a",
                "selected_experiments.metadata.tsv:md5,cf220f0d0aab141abf220c856430f2f2",
                "species_experiments.metadata.tsv:md5,cf220f0d0aab141abf220c856430f2f2",
                "accessions.tsv:md5,095fb7f3a666b4382d4ba7296053451b",
                "geo_all_datasets.metadata.tsv:md5,47367b8ff7c7ab98c575185c3b51284f",
                "geo_rejected_datasets.metadata.tsv:md5,341a71045752afba5a83cedb0c0f23e8",
                "geo_selected_datasets.metadata.tsv:md5,47367b8ff7c7ab98c575185c3b51284f",
                "multiqc_citations.txt:md5,4c806e63a283ec1b7e78cdae3a923d4f",
                "multiqc_eatlas_all_experiments_metadata.txt:md5,8b7643e0ef8eaaa3fa72f7103fd7ccee",
                "multiqc_eatlas_selected_experiments_metadata.txt:md5,8b7643e0ef8eaaa3fa72f7103fd7ccee",
                "multiqc_geo_all_experiments_metadata.txt:md5,6b524d6e36600f1b6d1faadde102e10a",
                "multiqc_geo_rejected_experiments_metadata.txt:md5,3b196d575f0051031ebd78a42d24e47a",
                "multiqc_geo_selected_experiments_metadata.txt:md5,6b524d6e36600f1b6d1faadde102e10a",
                "versions.yml:md5,f2e24085d3e7fa254b14b99bde5f2030"
            ]
        ],
        "meta": {
            "nf-test": "0.9.2",
            "nextflow": "25.04.8"
        },
        "timestamp": "2025-11-08T11:06:24.97488603"
    },
    "-profile test_download_only": {
        "content": [
            null,
            [
                "errors",
                "expression_atlas",
                "expression_atlas/accessions",
                "expression_atlas/accessions/accessions.txt",
                "expression_atlas/accessions/selected_experiments.metadata.tsv",
                "expression_atlas/accessions/species_experiments.metadata.tsv",
                "expression_atlas/datasets",
                "expression_atlas/datasets/E_MTAB_8187_rnaseq.design.csv",
                "expression_atlas/datasets/E_MTAB_8187_rnaseq.rnaseq.raw.counts.csv",
                "geo",
                "geo/accessions",
                "geo/accessions/accessions.tsv",
                "geo/accessions/geo_all_datasets.metadata.tsv",
                "geo/accessions/geo_rejected_datasets.metadata.tsv",
                "geo/accessions/geo_selected_datasets.metadata.tsv",
                "geo/datasets",
                "geo/datasets/GSE55951.design.csv",
                "geo/datasets/GSE55951.microarray.normalised.counts.csv",
                "multiqc",
                "multiqc/multiqc_data",
                "multiqc/multiqc_data/llms-full.txt",
                "multiqc/multiqc_data/multiqc.log",
                "multiqc/multiqc_data/multiqc.parquet",
                "multiqc/multiqc_data/multiqc_citations.txt",
                "multiqc/multiqc_data/multiqc_data.json",
                "multiqc/multiqc_data/multiqc_eatlas_all_experiments_metadata.txt",
                "multiqc/multiqc_data/multiqc_eatlas_selected_experiments_metadata.txt",
                "multiqc/multiqc_data/multiqc_geo_all_experiments_metadata.txt",
                "multiqc/multiqc_data/multiqc_geo_rejected_experiments_metadata.txt",
                "multiqc/multiqc_data/multiqc_geo_selected_experiments_metadata.txt",
                "multiqc/multiqc_data/multiqc_software_versions.txt",
                "multiqc/multiqc_data/multiqc_sources.txt",
                "multiqc/multiqc_plots",
                "multiqc/multiqc_plots/pdf",
                "multiqc/multiqc_plots/pdf/eatlas_all_experiments_metadata.pdf",
                "multiqc/multiqc_plots/pdf/eatlas_selected_experiments_metadata.pdf",
                "multiqc/multiqc_plots/pdf/geo_all_experiments_metadata.pdf",
                "multiqc/multiqc_plots/pdf/geo_rejected_experiments_metadata.pdf",
                "multiqc/multiqc_plots/pdf/geo_selected_experiments_metadata.pdf",
                "multiqc/multiqc_plots/png",
                "multiqc/multiqc_plots/png/eatlas_all_experiments_metadata.png",
                "multiqc/multiqc_plots/png/eatlas_selected_experiments_metadata.png",
                "multiqc/multiqc_plots/png/geo_all_experiments_metadata.png",
                "multiqc/multiqc_plots/png/geo_rejected_experiments_metadata.png",
                "multiqc/multiqc_plots/png/geo_selected_experiments_metadata.png",
                "multiqc/multiqc_plots/svg",
                "multiqc/multiqc_plots/svg/eatlas_all_experiments_metadata.svg",
                "multiqc/multiqc_plots/svg/eatlas_selected_experiments_metadata.svg",
                "multiqc/multiqc_plots/svg/geo_all_experiments_metadata.svg",
                "multiqc/multiqc_plots/svg/geo_rejected_experiments_metadata.svg",
                "multiqc/multiqc_plots/svg/geo_selected_experiments_metadata.svg",
                "multiqc/multiqc_report.html",
                "multiqc/versions.yml",
                "pipeline_info",
                "pipeline_info/software_mqc_versions.yml",
                "warnings"
            ],
            [
                "accessions.txt:md5,76e5e3af7c72eac7a1993a2bd75b4d1a",
                "selected_experiments.metadata.tsv:md5,cf220f0d0aab141abf220c856430f2f2",
                "species_experiments.metadata.tsv:md5,cf220f0d0aab141abf220c856430f2f2",
                "E_MTAB_8187_rnaseq.design.csv:md5,fbd18d011d7d855452e5a30a303afcbf",
                "E_MTAB_8187_rnaseq.rnaseq.raw.counts.csv:md5,fe221fd94f66df7120b0590091e14eb1",
                "accessions.tsv:md5,095fb7f3a666b4382d4ba7296053451b",
                "geo_all_datasets.metadata.tsv:md5,f7369624c52232498b5bc2454fa0821a",
                "geo_rejected_datasets.metadata.tsv:md5,341a71045752afba5a83cedb0c0f23e8",
                "geo_selected_datasets.metadata.tsv:md5,f7369624c52232498b5bc2454fa0821a",
                "GSE55951.design.csv:md5,f4872dff0edbe441d1600ffe2b67a25d",
                "GSE55951.microarray.normalised.counts.csv:md5,18fd2d728ad2ec5cb78f994f73375144",
                "multiqc_citations.txt:md5,4c806e63a283ec1b7e78cdae3a923d4f",
                "multiqc_eatlas_all_experiments_metadata.txt:md5,8b7643e0ef8eaaa3fa72f7103fd7ccee",
                "multiqc_eatlas_selected_experiments_metadata.txt:md5,8b7643e0ef8eaaa3fa72f7103fd7ccee",
                "multiqc_geo_all_experiments_metadata.txt:md5,daf7c9d1abf16831d9e1a24482393635",
                "multiqc_geo_rejected_experiments_metadata.txt:md5,3b196d575f0051031ebd78a42d24e47a",
                "multiqc_geo_selected_experiments_metadata.txt:md5,daf7c9d1abf16831d9e1a24482393635",
                "versions.yml:md5,f2e24085d3e7fa254b14b99bde5f2030"
            ]
        ],
        "meta": {
            "nf-test": "0.9.2",
            "nextflow": "25.04.8"
        },
        "timestamp": "2025-11-08T11:07:13.377517982"
    },
    "-profile test_one_rnaseq_one_microarray": {
        "content": [
            null,
            [
                "aggregate_results",
                "aggregate_results/all_counts_filtered.parquet",
                "aggregate_results/all_genes_summary.csv",
                "aggregate_results/top_stable_genes_summary.csv",
                "aggregate_results/top_stable_genes_transposed_counts_filtered.csv",
                "base_statistics",
                "base_statistics/all",
                "base_statistics/all/stats_all_genes.csv",
                "base_statistics/microarray",
                "base_statistics/microarray/microarray.stats_all_genes.csv",
                "base_statistics/rnaseq",
                "base_statistics/rnaseq/rnaseq.stats_all_genes.csv",
                "clean_count_data",
                "clean_count_data/cleaned_counts_filtered.parquet",
                "compute_stability_scores",
                "compute_stability_scores/stats_with_scores.csv",
                "dash_app",
                "dash_app/app.py",
                "dash_app/assets",
                "dash_app/assets/style.css",
                "dash_app/data",
                "dash_app/data/all_counts.parquet",
                "dash_app/data/all_genes_summary.csv",
                "dash_app/data/whole_design.csv",
                "dash_app/file_system_backend",
                "dash_app/file_system_backend/2029240f6d1128be89ddc32729463129",
                "dash_app/spec-file.txt",
                "dash_app/src",
                "dash_app/src/callbacks",
                "dash_app/src/callbacks/__pycache__",
                "dash_app/src/callbacks/__pycache__/common.cpython-313.pyc",
                "dash_app/src/callbacks/__pycache__/genes.cpython-313.pyc",
                "dash_app/src/callbacks/__pycache__/samples.cpython-313.pyc",
                "dash_app/src/callbacks/common.py",
                "dash_app/src/callbacks/genes.py",
                "dash_app/src/callbacks/samples.py",
                "dash_app/src/components",
                "dash_app/src/components/__pycache__",
                "dash_app/src/components/__pycache__/graphs.cpython-313.pyc",
                "dash_app/src/components/__pycache__/right_sidebar.cpython-313.pyc",
                "dash_app/src/components/__pycache__/stores.cpython-313.pyc",
                "dash_app/src/components/__pycache__/tables.cpython-313.pyc",
                "dash_app/src/components/__pycache__/tooltips.cpython-313.pyc",
                "dash_app/src/components/__pycache__/top.cpython-313.pyc",
                "dash_app/src/components/graphs.py",
                "dash_app/src/components/icons.py",
                "dash_app/src/components/right_sidebar.py",
                "dash_app/src/components/settings",
                "dash_app/src/components/settings/__pycache__",
                "dash_app/src/components/settings/__pycache__/genes.cpython-313.pyc",
                "dash_app/src/components/settings/__pycache__/samples.cpython-313.pyc",
                "dash_app/src/components/settings/genes.py",
                "dash_app/src/components/settings/samples.py",
                "dash_app/src/components/stores.py",
                "dash_app/src/components/tables.py",
                "dash_app/src/components/tooltips.py",
                "dash_app/src/components/top.py",
                "dash_app/src/utils",
                "dash_app/src/utils/__pycache__",
                "dash_app/src/utils/__pycache__/config.cpython-313.pyc",
                "dash_app/src/utils/__pycache__/data_management.cpython-313.pyc",
                "dash_app/src/utils/__pycache__/style.cpython-313.pyc",
                "dash_app/src/utils/config.py",
                "dash_app/src/utils/data_management.py",
                "dash_app/src/utils/style.py",
                "dash_app/versions.yml",
                "dataset_statistics",
                "dataset_statistics/E_GEOD_21945_A_AFFY_2.dataset_stats.csv",
                "dataset_statistics/E_GEOD_52806_rnaseq.dataset_stats.csv",
                "errors",
                "expression_atlas",
                "expression_atlas/datasets",
                "expression_atlas/datasets/E_GEOD_21945_A_AFFY_2.design.csv",
                "expression_atlas/datasets/E_GEOD_21945_A_AFFY_2.microarray.normalised.counts.csv",
                "expression_atlas/datasets/E_GEOD_52806_rnaseq.design.csv",
                "expression_atlas/datasets/E_GEOD_52806_rnaseq.rnaseq.raw.counts.csv",
                "geo",
                "geo/excluded_geo_accessions.txt",
                "get_candidate_genes",
                "get_candidate_genes/candidate_counts.parquet",
                "idmapping",
                "idmapping/datasets",
                "idmapping/datasets/E_GEOD_21945_A_AFFY_2.microarray.normalised.counts.mapping.csv",
                "idmapping/datasets/E_GEOD_21945_A_AFFY_2.microarray.normalised.counts.metadata.csv",
                "idmapping/datasets/E_GEOD_21945_A_AFFY_2.microarray.normalised.counts.renamed.csv",
                "idmapping/datasets/E_GEOD_52806_rnaseq.rnaseq.raw.counts.mapping.csv",
                "idmapping/datasets/E_GEOD_52806_rnaseq.rnaseq.raw.counts.metadata.csv",
                "idmapping/datasets/E_GEOD_52806_rnaseq.rnaseq.raw.counts.renamed.csv",
                "idmapping/whole_gene_id_mapping.csv",
                "idmapping/whole_gene_metadata.csv",
                "merged_datasets",
                "merged_datasets/all",
                "merged_datasets/all/all_counts.parquet",
                "merged_datasets/microarray",
                "merged_datasets/microarray/all_counts.parquet",
                "merged_datasets/rnaseq",
                "merged_datasets/rnaseq/all_counts.parquet",
                "merged_datasets/whole_design.csv",
                "multiqc",
                "multiqc/multiqc_data",
                "multiqc/multiqc_data/llms-full.txt",
                "multiqc/multiqc_data/multiqc.log",
                "multiqc/multiqc_data/multiqc.parquet",
                "multiqc/multiqc_data/multiqc_citations.txt",
                "multiqc/multiqc_data/multiqc_data.json",
                "multiqc/multiqc_data/multiqc_expression_distributions_top_stable_genes.txt",
                "multiqc/multiqc_data/multiqc_gene_statistics.txt",
                "multiqc/multiqc_data/multiqc_ranked_top_stable_genes_summary.txt",
                "multiqc/multiqc_data/multiqc_software_versions.txt",
                "multiqc/multiqc_data/multiqc_sources.txt",
                "multiqc/multiqc_plots",
                "multiqc/multiqc_plots/pdf",
                "multiqc/multiqc_plots/pdf/expression_distributions_top_stable_genes.pdf",
                "multiqc/multiqc_plots/pdf/gene_statistics.pdf",
                "multiqc/multiqc_plots/pdf/ranked_top_stable_genes_summary.pdf",
                "multiqc/multiqc_plots/png",
                "multiqc/multiqc_plots/png/expression_distributions_top_stable_genes.png",
                "multiqc/multiqc_plots/png/gene_statistics.png",
                "multiqc/multiqc_plots/png/ranked_top_stable_genes_summary.png",
                "multiqc/multiqc_plots/svg",
                "multiqc/multiqc_plots/svg/expression_distributions_top_stable_genes.svg",
                "multiqc/multiqc_plots/svg/gene_statistics.svg",
                "multiqc/multiqc_plots/svg/ranked_top_stable_genes_summary.svg",
                "multiqc/multiqc_report.html",
                "multiqc/versions.yml",
                "normalised",
                "normalised/E_GEOD_52806_rnaseq",
                "normalised/E_GEOD_52806_rnaseq/normalisation_deseq2",
                "normalised/E_GEOD_52806_rnaseq/normalisation_deseq2/E_GEOD_52806_rnaseq.rnaseq.raw.counts.renamed.cpm.csv",
                "pipeline_info",
                "pipeline_info/software_mqc_versions.yml",
                "quantile_normalised",
                "quantile_normalised/E_GEOD_21945_A_AFFY_2",
                "quantile_normalised/E_GEOD_21945_A_AFFY_2/E_GEOD_21945_A_AFFY_2.microarray.normalised.counts.renamed.quant_norm.parquet",
                "quantile_normalised/E_GEOD_52806_rnaseq",
                "quantile_normalised/E_GEOD_52806_rnaseq/E_GEOD_52806_rnaseq.rnaseq.raw.counts.renamed.cpm.quant_norm.parquet",
                "stability_scoring",
                "stability_scoring/normfinder",
                "stability_scoring/normfinder/stability_values.normfinder.csv",
                "warnings"
            ],
            [
                "all_counts_filtered.parquet:md5,9dd07574791da408a3c00064774fd2a3",
                "all_genes_summary.csv:md5,720e3ec50de0227cbfbce9cb0fd542f8",
                "top_stable_genes_summary.csv:md5,0f86d98eb45898a80923232774e8ee81",
                "top_stable_genes_transposed_counts_filtered.csv:md5,de8bf611ffbb33b1f600a13be0904fad",
                "stats_all_genes.csv:md5,0561def8497c2c5d2291653105a4296e",
                "microarray.stats_all_genes.csv:md5,449a0e1a08a6e1ec4ced368a8ab1538f",
                "rnaseq.stats_all_genes.csv:md5,c8eb12ea25bc4368cf55753ed40b4271",
                "cleaned_counts_filtered.parquet:md5,d1bb960ef0ca8d34430ef34a52b3ca96",
                "stats_with_scores.csv:md5,bfc234a1d8c8cc0d53b102c5675e9988",
                "app.py:md5,bb43a37542f3525925e68e41f26b3eb3",
                "style.css:md5,e6ba182eaf06980dbda49920efbf6e64",
                "all_counts.parquet:md5,c3e514cb129fffb55c0152b9116b81c5",
                "all_genes_summary.csv:md5,720e3ec50de0227cbfbce9cb0fd542f8",
                "whole_design.csv:md5,91d69f908aab581087541383a9cc1025",
                "2029240f6d1128be89ddc32729463129:md5,5cc6eb1406d6403afe70dd790f5a929b",
                "spec-file.txt:md5,dd7834fcfbd886febd8dc715ef0d6ed7",
                "common.cpython-313.pyc:md5,0f0ff495fcb7243cc1188e601c374450",
                "genes.cpython-313.pyc:md5,a8f7cb8770d654e7841291b9ef099e9c",
                "samples.cpython-313.pyc:md5,0a8def370e4fe1e790ad572a84fc14c5",
                "common.py:md5,2579b1cf40bc1f19bf4d6cf9e7ee3261",
                "genes.py:md5,290fc0b53cb7ad9fe1b1c18fd92a36c4",
                "samples.py:md5,ebe1620fd6a7280933c6e82f05b04820",
                "graphs.cpython-313.pyc:md5,6346dada33930b855e36e19eb96c6d29",
                "right_sidebar.cpython-313.pyc:md5,1b209dbfa96e1f627952991f4301bf79",
                "stores.cpython-313.pyc:md5,6cade39e1ae1f346befb8220f24c08b2",
                "tables.cpython-313.pyc:md5,0fe34dad12b08318b334021f939f68d1",
                "tooltips.cpython-313.pyc:md5,38d97cad354496df1cbbd32c11decc35",
                "top.cpython-313.pyc:md5,3e31c5e39d2acbd49847378a23e33b1b",
                "graphs.py:md5,07dc2cf0dcb46104787dc5b76660cc1e",
                "icons.py:md5,7873cf09c55a36ad1a51ba17b95a0627",
                "right_sidebar.py:md5,2f027584cf2cf862a28af95d4b2390d8",
                "genes.cpython-313.pyc:md5,3119d2a9456b328722d503da5b07653a",
                "samples.cpython-313.pyc:md5,7a2e47b0fac7db2b763035aa9d00f830",
                "genes.py:md5,b521a8e3ffa1d9c15b4699f074fa2533",
                "samples.py:md5,f1b4efe28957159ed66ae6149e5337b9",
                "stores.py:md5,5c3a8b547efa4dc763a84fbf8297c0f0",
                "tables.py:md5,84d17ad7f43458412e550f74a24560e5",
                "tooltips.py:md5,3f6e77c5bc52d3ae8b64420c50f5daa1",
                "top.py:md5,55ca3f695ac2d4c605fb29994ab18f53",
                "config.cpython-313.pyc:md5,62544cb677a32b64691d14ec763c9451",
                "data_management.cpython-313.pyc:md5,240a7e00e5c6186e54225cafed7354d7",
                "style.cpython-313.pyc:md5,1ac3d137e3a4775de24f91352a6a0b0f",
                "config.py:md5,d8c73fa4a5924aa9cfe56b32f04d158d",
                "data_management.py:md5,bc045967dc700f83fcbb9e84fb333c65",
                "style.py:md5,b9f1207f06464e43c05e6e3912f12731",
                "versions.yml:md5,62053b1d61b243110327dfc8d0750b84",
                "E_GEOD_21945_A_AFFY_2.dataset_stats.csv:md5,c9fd75d794c11b7f97ee111b743e040d",
                "E_GEOD_52806_rnaseq.dataset_stats.csv:md5,a28d66897810174044e9ca30f8e4675e",
                "E_GEOD_21945_A_AFFY_2.design.csv:md5,3c2cc68528e555a885176d845f04d422",
                "E_GEOD_21945_A_AFFY_2.microarray.normalised.counts.csv:md5,647f1f8b46457e201af3903be3326654",
                "E_GEOD_52806_rnaseq.design.csv:md5,a0f1f0f86a2655f526d0cc099d5b6adc",
                "E_GEOD_52806_rnaseq.rnaseq.raw.counts.csv:md5,da027fc750b0f00dca199122a67feac7",
                "excluded_geo_accessions.txt:md5,3d247b02a5dfe0064be4c09ceb270c27",
                "candidate_counts.parquet:md5,4ef144ae7c7c09e6d47117405eb47b37",
                "E_GEOD_21945_A_AFFY_2.microarray.normalised.counts.mapping.csv:md5,e00b6804a4ba7ff25c708a9c6a4770f8",
                "E_GEOD_21945_A_AFFY_2.microarray.normalised.counts.metadata.csv:md5,7efa12130b8d5bcdb79d630d07fec5d3",
                "E_GEOD_21945_A_AFFY_2.microarray.normalised.counts.renamed.csv:md5,91576c77a0cff0116ef8aad73281b729",
                "E_GEOD_52806_rnaseq.rnaseq.raw.counts.mapping.csv:md5,1bbc8cddf18072309e81498806aa73ff",
                "E_GEOD_52806_rnaseq.rnaseq.raw.counts.metadata.csv:md5,08861c29159a6a2fed38efe523ed9c56",
                "E_GEOD_52806_rnaseq.rnaseq.raw.counts.renamed.csv:md5,b8774e7b2c57ac8763dfd244c2c9b0f9",
                "whole_gene_id_mapping.csv:md5,b7d2972efa44bdf1903702e260189b68",
                "whole_gene_metadata.csv:md5,a08ab44a98542a8529d2a4b5a47e4408",
                "all_counts.parquet:md5,c3e514cb129fffb55c0152b9116b81c5",
                "all_counts.parquet:md5,f23c8b1ca3930141ea7016d516703e2c",
                "all_counts.parquet:md5,f7a2c9c30f41a91fc4b71cb521cdb2c8",
                "whole_design.csv:md5,91d69f908aab581087541383a9cc1025",
                "multiqc_citations.txt:md5,4c806e63a283ec1b7e78cdae3a923d4f",
                "multiqc_expression_distributions_top_stable_genes.txt:md5,6da36ac9ecb493270d9e7b4b04281cd4",
                "multiqc_gene_statistics.txt:md5,6e3b76f372c326055c6f302d8fc6594d",
                "multiqc_ranked_top_stable_genes_summary.txt:md5,4a1ea438cfcc3f6a8f2ffcbabf87dec2",
                "versions.yml:md5,f2e24085d3e7fa254b14b99bde5f2030",
                "E_GEOD_52806_rnaseq.rnaseq.raw.counts.renamed.cpm.csv:md5,b3b7bd2d373cd9f2e84c015c4d3c9d67",
                "E_GEOD_21945_A_AFFY_2.microarray.normalised.counts.renamed.quant_norm.parquet:md5,2a27fa11e3e5143313f40d16b3815adf",
                "E_GEOD_52806_rnaseq.rnaseq.raw.counts.renamed.cpm.quant_norm.parquet:md5,bca82a0a962312e90a02096438b5eed7",
                "stability_values.normfinder.csv:md5,9d6fb3c72f8dcedfc1c4295f9b2b7a6f"
            ]
        ],
        "meta": {
            "nf-test": "0.9.2",
            "nextflow": "25.04.8"
        },
        "timestamp": "2025-11-08T11:10:17.827869101"
    }
}