{
    "With Genorm": {
        "content": [
            {
                "0": [
                    "section_1.stats_with_scores.csv:md5,e78b6a9fdc451be6c6c6831d9885078a"
                ],
                "1": [
                    [
                        "COMPUTE_STABILITY_SCORES",
                        "python",
                        "3.14.3"
                    ]
                ],
                "2": [
                    [
                        "COMPUTE_STABILITY_SCORES",
                        "polars",
                        "1.39.2"
                    ]
                ],
                "stats_with_stability_scores": [
                    "section_1.stats_with_scores.csv:md5,e78b6a9fdc451be6c6c6831d9885078a"
                ]
            }
        ],
        "timestamp": "2026-06-25T18:46:44.286585424",
        "meta": {
            "nf-test": "0.9.5",
            "nextflow": "26.04.4"
        }
    },
    "Without Genorm": {
        "content": [
            {
                "0": [
                    "section_1.stats_with_scores.csv:md5,227d924080d1115b380328d6d9f50456"
                ],
                "1": [
                    [
                        "COMPUTE_STABILITY_SCORES",
                        "python",
                        "3.14.3"
                    ]
                ],
                "2": [
                    [
                        "COMPUTE_STABILITY_SCORES",
                        "polars",
                        "1.39.2"
                    ]
                ],
                "stats_with_stability_scores": [
                    "section_1.stats_with_scores.csv:md5,227d924080d1115b380328d6d9f50456"
                ]
            }
        ],
        "timestamp": "2026-06-25T18:46:53.291455976",
        "meta": {
            "nf-test": "0.9.5",
            "nextflow": "26.04.4"
        }
    }
}