{
    "With Genorm": {
        "content": [
            {
                "0": [
                    "stats_with_scores.csv:md5,dcf0165aebf5905242fc375f2d734c1a"
                ],
                "1": [
                    [
                        "COMPUTE_STABILITY_SCORES",
                        "python",
                        "3.13.7"
                    ]
                ],
                "2": [
                    [
                        "COMPUTE_STABILITY_SCORES",
                        "polars",
                        "1.33.1"
                    ]
                ],
                "stats_with_stability_scores": [
                    "stats_with_scores.csv:md5,dcf0165aebf5905242fc375f2d734c1a"
                ]
            }
        ],
        "meta": {
            "nf-test": "0.9.2",
            "nextflow": "25.04.8"
        },
        "timestamp": "2025-11-08T15:23:36.939080125"
    },
    "Without Genorm": {
        "content": [
            {
                "0": [
                    "stats_with_scores.csv:md5,2c5c81309a2b09eb44163d8a02393ce0"
                ],
                "1": [
                    [
                        "COMPUTE_STABILITY_SCORES",
                        "python",
                        "3.13.7"
                    ]
                ],
                "2": [
                    [
                        "COMPUTE_STABILITY_SCORES",
                        "polars",
                        "1.33.1"
                    ]
                ],
                "stats_with_stability_scores": [
                    "stats_with_scores.csv:md5,2c5c81309a2b09eb44163d8a02393ce0"
                ]
            }
        ],
        "meta": {
            "nf-test": "0.9.2",
            "nextflow": "25.04.8"
        },
        "timestamp": "2025-11-08T15:23:31.460651402"
    }
}