{
    "Very small dataset": {
        "content": [
            [
                [
                    {
                        "accession": "accession",
                        "design": "design.csv:md5,a83dd6a15463b51d94f0a42c196d7933"
                    },
                    "counts.cpm.csv:md5,d9faea3c55e8ce02686bda20ad2915c9"
                ]
            ]
        ],
        "meta": {
            "nf-test": "0.9.2",
            "nextflow": "24.10.3"
        },
        "timestamp": "2025-01-07T08:13:37.464068082"
    },
    "One group": {
        "content": [
            [
                [
                    {
                        "accession": "accession",
                        "design": "design.csv:md5,28cf54802df5df4a9dc406003623c6a7"
                    },
                    "counts.cpm.csv:md5,1edb84e1aca3456008bf50887ade5e2f"
                ]
            ]
        ],
        "meta": {
            "nf-test": "0.9.2",
            "nextflow": "24.10.3"
        },
        "timestamp": "2025-01-07T08:14:07.022434245"
    },
    "Rows with many zeros": {
        "content": [
            [
                [
                    {
                        "accession": "accession",
                        "design": "design.csv:md5,3cdf98e2e202b4af2687eaefd9bdd8e9"
                    },
                    "counts.cpm.csv:md5,5679b3cbe9d23502cfaae348911a38d6"
                ]
            ]
        ],
        "meta": {
            "nf-test": "0.9.2",
            "nextflow": "24.10.3"
        },
        "timestamp": "2025-01-07T08:13:52.082957797"
    }
}