{
    "CPM Normalisation": {
        "content": [
            {
                "0": [
                    [
                        {
                            "normalised": false,
                            "design": "rnaseq.raw.design.csv:md5,39470b02a211aff791f9e4851b017488",
                            "dataset": "rnaseq_raw",
                            "platform": "rnaseq"
                        },
                        "rnaseq.raw.cpm.quant_norm.parquet:md5,a9143f3a40dfb90d839c44af73d16f44"
                    ],
                    [
                        {
                            "normalised": true,
                            "design": "microarray.normalised.design.csv:md5,9662cc2f58d86cc552d6ff9cf094dd67",
                            "dataset": "microarray_normalised",
                            "platform": "microarray"
                        },
                        "microarray.normalised.quant_norm.parquet:md5,b32fba01e39c2e54458f3b6d1b5fafc1"
                    ]
                ],
                "counts": [
                    [
                        {
                            "normalised": false,
                            "design": "rnaseq.raw.design.csv:md5,39470b02a211aff791f9e4851b017488",
                            "dataset": "rnaseq_raw",
                            "platform": "rnaseq"
                        },
                        "rnaseq.raw.cpm.quant_norm.parquet:md5,a9143f3a40dfb90d839c44af73d16f44"
                    ],
                    [
                        {
                            "normalised": true,
                            "design": "microarray.normalised.design.csv:md5,9662cc2f58d86cc552d6ff9cf094dd67",
                            "dataset": "microarray_normalised",
                            "platform": "microarray"
                        },
                        "microarray.normalised.quant_norm.parquet:md5,b32fba01e39c2e54458f3b6d1b5fafc1"
                    ]
                ]
            }
        ],
        "meta": {
            "nf-test": "0.9.2",
            "nextflow": "25.04.8"
        },
        "timestamp": "2025-12-03T18:31:21.419202123"
    },
    "No rnaseq normalisation": {
        "content": [
            {
                "0": [
                    [
                        {
                            "normalised": true,
                            "design": "microarray.normalised.design.csv:md5,9662cc2f58d86cc552d6ff9cf094dd67",
                            "dataset": "microarray_normalised",
                            "platform": "microarray"
                        },
                        "microarray.normalised.quant_norm.parquet:md5,b32fba01e39c2e54458f3b6d1b5fafc1"
                    ]
                ],
                "counts": [
                    [
                        {
                            "normalised": true,
                            "design": "microarray.normalised.design.csv:md5,9662cc2f58d86cc552d6ff9cf094dd67",
                            "dataset": "microarray_normalised",
                            "platform": "microarray"
                        },
                        "microarray.normalised.quant_norm.parquet:md5,b32fba01e39c2e54458f3b6d1b5fafc1"
                    ]
                ]
            }
        ],
        "meta": {
            "nf-test": "0.9.2",
            "nextflow": "25.04.8"
        },
        "timestamp": "2025-12-03T18:34:48.109732612"
    },
    "TPM Normalisation": {
        "content": [
            {
                "0": [
                    [
                        {
                            "normalised": false,
                            "design": "rnaseq.raw.design.csv:md5,39470b02a211aff791f9e4851b017488",
                            "dataset": "rnaseq_raw",
                            "platform": "rnaseq"
                        },
                        "rnaseq.raw.tpm.quant_norm.parquet:md5,0a12a61db30db8c70e609270d32bc33d"
                    ],
                    [
                        {
                            "normalised": true,
                            "design": "microarray.normalised.design.csv:md5,9662cc2f58d86cc552d6ff9cf094dd67",
                            "dataset": "microarray_normalised",
                            "platform": "microarray"
                        },
                        "microarray.normalised.quant_norm.parquet:md5,b32fba01e39c2e54458f3b6d1b5fafc1"
                    ]
                ],
                "counts": [
                    [
                        {
                            "normalised": false,
                            "design": "rnaseq.raw.design.csv:md5,39470b02a211aff791f9e4851b017488",
                            "dataset": "rnaseq_raw",
                            "platform": "rnaseq"
                        },
                        "rnaseq.raw.tpm.quant_norm.parquet:md5,0a12a61db30db8c70e609270d32bc33d"
                    ],
                    [
                        {
                            "normalised": true,
                            "design": "microarray.normalised.design.csv:md5,9662cc2f58d86cc552d6ff9cf094dd67",
                            "dataset": "microarray_normalised",
                            "platform": "microarray"
                        },
                        "microarray.normalised.quant_norm.parquet:md5,b32fba01e39c2e54458f3b6d1b5fafc1"
                    ]
                ]
            }
        ],
        "meta": {
            "nf-test": "0.9.2",
            "nextflow": "25.04.8"
        },
        "timestamp": "2025-12-03T18:31:12.441977406"
    }
}