{
    "CPM Normalisation": {
        "content": [
            {
                "0": [
                    [
                        {
                            "normalised": false,
                            "design": "rnaseq.raw.design.csv:md5,39470b02a211aff791f9e4851b017488",
                            "dataset": "rnaseq_raw",
                            "platform": "rnaseq"
                        },
                        "rnaseq.raw.cpm.quant_norm.parquet:md5,447d804d600b61f0bc86326d3e0972cc"
                    ],
                    [
                        {
                            "normalised": true,
                            "design": "microarray.normalised.design.csv:md5,9662cc2f58d86cc552d6ff9cf094dd67",
                            "dataset": "microarray_normalised",
                            "platform": "microarray"
                        },
                        "microarray.normalised.quant_norm.parquet:md5,9c3aec01cdb7ac94b0c28acd711a12a0"
                    ]
                ],
                "counts": [
                    [
                        {
                            "normalised": false,
                            "design": "rnaseq.raw.design.csv:md5,39470b02a211aff791f9e4851b017488",
                            "dataset": "rnaseq_raw",
                            "platform": "rnaseq"
                        },
                        "rnaseq.raw.cpm.quant_norm.parquet:md5,447d804d600b61f0bc86326d3e0972cc"
                    ],
                    [
                        {
                            "normalised": true,
                            "design": "microarray.normalised.design.csv:md5,9662cc2f58d86cc552d6ff9cf094dd67",
                            "dataset": "microarray_normalised",
                            "platform": "microarray"
                        },
                        "microarray.normalised.quant_norm.parquet:md5,9c3aec01cdb7ac94b0c28acd711a12a0"
                    ]
                ]
            }
        ],
        "meta": {
            "nf-test": "0.9.3",
            "nextflow": "25.10.2"
        },
        "timestamp": "2026-01-06T17:50:09.532650251"
    },
    "No rnaseq normalisation": {
        "content": [
            {
                "0": [
                    [
                        {
                            "normalised": true,
                            "design": "microarray.normalised.design.csv:md5,9662cc2f58d86cc552d6ff9cf094dd67",
                            "dataset": "microarray_normalised",
                            "platform": "microarray"
                        },
                        "microarray.normalised.quant_norm.parquet:md5,9c3aec01cdb7ac94b0c28acd711a12a0"
                    ]
                ],
                "counts": [
                    [
                        {
                            "normalised": true,
                            "design": "microarray.normalised.design.csv:md5,9662cc2f58d86cc552d6ff9cf094dd67",
                            "dataset": "microarray_normalised",
                            "platform": "microarray"
                        },
                        "microarray.normalised.quant_norm.parquet:md5,9c3aec01cdb7ac94b0c28acd711a12a0"
                    ]
                ]
            }
        ],
        "meta": {
            "nf-test": "0.9.3",
            "nextflow": "25.10.2"
        },
        "timestamp": "2026-01-06T17:50:21.467295296"
    },
    "TPM Normalisation with gene length": {
        "content": [
            {
                "0": [
                    [
                        {
                            "normalised": false,
                            "design": "rnaseq.raw.design.csv:md5,39470b02a211aff791f9e4851b017488",
                            "dataset": "rnaseq_raw",
                            "platform": "rnaseq"
                        },
                        "rnaseq.raw.tpm.quant_norm.parquet:md5,f7e75c14dde78849897a89f6e2d6ef65"
                    ],
                    [
                        {
                            "normalised": true,
                            "design": "microarray.normalised.design.csv:md5,9662cc2f58d86cc552d6ff9cf094dd67",
                            "dataset": "microarray_normalised",
                            "platform": "microarray"
                        },
                        "microarray.normalised.quant_norm.parquet:md5,9c3aec01cdb7ac94b0c28acd711a12a0"
                    ]
                ],
                "counts": [
                    [
                        {
                            "normalised": false,
                            "design": "rnaseq.raw.design.csv:md5,39470b02a211aff791f9e4851b017488",
                            "dataset": "rnaseq_raw",
                            "platform": "rnaseq"
                        },
                        "rnaseq.raw.tpm.quant_norm.parquet:md5,f7e75c14dde78849897a89f6e2d6ef65"
                    ],
                    [
                        {
                            "normalised": true,
                            "design": "microarray.normalised.design.csv:md5,9662cc2f58d86cc552d6ff9cf094dd67",
                            "dataset": "microarray_normalised",
                            "platform": "microarray"
                        },
                        "microarray.normalised.quant_norm.parquet:md5,9c3aec01cdb7ac94b0c28acd711a12a0"
                    ]
                ]
            }
        ],
        "meta": {
            "nf-test": "0.9.3",
            "nextflow": "25.10.2"
        },
        "timestamp": "2026-01-06T17:49:56.051333397"
    },
    "TPM Normalisation": {
        "content": [
            {
                "0": [
                    [
                        {
                            "normalised": false,
                            "design": "rnaseq.raw.design.csv:md5,39470b02a211aff791f9e4851b017488",
                            "dataset": "rnaseq_raw",
                            "platform": "rnaseq"
                        },
                        "rnaseq.raw.tpm.quant_norm.parquet:md5,f7e75c14dde78849897a89f6e2d6ef65"
                    ],
                    [
                        {
                            "normalised": true,
                            "design": "microarray.normalised.design.csv:md5,9662cc2f58d86cc552d6ff9cf094dd67",
                            "dataset": "microarray_normalised",
                            "platform": "microarray"
                        },
                        "microarray.normalised.quant_norm.parquet:md5,9c3aec01cdb7ac94b0c28acd711a12a0"
                    ]
                ],
                "counts": [
                    [
                        {
                            "normalised": false,
                            "design": "rnaseq.raw.design.csv:md5,39470b02a211aff791f9e4851b017488",
                            "dataset": "rnaseq_raw",
                            "platform": "rnaseq"
                        },
                        "rnaseq.raw.tpm.quant_norm.parquet:md5,f7e75c14dde78849897a89f6e2d6ef65"
                    ],
                    [
                        {
                            "normalised": true,
                            "design": "microarray.normalised.design.csv:md5,9662cc2f58d86cc552d6ff9cf094dd67",
                            "dataset": "microarray_normalised",
                            "platform": "microarray"
                        },
                        "microarray.normalised.quant_norm.parquet:md5,9c3aec01cdb7ac94b0c28acd711a12a0"
                    ]
                ]
            }
        ],
        "meta": {
            "nf-test": "0.9.3",
            "nextflow": "25.10.2"
        },
        "timestamp": "2026-01-06T17:49:33.232295092"
    }
}