{
    "CPM Normalisation": {
        "content": [
            {
                "0": [
                    [
                        {
                            "normalised": false,
                            "design": "rnaseq.raw.design.csv:md5,39470b02a211aff791f9e4851b017488",
                            "dataset": "rnaseq_raw",
                            "platform": "rnaseq"
                        },
                        "rnaseq.raw.cpm.quant_norm.parquet:md5,cb63fdfcfad72d54f1bbef526674fa68"
                    ],
                    [
                        {
                            "normalised": true,
                            "design": "microarray.normalised.design.csv:md5,9662cc2f58d86cc552d6ff9cf094dd67",
                            "dataset": "microarray_normalised",
                            "platform": "microarray"
                        },
                        "microarray.normalised.quant_norm.parquet:md5,362b17780fe521129f49a7e040beee64"
                    ]
                ],
                "counts": [
                    [
                        {
                            "normalised": false,
                            "design": "rnaseq.raw.design.csv:md5,39470b02a211aff791f9e4851b017488",
                            "dataset": "rnaseq_raw",
                            "platform": "rnaseq"
                        },
                        "rnaseq.raw.cpm.quant_norm.parquet:md5,cb63fdfcfad72d54f1bbef526674fa68"
                    ],
                    [
                        {
                            "normalised": true,
                            "design": "microarray.normalised.design.csv:md5,9662cc2f58d86cc552d6ff9cf094dd67",
                            "dataset": "microarray_normalised",
                            "platform": "microarray"
                        },
                        "microarray.normalised.quant_norm.parquet:md5,362b17780fe521129f49a7e040beee64"
                    ]
                ]
            }
        ],
        "timestamp": "2026-06-12T08:16:13.228280816",
        "meta": {
            "nf-test": "0.9.5",
            "nextflow": "25.04.0"
        }
    },
    "No rnaseq normalisation": {
        "content": [
            {
                "0": [
                    [
                        {
                            "normalised": true,
                            "design": "microarray.normalised.design.csv:md5,9662cc2f58d86cc552d6ff9cf094dd67",
                            "dataset": "microarray_normalised",
                            "platform": "microarray"
                        },
                        "microarray.normalised.quant_norm.parquet:md5,362b17780fe521129f49a7e040beee64"
                    ]
                ],
                "counts": [
                    [
                        {
                            "normalised": true,
                            "design": "microarray.normalised.design.csv:md5,9662cc2f58d86cc552d6ff9cf094dd67",
                            "dataset": "microarray_normalised",
                            "platform": "microarray"
                        },
                        "microarray.normalised.quant_norm.parquet:md5,362b17780fe521129f49a7e040beee64"
                    ]
                ]
            }
        ],
        "timestamp": "2026-06-12T08:16:26.345933821",
        "meta": {
            "nf-test": "0.9.5",
            "nextflow": "25.04.0"
        }
    },
    "TPM Normalisation with gene length": {
        "content": [
            {
                "0": [
                    [
                        {
                            "normalised": false,
                            "design": "rnaseq.raw.design.csv:md5,39470b02a211aff791f9e4851b017488",
                            "dataset": "rnaseq_raw",
                            "platform": "rnaseq"
                        },
                        "rnaseq.raw.tpm.quant_norm.parquet:md5,f5ab4840f0313d30d51d5029f6f69c2d"
                    ],
                    [
                        {
                            "normalised": true,
                            "design": "microarray.normalised.design.csv:md5,9662cc2f58d86cc552d6ff9cf094dd67",
                            "dataset": "microarray_normalised",
                            "platform": "microarray"
                        },
                        "microarray.normalised.quant_norm.parquet:md5,362b17780fe521129f49a7e040beee64"
                    ]
                ],
                "counts": [
                    [
                        {
                            "normalised": false,
                            "design": "rnaseq.raw.design.csv:md5,39470b02a211aff791f9e4851b017488",
                            "dataset": "rnaseq_raw",
                            "platform": "rnaseq"
                        },
                        "rnaseq.raw.tpm.quant_norm.parquet:md5,f5ab4840f0313d30d51d5029f6f69c2d"
                    ],
                    [
                        {
                            "normalised": true,
                            "design": "microarray.normalised.design.csv:md5,9662cc2f58d86cc552d6ff9cf094dd67",
                            "dataset": "microarray_normalised",
                            "platform": "microarray"
                        },
                        "microarray.normalised.quant_norm.parquet:md5,362b17780fe521129f49a7e040beee64"
                    ]
                ]
            }
        ],
        "timestamp": "2026-06-12T08:15:58.461993083",
        "meta": {
            "nf-test": "0.9.5",
            "nextflow": "25.04.0"
        }
    },
    "TPM Normalisation": {
        "content": [
            {
                "0": [
                    [
                        {
                            "normalised": false,
                            "design": "rnaseq.raw.design.csv:md5,39470b02a211aff791f9e4851b017488",
                            "dataset": "rnaseq_raw",
                            "platform": "rnaseq"
                        },
                        "rnaseq.raw.tpm.quant_norm.parquet:md5,e6b853e4614ac4de5f4d00f657189355"
                    ],
                    [
                        {
                            "normalised": true,
                            "design": "microarray.normalised.design.csv:md5,9662cc2f58d86cc552d6ff9cf094dd67",
                            "dataset": "microarray_normalised",
                            "platform": "microarray"
                        },
                        "microarray.normalised.quant_norm.parquet:md5,362b17780fe521129f49a7e040beee64"
                    ]
                ],
                "counts": [
                    [
                        {
                            "normalised": false,
                            "design": "rnaseq.raw.design.csv:md5,39470b02a211aff791f9e4851b017488",
                            "dataset": "rnaseq_raw",
                            "platform": "rnaseq"
                        },
                        "rnaseq.raw.tpm.quant_norm.parquet:md5,e6b853e4614ac4de5f4d00f657189355"
                    ],
                    [
                        {
                            "normalised": true,
                            "design": "microarray.normalised.design.csv:md5,9662cc2f58d86cc552d6ff9cf094dd67",
                            "dataset": "microarray_normalised",
                            "platform": "microarray"
                        },
                        "microarray.normalised.quant_norm.parquet:md5,362b17780fe521129f49a7e040beee64"
                    ]
                ]
            }
        ],
        "timestamp": "2026-06-12T08:15:43.823757671",
        "meta": {
            "nf-test": "0.9.5",
            "nextflow": "25.04.0"
        }
    }
}