{
    "Should run without failures": {
        "content": [
            {
                "0": [
                    [
                        {
                            "accession": "accession",
                            "design": "design.csv:md5,a83dd6a15463b51d94f0a42c196d7933"
                        },
                        "all_counts.log_cpm.csv:md5,9dd697940642a7e2dbac520eb7a2eeff"
                    ]
                ],
                "1": [
                    [
                        "EDGER_NORMALIZE",
                        "R",
                        "4.3.3 (2024-02-29)"
                    ]
                ],
                "2": [
                    [
                        "EDGER_NORMALIZE",
                        "edgeR",
                        "4.0.16"
                    ]
                ],
                "csv": [
                    [
                        {
                            "accession": "accession",
                            "design": "design.csv:md5,a83dd6a15463b51d94f0a42c196d7933"
                        },
                        "all_counts.log_cpm.csv:md5,9dd697940642a7e2dbac520eb7a2eeff"
                    ]
                ]
            }
        ],
        "meta": {
            "nf-test": "0.9.2",
            "nextflow": "24.10.3"
        },
        "timestamp": "2024-12-29T12:36:28.080031"
    }
}