{
    "No sample left": {
        "content": [
            {
                "0": [
                    
                ],
                "1": [
                    [
                        "test",
                        "failure_reason.txt:md5,8b7b701a2f7e1540901e9aab371a1421"
                    ]
                ],
                "2": [
                    [
                        "CLEAN_COUNT_DATA",
                        "python",
                        "3.12.8"
                    ]
                ],
                "3": [
                    [
                        "CLEAN_COUNT_DATA",
                        "polars",
                        "1.17.1"
                    ]
                ],
                "counts": [
                    
                ]
            }
        ],
        "meta": {
            "nf-test": "0.9.2",
            "nextflow": "25.04.8"
        },
        "timestamp": "2025-11-08T14:34:33.283176679"
    },
    "Runs ok": {
        "content": [
            {
                "0": [
                    [
                        {
                            "dataset": "test"
                        },
                        "cleaned_counts_filtered.parquet:md5,93c0abe8562314fe416769aa160d094a"
                    ]
                ],
                "1": [
                    
                ],
                "2": [
                    [
                        "CLEAN_COUNT_DATA",
                        "python",
                        "3.12.8"
                    ]
                ],
                "3": [
                    [
                        "CLEAN_COUNT_DATA",
                        "polars",
                        "1.17.1"
                    ]
                ],
                "counts": [
                    [
                        {
                            "dataset": "test"
                        },
                        "cleaned_counts_filtered.parquet:md5,93c0abe8562314fe416769aa160d094a"
                    ]
                ]
            }
        ],
        "meta": {
            "nf-test": "0.9.2",
            "nextflow": "25.04.8"
        },
        "timestamp": "2025-11-08T14:33:31.956184265"
    }
}