{
    "No imputed values": {
        "content": [
            {
                "0": [
                    
                ],
                "1": [
                    
                ],
                "2": [
                    
                ],
                "stats": [
                    
                ]
            }
        ],
        "timestamp": "2026-10-05T15:14:46.495448888",
        "meta": {
            "nf-test": "0.9.5",
            "nextflow": "26.04.6"
        }
    },
    "No platform": {
        "content": [
            {
                "0": [
                    [
                        {
                            "platform": "all"
                        },
                        "stats_all_genes.csv:md5,efea875427a4d3f34ac28d8a1c17f96f"
                    ]
                ],
                "1": [
                    [
                        "COMPUTE_GENE_STATISTICS",
                        "python",
                        "3.14.3"
                    ]
                ],
                "2": [
                    [
                        "COMPUTE_GENE_STATISTICS",
                        "polars",
                        "1.39.2"
                    ]
                ],
                "stats": [
                    [
                        {
                            "platform": "all"
                        },
                        "stats_all_genes.csv:md5,efea875427a4d3f34ac28d8a1c17f96f"
                    ]
                ]
            }
        ],
        "timestamp": "2026-10-05T15:14:24.303656568",
        "meta": {
            "nf-test": "0.9.5",
            "nextflow": "26.04.6"
        }
    },
    "RNAseq platform": {
        "content": [
            {
                "0": [
                    [
                        {
                            "platform": "rnaseq"
                        },
                        "stats_all_genes.csv:md5,efea875427a4d3f34ac28d8a1c17f96f"
                    ]
                ],
                "1": [
                    [
                        "COMPUTE_GENE_STATISTICS",
                        "python",
                        "3.14.3"
                    ]
                ],
                "2": [
                    [
                        "COMPUTE_GENE_STATISTICS",
                        "polars",
                        "1.39.2"
                    ]
                ],
                "stats": [
                    [
                        {
                            "platform": "rnaseq"
                        },
                        "stats_all_genes.csv:md5,efea875427a4d3f34ac28d8a1c17f96f"
                    ]
                ]
            }
        ],
        "timestamp": "2026-10-05T15:14:32.501493182",
        "meta": {
            "nf-test": "0.9.5",
            "nextflow": "26.04.6"
        }
    }
}