{
    "No imputed values": {
        "content": [
            {
                "0": [
                    "rnaseq.stats_all_genes.csv:md5,9944aa2a366b7647be87134a4f45ad5d"
                ],
                "1": [
                    [
                        "COMPUTE_GENE_STATISTICS",
                        "python",
                        "3.14.3"
                    ]
                ],
                "2": [
                    [
                        "COMPUTE_GENE_STATISTICS",
                        "polars",
                        "1.39.2"
                    ]
                ],
                "stats": [
                    "rnaseq.stats_all_genes.csv:md5,9944aa2a366b7647be87134a4f45ad5d"
                ]
            }
        ],
        "timestamp": "2026-06-16T15:41:20.924690922",
        "meta": {
            "nf-test": "0.9.5",
            "nextflow": "26.04.4"
        }
    },
    "No platform": {
        "content": [
            {
                "0": [
                    "stats_all_genes.csv:md5,7bd63edd3b80decff114f5dc7e7b0384"
                ],
                "1": [
                    [
                        "COMPUTE_GENE_STATISTICS",
                        "python",
                        "3.14.3"
                    ]
                ],
                "2": [
                    [
                        "COMPUTE_GENE_STATISTICS",
                        "polars",
                        "1.39.2"
                    ]
                ],
                "stats": [
                    "stats_all_genes.csv:md5,7bd63edd3b80decff114f5dc7e7b0384"
                ]
            }
        ],
        "timestamp": "2026-06-16T15:41:02.798127853",
        "meta": {
            "nf-test": "0.9.5",
            "nextflow": "26.04.4"
        }
    },
    "RNAseq platform": {
        "content": [
            {
                "0": [
                    "rnaseq.stats_all_genes.csv:md5,9944aa2a366b7647be87134a4f45ad5d"
                ],
                "1": [
                    [
                        "COMPUTE_GENE_STATISTICS",
                        "python",
                        "3.14.3"
                    ]
                ],
                "2": [
                    [
                        "COMPUTE_GENE_STATISTICS",
                        "polars",
                        "1.39.2"
                    ]
                ],
                "stats": [
                    "rnaseq.stats_all_genes.csv:md5,9944aa2a366b7647be87134a4f45ad5d"
                ]
            }
        ],
        "timestamp": "2026-06-16T15:41:12.049719767",
        "meta": {
            "nf-test": "0.9.5",
            "nextflow": "26.04.4"
        }
    }
}
