{
    "Very small dataset": {
        "content": [
            {
                "0": [
                    [
                        {
                            "dataset": "test"
                        },
                        "counts.cpm_log2.parquet:md5,2cd6ee764e06ca052fe11a41e2818e87"
                    ]
                ],
                "1": [
                    
                ],
                "2": [
                    
                ],
                "3": [
                    [
                        "NORMALISATION_CPM_LOG2",
                        "python",
                        "3.14.3"
                    ]
                ],
                "4": [
                    [
                        "NORMALISATION_CPM_LOG2",
                        "polars",
                        "1.39.2"
                    ]
                ],
                "counts": [
                    [
                        {
                            "dataset": "test"
                        },
                        "counts.cpm_log2.parquet:md5,2cd6ee764e06ca052fe11a41e2818e87"
                    ]
                ]
            }
        ],
        "timestamp": "2026-10-01T11:52:05.896649249",
        "meta": {
            "nf-test": "0.9.5",
            "nextflow": "26.04.6"
        }
    },
    "One group": {
        "content": [
            {
                "0": [
                    [
                        {
                            "dataset": "accession"
                        },
                        "counts.cpm_log2.parquet:md5,92565ffdb68131e1e218dfcc04a0a056"
                    ]
                ],
                "1": [
                    
                ],
                "2": [
                    
                ],
                "3": [
                    [
                        "NORMALISATION_CPM_LOG2",
                        "python",
                        "3.14.3"
                    ]
                ],
                "4": [
                    [
                        "NORMALISATION_CPM_LOG2",
                        "polars",
                        "1.39.2"
                    ]
                ],
                "counts": [
                    [
                        {
                            "dataset": "accession"
                        },
                        "counts.cpm_log2.parquet:md5,92565ffdb68131e1e218dfcc04a0a056"
                    ]
                ]
            }
        ],
        "timestamp": "2026-10-01T11:52:21.765842988",
        "meta": {
            "nf-test": "0.9.5",
            "nextflow": "26.04.6"
        }
    },
    "TSV files": {
        "content": [
            {
                "0": [
                    [
                        {
                            "dataset": "accession"
                        },
                        "counts.cpm_log2.parquet:md5,2cd6ee764e06ca052fe11a41e2818e87"
                    ]
                ],
                "1": [
                    
                ],
                "2": [
                    
                ],
                "3": [
                    [
                        "NORMALISATION_CPM_LOG2",
                        "python",
                        "3.14.3"
                    ]
                ],
                "4": [
                    [
                        "NORMALISATION_CPM_LOG2",
                        "polars",
                        "1.39.2"
                    ]
                ],
                "counts": [
                    [
                        {
                            "dataset": "accession"
                        },
                        "counts.cpm_log2.parquet:md5,2cd6ee764e06ca052fe11a41e2818e87"
                    ]
                ]
            }
        ],
        "timestamp": "2026-10-01T11:52:30.063036835",
        "meta": {
            "nf-test": "0.9.5",
            "nextflow": "26.04.6"
        }
    },
    "Rows with many zeros": {
        "content": [
            {
                "0": [
                    [
                        {
                            "dataset": "test"
                        },
                        "counts.cpm_log2.parquet:md5,b30ef63196202a42a06593b353f13891"
                    ]
                ],
                "1": [
                    
                ],
                "2": [
                    
                ],
                "3": [
                    [
                        "NORMALISATION_CPM_LOG2",
                        "python",
                        "3.14.3"
                    ]
                ],
                "4": [
                    [
                        "NORMALISATION_CPM_LOG2",
                        "polars",
                        "1.39.2"
                    ]
                ],
                "counts": [
                    [
                        {
                            "dataset": "test"
                        },
                        "counts.cpm_log2.parquet:md5,b30ef63196202a42a06593b353f13891"
                    ]
                ]
            }
        ],
        "timestamp": "2026-10-01T11:52:14.136317285",
        "meta": {
            "nf-test": "0.9.5",
            "nextflow": "26.04.6"
        }
    },
    "Pseudocounts": {
        "content": [
            {
                "0": [
                    [
                        {
                            "dataset": "accession"
                        },
                        "pseudocounts.cpm_log2.parquet:md5,6c2a50da6d4845ca06207ed554d3afc3"
                    ]
                ],
                "1": [
                    
                ],
                "2": [
                    
                ],
                "3": [
                    [
                        "NORMALISATION_CPM_LOG2",
                        "python",
                        "3.14.3"
                    ]
                ],
                "4": [
                    [
                        "NORMALISATION_CPM_LOG2",
                        "polars",
                        "1.39.2"
                    ]
                ],
                "counts": [
                    [
                        {
                            "dataset": "accession"
                        },
                        "pseudocounts.cpm_log2.parquet:md5,6c2a50da6d4845ca06207ed554d3afc3"
                    ]
                ]
            }
        ],
        "timestamp": "2026-10-01T11:52:37.718128816",
        "meta": {
            "nf-test": "0.9.5",
            "nextflow": "26.04.6"
        }
    }
}