{
    "Should run without failures": {
        "content": [
            {
                "0": [
                    [
                        {
                            "section": "section_1",
                            "index_1": 0,
                            "index_2": 1
                        },
                        "cross_join.0.1.parquet:md5,ef1d4777f59bf8c52f05fa37d638989f"
                    ]
                ],
                "1": [
                    [
                        "CROSS_JOIN",
                        "python",
                        "3.12.8"
                    ]
                ],
                "2": [
                    [
                        "CROSS_JOIN",
                        "polars",
                        "1.17.1"
                    ]
                ],
                "data": [
                    [
                        {
                            "section": "section_1",
                            "index_1": 0,
                            "index_2": 1
                        },
                        "cross_join.0.1.parquet:md5,ef1d4777f59bf8c52f05fa37d638989f"
                    ]
                ]
            }
        ],
        "meta": {
            "nf-test": "0.9.3",
            "nextflow": "25.10.4"
        },
        "timestamp": "2026-02-19T10:41:20.934881638"
    }
}