{
    "Uniform target distribution": {
        "content": [
            {
                "0": [
                    [
                        {
                            "dataset": [
                                
                            ]
                        },
                        "count.raw.cpm.quant_norm.parquet:md5,4ceb116e0a52b92ab31ec4e122ed12a1"
                    ]
                ],
                "1": [
                    [
                        "QUANTILE_NORMALISATION",
                        "python",
                        "3.14.3"
                    ]
                ],
                "2": [
                    [
                        "QUANTILE_NORMALISATION",
                        "polars",
                        "1.39.2"
                    ]
                ],
                "3": [
                    [
                        "QUANTILE_NORMALISATION",
                        "scikit-learn",
                        "1.8.0"
                    ]
                ],
                "counts": [
                    [
                        {
                            "dataset": [
                                
                            ]
                        },
                        "count.raw.cpm.quant_norm.parquet:md5,4ceb116e0a52b92ab31ec4e122ed12a1"
                    ]
                ]
            }
        ],
        "timestamp": "2026-04-17T09:09:10.597987851",
        "meta": {
            "nf-test": "0.9.3",
            "nextflow": "25.10.4"
        }
    },
    "Normal target distribution": {
        "content": [
            {
                "0": [
                    [
                        {
                            "dataset": [
                                
                            ]
                        },
                        "count.raw.cpm.quant_norm.parquet:md5,10c118fd62dad210b585f30620679732"
                    ]
                ],
                "1": [
                    [
                        "QUANTILE_NORMALISATION",
                        "python",
                        "3.14.3"
                    ]
                ],
                "2": [
                    [
                        "QUANTILE_NORMALISATION",
                        "polars",
                        "1.39.2"
                    ]
                ],
                "3": [
                    [
                        "QUANTILE_NORMALISATION",
                        "scikit-learn",
                        "1.8.0"
                    ]
                ],
                "counts": [
                    [
                        {
                            "dataset": [
                                
                            ]
                        },
                        "count.raw.cpm.quant_norm.parquet:md5,10c118fd62dad210b585f30620679732"
                    ]
                ]
            }
        ],
        "timestamp": "2026-04-17T09:09:22.718260106",
        "meta": {
            "nf-test": "0.9.3",
            "nextflow": "25.10.4"
        }
    }
}