{
    "Should run without failures": {
        "content": [
            {
                "0": [
                    "std.0.1.parquet:md5,7a1529e9be1f9ca8aecb9146c39ab4f5"
                ],
                "1": [
                    [
                        "RATIO_STANDARD_VARIATION",
                        "python",
                        "3.12.8"
                    ]
                ],
                "2": [
                    [
                        "RATIO_STANDARD_VARIATION",
                        "polars",
                        "1.17.1"
                    ]
                ],
                "data": [
                    "std.0.1.parquet:md5,7a1529e9be1f9ca8aecb9146c39ab4f5"
                ]
            }
        ],
        "meta": {
            "nf-test": "0.9.2",
            "nextflow": "24.10.3"
        },
        "timestamp": "2025-01-29T16:12:29.850020618"
    }
}