{
    "ENSG - Mapping found": {
        "content": [
            {
                "0": [
                    "mapped_gene_ids.csv:md5,c4ef4df6530509b486662a107ba8de44"
                ],
                "1": [
                    "gene_metadata.csv:md5,f4dad0185e6f2d780f561d3efc301562"
                ],
                "2": [
                    [
                        "GPROFILER_IDMAPPING",
                        "python",
                        "3.13.5"
                    ]
                ],
                "3": [
                    [
                        "GPROFILER_IDMAPPING",
                        "pandas",
                        "2.3.1"
                    ]
                ],
                "4": [
                    [
                        "GPROFILER_IDMAPPING",
                        "requests",
                        "2.32.4"
                    ]
                ],
                "metadata": [
                    "gene_metadata.csv:md5,f4dad0185e6f2d780f561d3efc301562"
                ]
            }
        ],
        "meta": {
            "nf-test": "0.9.3",
            "nextflow": "25.10.2"
        },
        "timestamp": "2026-01-07T10:30:46.747985228"
    }
}