{
    "Map Ensembl IDs to themselves": {
        "content": [
            [
                "counts.ensembl_ids_renamed.csv:md5,e4216c237b47e47162926e3d4a102728"
            ]
        ],
        "meta": {
            "nf-test": "0.9.0",
            "nextflow": "24.04.4"
        },
        "timestamp": "2024-10-15T18:54:36.071453475"
    },
    "Map Uniprot IDs": {
        "content": [
            [
                "counts.uniprot_ids_renamed.csv:md5,cd88d623ff58193df380e88f772378a4"
            ]
        ],
        "meta": {
            "nf-test": "0.9.0",
            "nextflow": "24.04.4"
        },
        "timestamp": "2024-10-15T18:55:28.033359223"
    },
    "Map NCBI IDs": {
        "content": [
            [
                "counts.ncbi_ids_renamed.csv:md5,cd88d623ff58193df380e88f772378a4"
            ]
        ],
        "meta": {
            "nf-test": "0.9.0",
            "nextflow": "24.04.4"
        },
        "timestamp": "2024-10-15T23:01:10.384143906"
    }
}