{
    "Should run without failures": {
        "content": [
            [
                "all_counts.csv:md5,78a296bdcaa5009a04b1d32dec44bc32"
            ]
        ],
        "meta": {
            "nf-test": "0.9.0",
            "nextflow": "24.04.4"
        },
        "timestamp": "2024-10-16T12:58:21.980174366"
    }
}