{
    "Nb sections & candidates per section lower than total nb genes": {
        "content": [
            {
                "0": [
                    
                ],
                "1": [
                    
                ],
                "2": [
                    
                ],
                "3": [
                    
                ],
                "section_counts": [
                    
                ],
                "section_stats": [
                    
                ]
            }
        ],
        "timestamp": "2026-10-05T16:47:28.815673023",
        "meta": {
            "nf-test": "0.9.5",
            "nextflow": "26.04.6"
        }
    },
    "Too many sections": {
        "content": [
            {
                "0": [
                    
                ],
                "1": [
                    
                ],
                "2": [
                    
                ],
                "3": [
                    
                ],
                "section_counts": [
                    
                ],
                "section_stats": [
                    
                ]
            }
        ],
        "timestamp": "2026-10-05T16:47:41.994052644",
        "meta": {
            "nf-test": "0.9.5",
            "nextflow": "26.04.6"
        }
    }
}