{
    "Should run without failures": {
        "content": [
            {
                "0": [
                    "all_counts.parquet:md5,ebd15515b440c1ff6f4b9bef4d11a910"
                ],
                "1": [
                    [
                        "MERGE_COUNTS",
                        "python",
                        "3.12.8"
                    ]
                ],
                "2": [
                    [
                        "MERGE_COUNTS",
                        "polars",
                        "1.17.1"
                    ]
                ],
                "counts": [
                    "all_counts.parquet:md5,ebd15515b440c1ff6f4b9bef4d11a910"
                ]
            }
        ],
        "meta": {
            "nf-test": "0.9.2",
            "nextflow": "24.10.3"
        },
        "timestamp": "2025-01-15T09:11:14.12088158"
    }
}