{
    "1 file": {
        "content": [
            {
                "0": [
                    [
                        {
                            "platform": "microarray"
                        },
                        "all_counts.parquet:md5,4ceb116e0a52b92ab31ec4e122ed12a1"
                    ]
                ],
                "1": [
                    [
                        "MERGE_COUNTS",
                        "python",
                        "3.14.3"
                    ]
                ],
                "2": [
                    [
                        "MERGE_COUNTS",
                        "polars",
                        "1.39.2"
                    ]
                ],
                "counts": [
                    [
                        {
                            "platform": "microarray"
                        },
                        "all_counts.parquet:md5,4ceb116e0a52b92ab31ec4e122ed12a1"
                    ]
                ]
            }
        ],
        "timestamp": "2026-03-30T16:41:25.646239587",
        "meta": {
            "nf-test": "0.9.3",
            "nextflow": "25.10.4"
        }
    },
    "3 files": {
        "content": [
            {
                "0": [
                    [
                        {
                            "platform": "rnaseq"
                        },
                        "all_counts.parquet:md5,c519c7936217c9399081069a48539c07"
                    ]
                ],
                "1": [
                    [
                        "MERGE_COUNTS",
                        "python",
                        "3.14.3"
                    ]
                ],
                "2": [
                    [
                        "MERGE_COUNTS",
                        "polars",
                        "1.39.2"
                    ]
                ],
                "counts": [
                    [
                        {
                            "platform": "rnaseq"
                        },
                        "all_counts.parquet:md5,c519c7936217c9399081069a48539c07"
                    ]
                ]
            }
        ],
        "timestamp": "2026-03-30T16:39:46.447995126",
        "meta": {
            "nf-test": "0.9.3",
            "nextflow": "25.10.4"
        }
    }
}