{
    "Small dataset": {
        "content": [
            {
                "0": [
                    "stats_all_genes.csv:md5,50550edd66d9721f6e88d2489a976293"
                ],
                "1": [
                    "stats_most_stable_genes.csv:md5,13d03e47a22dde541d7f54847ed1066d"
                ],
                "2": [
                    "log_count_summary.csv:md5,8379348155d8472e3c0c6a71a30e75a6"
                ],
                "3": [
                    "count_summary.parquet:md5,fcf4fb9f7d91350b7af5b110dea15762"
                ],
                "4": [
                    [
                        "GENE_STATISTICS",
                        "python",
                        "3.12.8"
                    ]
                ],
                "5": [
                    [
                        "GENE_STATISTICS",
                        "polars",
                        "1.17.1"
                    ]
                ],
                "count_summary": [
                    "count_summary.parquet:md5,fcf4fb9f7d91350b7af5b110dea15762"
                ],
                "log_count_summary": [
                    "log_count_summary.csv:md5,8379348155d8472e3c0c6a71a30e75a6"
                ],
                "stats_all_genes": [
                    "stats_all_genes.csv:md5,50550edd66d9721f6e88d2489a976293"
                ],
                "stats_most_stable_genes": [
                    "stats_most_stable_genes.csv:md5,13d03e47a22dde541d7f54847ed1066d"
                ]
            }
        ],
        "meta": {
            "nf-test": "0.9.2",
            "nextflow": "24.10.3"
        },
        "timestamp": "2025-01-14T18:20:06.637107376"
    }
}