{
    "Very small dataset": {
        "content": [
            {
                "0": [
                    [
                        {
                            "dataset": [
                                [
                                    "custom_content_multiqc_config.yaml:md5,abaf7086fcc1d3979b04ed3c6ecc7109",
                                    "skewness.txt:md5,0503443761b306e254ac1c0075ea267e"
                                ],
                                [
                                    "custom_content_multiqc_config.yaml:md5,edf372668919bebe05783bc16995c5c4"
                                ]
                            ]
                        },
                        "counts.tpm.parquet:md5,e8e08e6af6b76fe41793259203925e37"
                    ]
                ],
                "1": [
                    
                ],
                "2": [
                    
                ],
                "3": [
                    [
                        "NORMALISATION_COMPUTE_TPM",
                        "python",
                        "3.14.3"
                    ]
                ],
                "4": [
                    [
                        "NORMALISATION_COMPUTE_TPM",
                        "polars",
                        "1.39.2"
                    ]
                ],
                "counts": [
                    [
                        {
                            "dataset": [
                                [
                                    "custom_content_multiqc_config.yaml:md5,abaf7086fcc1d3979b04ed3c6ecc7109",
                                    "skewness.txt:md5,0503443761b306e254ac1c0075ea267e"
                                ],
                                [
                                    "custom_content_multiqc_config.yaml:md5,edf372668919bebe05783bc16995c5c4"
                                ]
                            ]
                        },
                        "counts.tpm.parquet:md5,e8e08e6af6b76fe41793259203925e37"
                    ]
                ]
            }
        ],
        "meta": {
            "nf-test": "0.9.5",
            "nextflow": "25.10.4"
        },
        "timestamp": "2026-04-02T15:06:57.587153369"
    },
    "One group": {
        "content": [
            {
                "0": [
                    [
                        {
                            "dataset": [
                                [
                                    "custom_content_multiqc_config.yaml:md5,abaf7086fcc1d3979b04ed3c6ecc7109",
                                    "skewness.txt:md5,0503443761b306e254ac1c0075ea267e"
                                ],
                                [
                                    "custom_content_multiqc_config.yaml:md5,edf372668919bebe05783bc16995c5c4"
                                ]
                            ]
                        },
                        "counts.tpm.parquet:md5,2bb5797b24bcd02a06b2794c94567638"
                    ]
                ],
                "1": [
                    
                ],
                "2": [
                    
                ],
                "3": [
                    [
                        "NORMALISATION_COMPUTE_TPM",
                        "python",
                        "3.14.3"
                    ]
                ],
                "4": [
                    [
                        "NORMALISATION_COMPUTE_TPM",
                        "polars",
                        "1.39.2"
                    ]
                ],
                "counts": [
                    [
                        {
                            "dataset": [
                                [
                                    "custom_content_multiqc_config.yaml:md5,abaf7086fcc1d3979b04ed3c6ecc7109",
                                    "skewness.txt:md5,0503443761b306e254ac1c0075ea267e"
                                ],
                                [
                                    "custom_content_multiqc_config.yaml:md5,edf372668919bebe05783bc16995c5c4"
                                ]
                            ]
                        },
                        "counts.tpm.parquet:md5,2bb5797b24bcd02a06b2794c94567638"
                    ]
                ]
            }
        ],
        "meta": {
            "nf-test": "0.9.5",
            "nextflow": "25.10.4"
        },
        "timestamp": "2026-04-02T15:07:10.080660208"
    },
    "TSV files": {
        "content": [
            {
                "0": [
                    [
                        {
                            "dataset": [
                                [
                                    "custom_content_multiqc_config.yaml:md5,abaf7086fcc1d3979b04ed3c6ecc7109",
                                    "skewness.txt:md5,0503443761b306e254ac1c0075ea267e"
                                ],
                                [
                                    "custom_content_multiqc_config.yaml:md5,edf372668919bebe05783bc16995c5c4"
                                ]
                            ]
                        },
                        "counts.tpm.parquet:md5,e8e08e6af6b76fe41793259203925e37"
                    ]
                ],
                "1": [
                    
                ],
                "2": [
                    
                ],
                "3": [
                    [
                        "NORMALISATION_COMPUTE_TPM",
                        "python",
                        "3.14.3"
                    ]
                ],
                "4": [
                    [
                        "NORMALISATION_COMPUTE_TPM",
                        "polars",
                        "1.39.2"
                    ]
                ],
                "counts": [
                    [
                        {
                            "dataset": [
                                [
                                    "custom_content_multiqc_config.yaml:md5,abaf7086fcc1d3979b04ed3c6ecc7109",
                                    "skewness.txt:md5,0503443761b306e254ac1c0075ea267e"
                                ],
                                [
                                    "custom_content_multiqc_config.yaml:md5,edf372668919bebe05783bc16995c5c4"
                                ]
                            ]
                        },
                        "counts.tpm.parquet:md5,e8e08e6af6b76fe41793259203925e37"
                    ]
                ]
            }
        ],
        "meta": {
            "nf-test": "0.9.5",
            "nextflow": "25.10.4"
        },
        "timestamp": "2026-04-02T15:07:16.231969197"
    },
    "Rows with many zeros": {
        "content": [
            {
                "0": [
                    [
                        {
                            "dataset": [
                                [
                                    "custom_content_multiqc_config.yaml:md5,abaf7086fcc1d3979b04ed3c6ecc7109",
                                    "skewness.txt:md5,0503443761b306e254ac1c0075ea267e"
                                ],
                                [
                                    "custom_content_multiqc_config.yaml:md5,edf372668919bebe05783bc16995c5c4"
                                ]
                            ]
                        },
                        "counts.tpm.parquet:md5,95563b1ba1083cfc31c2b9c18c5aeaaa"
                    ]
                ],
                "1": [
                    
                ],
                "2": [
                    
                ],
                "3": [
                    [
                        "NORMALISATION_COMPUTE_TPM",
                        "python",
                        "3.14.3"
                    ]
                ],
                "4": [
                    [
                        "NORMALISATION_COMPUTE_TPM",
                        "polars",
                        "1.39.2"
                    ]
                ],
                "counts": [
                    [
                        {
                            "dataset": [
                                [
                                    "custom_content_multiqc_config.yaml:md5,abaf7086fcc1d3979b04ed3c6ecc7109",
                                    "skewness.txt:md5,0503443761b306e254ac1c0075ea267e"
                                ],
                                [
                                    "custom_content_multiqc_config.yaml:md5,edf372668919bebe05783bc16995c5c4"
                                ]
                            ]
                        },
                        "counts.tpm.parquet:md5,95563b1ba1083cfc31c2b9c18c5aeaaa"
                    ]
                ]
            }
        ],
        "meta": {
            "nf-test": "0.9.5",
            "nextflow": "25.10.4"
        },
        "timestamp": "2026-04-02T15:07:03.89821637"
    }
}