{
    "Very small dataset": {
        "content": [
            {
                "0": [
                    [
                        {
                            "dataset": "test"
                        },
                        "counts.tpm.parquet:md5,e8e08e6af6b76fe41793259203925e37"
                    ]
                ],
                "1": [
                    
                ],
                "2": [
                    
                ],
                "3": [
                    [
                        "NORMALISATION_COMPUTE_TPM",
                        "python",
                        "3.14.3"
                    ]
                ],
                "4": [
                    [
                        "NORMALISATION_COMPUTE_TPM",
                        "polars",
                        "1.39.2"
                    ]
                ],
                "counts": [
                    [
                        {
                            "dataset": "test"
                        },
                        "counts.tpm.parquet:md5,e8e08e6af6b76fe41793259203925e37"
                    ]
                ]
            }
        ],
        "meta": {
            "nf-test": "0.9.3",
            "nextflow": "25.10.4"
        },
        "timestamp": "2026-03-19T12:24:02.997684026"
    },
    "One group": {
        "content": [
            {
                "0": [
                    [
                        {
                            "dataset": "test"
                        },
                        "counts.tpm.parquet:md5,2bb5797b24bcd02a06b2794c94567638"
                    ]
                ],
                "1": [
                    
                ],
                "2": [
                    
                ],
                "3": [
                    [
                        "NORMALISATION_COMPUTE_TPM",
                        "python",
                        "3.14.3"
                    ]
                ],
                "4": [
                    [
                        "NORMALISATION_COMPUTE_TPM",
                        "polars",
                        "1.39.2"
                    ]
                ],
                "counts": [
                    [
                        {
                            "dataset": "test"
                        },
                        "counts.tpm.parquet:md5,2bb5797b24bcd02a06b2794c94567638"
                    ]
                ]
            }
        ],
        "meta": {
            "nf-test": "0.9.3",
            "nextflow": "25.10.4"
        },
        "timestamp": "2026-03-19T12:24:19.979776602"
    },
    "TSV files": {
        "content": [
            {
                "0": [
                    [
                        {
                            "dataset": "test"
                        },
                        "counts.tpm.parquet:md5,e8e08e6af6b76fe41793259203925e37"
                    ]
                ],
                "1": [
                    
                ],
                "2": [
                    
                ],
                "3": [
                    [
                        "NORMALISATION_COMPUTE_TPM",
                        "python",
                        "3.14.3"
                    ]
                ],
                "4": [
                    [
                        "NORMALISATION_COMPUTE_TPM",
                        "polars",
                        "1.39.2"
                    ]
                ],
                "counts": [
                    [
                        {
                            "dataset": "test"
                        },
                        "counts.tpm.parquet:md5,e8e08e6af6b76fe41793259203925e37"
                    ]
                ]
            }
        ],
        "meta": {
            "nf-test": "0.9.3",
            "nextflow": "25.10.4"
        },
        "timestamp": "2026-03-19T12:24:28.379319954"
    },
    "Rows with many zeros": {
        "content": [
            {
                "0": [
                    [
                        {
                            "dataset": "test"
                        },
                        "counts.tpm.parquet:md5,95563b1ba1083cfc31c2b9c18c5aeaaa"
                    ]
                ],
                "1": [
                    
                ],
                "2": [
                    
                ],
                "3": [
                    [
                        "NORMALISATION_COMPUTE_TPM",
                        "python",
                        "3.14.3"
                    ]
                ],
                "4": [
                    [
                        "NORMALISATION_COMPUTE_TPM",
                        "polars",
                        "1.39.2"
                    ]
                ],
                "counts": [
                    [
                        {
                            "dataset": "test"
                        },
                        "counts.tpm.parquet:md5,95563b1ba1083cfc31c2b9c18c5aeaaa"
                    ]
                ]
            }
        ],
        "meta": {
            "nf-test": "0.9.3",
            "nextflow": "25.10.4"
        },
        "timestamp": "2026-03-19T12:24:11.542614897"
    }
}