{
    "Should run without failures": {
        "content": [
            [
                "all_counts_normalized.csv:md5,b999d6fd44fb54c8b311d7e84d64ce9f"
            ]
        ],
        "meta": {
            "nf-test": "0.9.0",
            "nextflow": "24.04.4"
        },
        "timestamp": "2024-10-17T15:03:47.124237706"
    }
}