{
    "Should run without failures": {
        "content": [
            {
                "0": [
                    [
                        {
                            "section": "section_1",
                            "index_1": 0,
                            "index_2": 1
                        },
                        "ratios.0.1.parquet:md5,dd929c967bc78a650c33eb0885544f50"
                    ]
                ],
                "1": [
                    [
                        "GENORM_EXPRESSION_RATIO",
                        "python",
                        "3.14.3"
                    ]
                ],
                "2": [
                    [
                        "GENORM_EXPRESSION_RATIO",
                        "polars",
                        "1.39.2"
                    ]
                ],
                "data": [
                    [
                        {
                            "section": "section_1",
                            "index_1": 0,
                            "index_2": 1
                        },
                        "ratios.0.1.parquet:md5,dd929c967bc78a650c33eb0885544f50"
                    ]
                ]
            }
        ],
        "timestamp": "2026-08-11T20:07:17.634352264",
        "meta": {
            "nf-test": "0.9.5",
            "nextflow": "26.04.6"
        }
    }
}