{
    "Very small dataset": {
        "content": [
            {
                "0": [
                    [
                        {
                            "dataset": "test"
                        },
                        "counts.cpm.parquet:md5,2cd6ee764e06ca052fe11a41e2818e87"
                    ]
                ],
                "1": [
                    
                ],
                "2": [
                    
                ],
                "3": [
                    [
                        "NORMALISATION_COMPUTE_CPM",
                        "python",
                        "3.14.3"
                    ]
                ],
                "4": [
                    [
                        "NORMALISATION_COMPUTE_CPM",
                        "polars",
                        "1.39.2"
                    ]
                ],
                "counts": [
                    [
                        {
                            "dataset": "test"
                        },
                        "counts.cpm.parquet:md5,2cd6ee764e06ca052fe11a41e2818e87"
                    ]
                ]
            }
        ],
        "timestamp": "2026-06-12T08:12:29.209053648",
        "meta": {
            "nf-test": "0.9.5",
            "nextflow": "25.04.0"
        }
    },
    "One group": {
        "content": [
            {
                "0": [
                    [
                        {
                            "dataset": "accession"
                        },
                        "counts.cpm.parquet:md5,92565ffdb68131e1e218dfcc04a0a056"
                    ]
                ],
                "1": [
                    
                ],
                "2": [
                    
                ],
                "3": [
                    [
                        "NORMALISATION_COMPUTE_CPM",
                        "python",
                        "3.14.3"
                    ]
                ],
                "4": [
                    [
                        "NORMALISATION_COMPUTE_CPM",
                        "polars",
                        "1.39.2"
                    ]
                ],
                "counts": [
                    [
                        {
                            "dataset": "accession"
                        },
                        "counts.cpm.parquet:md5,92565ffdb68131e1e218dfcc04a0a056"
                    ]
                ]
            }
        ],
        "timestamp": "2026-06-12T08:12:47.72673362",
        "meta": {
            "nf-test": "0.9.5",
            "nextflow": "25.04.0"
        }
    },
    "TSV files": {
        "content": [
            {
                "0": [
                    [
                        {
                            "dataset": "accession"
                        },
                        "counts.cpm.parquet:md5,2cd6ee764e06ca052fe11a41e2818e87"
                    ]
                ],
                "1": [
                    
                ],
                "2": [
                    
                ],
                "3": [
                    [
                        "NORMALISATION_COMPUTE_CPM",
                        "python",
                        "3.14.3"
                    ]
                ],
                "4": [
                    [
                        "NORMALISATION_COMPUTE_CPM",
                        "polars",
                        "1.39.2"
                    ]
                ],
                "counts": [
                    [
                        {
                            "dataset": "accession"
                        },
                        "counts.cpm.parquet:md5,2cd6ee764e06ca052fe11a41e2818e87"
                    ]
                ]
            }
        ],
        "timestamp": "2026-06-12T08:12:56.469186276",
        "meta": {
            "nf-test": "0.9.5",
            "nextflow": "25.04.0"
        }
    },
    "Rows with many zeros": {
        "content": [
            {
                "0": [
                    [
                        {
                            "dataset": "test"
                        },
                        "counts.cpm.parquet:md5,b30ef63196202a42a06593b353f13891"
                    ]
                ],
                "1": [
                    
                ],
                "2": [
                    
                ],
                "3": [
                    [
                        "NORMALISATION_COMPUTE_CPM",
                        "python",
                        "3.14.3"
                    ]
                ],
                "4": [
                    [
                        "NORMALISATION_COMPUTE_CPM",
                        "polars",
                        "1.39.2"
                    ]
                ],
                "counts": [
                    [
                        {
                            "dataset": "test"
                        },
                        "counts.cpm.parquet:md5,b30ef63196202a42a06593b353f13891"
                    ]
                ]
            }
        ],
        "timestamp": "2026-06-12T08:12:38.39403833",
        "meta": {
            "nf-test": "0.9.5",
            "nextflow": "25.04.0"
        }
    }
}