{
    "No platform": {
        "content": [
            {
                "0": [
                    "stats_all_genes.csv:md5,db4da5a9d006a3bb2552bc4c3653c894"
                ],
                "1": [
                    [
                        "COMPUTE_BASE_STATISTICS",
                        "python",
                        "3.12.8"
                    ]
                ],
                "2": [
                    [
                        "COMPUTE_BASE_STATISTICS",
                        "polars",
                        "1.17.1"
                    ]
                ],
                "stats": [
                    "stats_all_genes.csv:md5,db4da5a9d006a3bb2552bc4c3653c894"
                ]
            }
        ],
        "meta": {
            "nf-test": "0.9.2",
            "nextflow": "25.04.8"
        },
        "timestamp": "2025-11-08T14:38:59.179553063"
    },
    "RNAseq platform": {
        "content": [
            {
                "0": [
                    "rnaseq.stats_all_genes.csv:md5,dea1294e04f0571cca9d5a8301b2a711"
                ],
                "1": [
                    [
                        "COMPUTE_BASE_STATISTICS",
                        "python",
                        "3.12.8"
                    ]
                ],
                "2": [
                    [
                        "COMPUTE_BASE_STATISTICS",
                        "polars",
                        "1.17.1"
                    ]
                ],
                "stats": [
                    "rnaseq.stats_all_genes.csv:md5,dea1294e04f0571cca9d5a8301b2a711"
                ]
            }
        ],
        "meta": {
            "nf-test": "0.9.2",
            "nextflow": "25.04.8"
        },
        "timestamp": "2025-11-08T14:39:03.817265373"
    }
}