{
    "Exclude / force include accessions + platform + keyword": {
        "content": [
            {
                "0": [
                    [
                        {
                            "dataset": "GSE55951_GPL18429",
                            "design": "GSE55951_GPL18429.microarray.normalised.design.csv:md5,f4872dff0edbe441d1600ffe2b67a25d"
                        },
                        "GSE55951_GPL18429.microarray.normalised.counts.csv:md5,18fd2d728ad2ec5cb78f994f73375144"
                    ]
                ],
                "downloaded_datasets": [
                    [
                        {
                            "dataset": "GSE55951_GPL18429",
                            "design": "GSE55951_GPL18429.microarray.normalised.design.csv:md5,f4872dff0edbe441d1600ffe2b67a25d"
                        },
                        "GSE55951_GPL18429.microarray.normalised.counts.csv:md5,18fd2d728ad2ec5cb78f994f73375144"
                    ]
                ]
            }
        ],
        "meta": {
            "nf-test": "0.9.2",
            "nextflow": "25.04.8"
        },
        "timestamp": "2025-11-19T19:57:27.31062531"
    },
    "Number of Eatlas datasets exceeded threshold + one accession included": {
        "content": [
            {
                "0": [
                    
                ],
                "downloaded_datasets": [
                    
                ]
            }
        ],
        "meta": {
            "nf-test": "0.9.2",
            "nextflow": "25.04.8"
        },
        "timestamp": "2025-11-19T19:45:10.916816453"
    },
    "Number of Eatlas datasets exceeded threshold": {
        "content": [
            {
                "0": [
                    [
                        {
                            "dataset": "GSE55951_GPL18429",
                            "design": "GSE55951_GPL18429.microarray.normalised.design.csv:md5,f4872dff0edbe441d1600ffe2b67a25d",
                            "normalised": true,
                            "platform": "microarray"
                        },
                        "GSE55951_GPL18429.microarray.normalised.counts.csv:md5,18fd2d728ad2ec5cb78f994f73375144"
                    ]
                ],
                "downloaded_datasets": [
                    [
                        {
                            "dataset": "GSE55951_GPL18429",
                            "design": "GSE55951_GPL18429.microarray.normalised.design.csv:md5,f4872dff0edbe441d1600ffe2b67a25d",
                            "normalised": true,
                            "platform": "microarray"
                        },
                        "GSE55951_GPL18429.microarray.normalised.counts.csv:md5,18fd2d728ad2ec5cb78f994f73375144"
                    ]
                ]
            }
        ],
        "meta": {
            "nf-test": "0.9.2",
            "nextflow": "25.04.8"
        },
        "timestamp": "2025-11-19T20:24:45.768801518"
    },
    "Simple run": {
        "content": [
            {
                "0": [
                    [
                        {
                            "dataset": "GSE55951_GPL18429",
                            "design": "GSE55951_GPL18429.microarray.normalised.design.csv:md5,f4872dff0edbe441d1600ffe2b67a25d",
                            "normalised": true,
                            "platform": "microarray"
                        },
                        "GSE55951_GPL18429.microarray.normalised.counts.csv:md5,18fd2d728ad2ec5cb78f994f73375144"
                    ]
                ],
                "downloaded_datasets": [
                    [
                        {
                            "dataset": "GSE55951_GPL18429",
                            "design": "GSE55951_GPL18429.microarray.normalised.design.csv:md5,f4872dff0edbe441d1600ffe2b67a25d",
                            "normalised": true,
                            "platform": "microarray"
                        },
                        "GSE55951_GPL18429.microarray.normalised.counts.csv:md5,18fd2d728ad2ec5cb78f994f73375144"
                    ]
                ]
            }
        ],
        "meta": {
            "nf-test": "0.9.2",
            "nextflow": "25.04.8"
        },
        "timestamp": "2025-11-19T19:47:33.406202342"
    },
    "Accesions only": {
        "content": [
            {
                "0": [
                    
                ],
                "downloaded_datasets": [
                    
                ]
            }
        ],
        "meta": {
            "nf-test": "0.9.2",
            "nextflow": "25.04.8"
        },
        "timestamp": "2025-11-19T19:23:32.005374433"
    },
    "Exclude / force include accessions": {
        "content": [
            {
                "0": [
                    
                ],
                "downloaded_datasets": [
                    
                ]
            }
        ],
        "meta": {
            "nf-test": "0.9.2",
            "nextflow": "25.04.8"
        },
        "timestamp": "2025-11-19T19:23:59.957750144"
    }
}