{
    "Should run without failures": {
        "content": [
            {
                "0": [
                    "cross_join.0.1.parquet:md5,ef1d4777f59bf8c52f05fa37d638989f"
                ],
                "1": [
                    [
                        "CROSS_JOIN",
                        "python",
                        "3.12.8"
                    ]
                ],
                "2": [
                    [
                        "CROSS_JOIN",
                        "polars",
                        "1.17.1"
                    ]
                ],
                "data": [
                    "cross_join.0.1.parquet:md5,ef1d4777f59bf8c52f05fa37d638989f"
                ]
            }
        ],
        "meta": {
            "nf-test": "0.9.2",
            "nextflow": "24.10.3"
        },
        "timestamp": "2025-01-29T15:29:44.996421136"
    }
}