{
    "Should run without failures": {
        "content": [
            {
                "0": [
                    "ratios.parquet:md5,badef669a8a6936fd98ade8729cdba8c"
                ],
                "1": [
                    [
                        "EXPRESSION_RATIO",
                        "python",
                        "3.12.8"
                    ]
                ],
                "2": [
                    [
                        "EXPRESSION_RATIO",
                        "polars",
                        "1.17.1"
                    ]
                ],
                "data": [
                    "ratios.parquet:md5,badef669a8a6936fd98ade8729cdba8c"
                ]
            }
        ],
        "meta": {
            "nf-test": "0.9.2",
            "nextflow": "24.10.3"
        },
        "timestamp": "2025-01-16T11:21:37.333360305"
    }
}